Archive member included to satisfy reference by file (symbol)

c:/sysgcc/arm-eabi/bin/../lib/gcc/arm-none-eabi/12.2.1/thumb/v7e-m+fp/hard\libm.a(libm_a-w_acos.o)
                              VisualGDB/X10_Release/src/GCode.o (acos)
c:/sysgcc/arm-eabi/bin/../lib/gcc/arm-none-eabi/12.2.1/thumb/v7e-m+fp/hard\libm.a(libm_a-s_cos.o)
                              VisualGDB/X10_Release/src/GCode.o (cos)
c:/sysgcc/arm-eabi/bin/../lib/gcc/arm-none-eabi/12.2.1/thumb/v7e-m+fp/hard\libm.a(libm_a-s_fabs.o)
                              c:/sysgcc/arm-eabi/bin/../lib/gcc/arm-none-eabi/12.2.1/thumb/v7e-m+fp/hard\libm.a(libm_a-w_acos.o) (fabs)
c:/sysgcc/arm-eabi/bin/../lib/gcc/arm-none-eabi/12.2.1/thumb/v7e-m+fp/hard\libm.a(libm_a-s_sin.o)
                              VisualGDB/X10_Release/src/GCode.o (sin)
c:/sysgcc/arm-eabi/bin/../lib/gcc/arm-none-eabi/12.2.1/thumb/v7e-m+fp/hard\libm.a(libm_a-s_tan.o)
                              VisualGDB/X10_Release/src/GCode.o (tan)
c:/sysgcc/arm-eabi/bin/../lib/gcc/arm-none-eabi/12.2.1/thumb/v7e-m+fp/hard\libm.a(libm_a-wf_acos.o)
                              VisualGDB/X10_Release/src/GCode.o (acosf)
c:/sysgcc/arm-eabi/bin/../lib/gcc/arm-none-eabi/12.2.1/thumb/v7e-m+fp/hard\libm.a(libm_a-wf_atan2.o)
                              VisualGDB/X10_Release/src/GCode.o (atan2f)
c:/sysgcc/arm-eabi/bin/../lib/gcc/arm-none-eabi/12.2.1/thumb/v7e-m+fp/hard\libm.a(libm_a-wf_fmod.o)
                              VisualGDB/X10_Release/src/GCode.o (fmodf)
c:/sysgcc/arm-eabi/bin/../lib/gcc/arm-none-eabi/12.2.1/thumb/v7e-m+fp/hard\libm.a(libm_a-wf_pow.o)
                              VisualGDB/X10_Release/main.o (powf)
c:/sysgcc/arm-eabi/bin/../lib/gcc/arm-none-eabi/12.2.1/thumb/v7e-m+fp/hard\libm.a(libm_a-sf_cos.o)
                              VisualGDB/X10_Release/src/GCode.o (cosf)
c:/sysgcc/arm-eabi/bin/../lib/gcc/arm-none-eabi/12.2.1/thumb/v7e-m+fp/hard\libm.a(libm_a-sf_fabs.o)
                              c:/sysgcc/arm-eabi/bin/../lib/gcc/arm-none-eabi/12.2.1/thumb/v7e-m+fp/hard\libm.a(libm_a-wf_acos.o) (fabsf)
c:/sysgcc/arm-eabi/bin/../lib/gcc/arm-none-eabi/12.2.1/thumb/v7e-m+fp/hard\libm.a(libm_a-sf_sin.o)
                              VisualGDB/X10_Release/src/GCode.o (sinf)
c:/sysgcc/arm-eabi/bin/../lib/gcc/arm-none-eabi/12.2.1/thumb/v7e-m+fp/hard\libm.a(libm_a-s_nan.o)
                              c:/sysgcc/arm-eabi/bin/../lib/gcc/arm-none-eabi/12.2.1/thumb/v7e-m+fp/hard\libm.a(libm_a-w_acos.o) (nan)
c:/sysgcc/arm-eabi/bin/../lib/gcc/arm-none-eabi/12.2.1/thumb/v7e-m+fp/hard\libm.a(libm_a-sf_finite.o)
                              c:/sysgcc/arm-eabi/bin/../lib/gcc/arm-none-eabi/12.2.1/thumb/v7e-m+fp/hard\libm.a(libm_a-wf_pow.o) (finitef)
c:/sysgcc/arm-eabi/bin/../lib/gcc/arm-none-eabi/12.2.1/thumb/v7e-m+fp/hard\libm.a(libm_a-sf_nan.o)
                              c:/sysgcc/arm-eabi/bin/../lib/gcc/arm-none-eabi/12.2.1/thumb/v7e-m+fp/hard\libm.a(libm_a-wf_acos.o) (nanf)
c:/sysgcc/arm-eabi/bin/../lib/gcc/arm-none-eabi/12.2.1/thumb/v7e-m+fp/hard\libm.a(libm_a-sf_fmax.o)
                              VisualGDB/X10_Release/main.o (fmaxf)
c:/sysgcc/arm-eabi/bin/../lib/gcc/arm-none-eabi/12.2.1/thumb/v7e-m+fp/hard\libm.a(libm_a-sf_fmin.o)
                              VisualGDB/X10_Release/src/MCode.o (fminf)
c:/sysgcc/arm-eabi/bin/../lib/gcc/arm-none-eabi/12.2.1/thumb/v7e-m+fp/hard\libm.a(libm_a-sf_fpclassify.o)
                              c:/sysgcc/arm-eabi/bin/../lib/gcc/arm-none-eabi/12.2.1/thumb/v7e-m+fp/hard\libm.a(libm_a-sf_fmax.o) (__fpclassifyf)
c:/sysgcc/arm-eabi/bin/../lib/gcc/arm-none-eabi/12.2.1/thumb/v7e-m+fp/hard\libm.a(libm_a-s_round.o)
                              VisualGDB/X10_Release/src/MCode.o (round)
c:/sysgcc/arm-eabi/bin/../lib/gcc/arm-none-eabi/12.2.1/thumb/v7e-m+fp/hard\libm.a(libm_a-sf_round.o)
                              VisualGDB/X10_Release/src/GCode.o (roundf)
c:/sysgcc/arm-eabi/bin/../lib/gcc/arm-none-eabi/12.2.1/thumb/v7e-m+fp/hard\libm.a(libm_a-k_cos.o)
                              c:/sysgcc/arm-eabi/bin/../lib/gcc/arm-none-eabi/12.2.1/thumb/v7e-m+fp/hard\libm.a(libm_a-s_cos.o) (__kernel_cos)
c:/sysgcc/arm-eabi/bin/../lib/gcc/arm-none-eabi/12.2.1/thumb/v7e-m+fp/hard\libm.a(libm_a-k_sin.o)
                              c:/sysgcc/arm-eabi/bin/../lib/gcc/arm-none-eabi/12.2.1/thumb/v7e-m+fp/hard\libm.a(libm_a-s_cos.o) (__kernel_sin)
c:/sysgcc/arm-eabi/bin/../lib/gcc/arm-none-eabi/12.2.1/thumb/v7e-m+fp/hard\libm.a(libm_a-k_tan.o)
                              c:/sysgcc/arm-eabi/bin/../lib/gcc/arm-none-eabi/12.2.1/thumb/v7e-m+fp/hard\libm.a(libm_a-s_tan.o) (__kernel_tan)
c:/sysgcc/arm-eabi/bin/../lib/gcc/arm-none-eabi/12.2.1/thumb/v7e-m+fp/hard\libm.a(libm_a-e_acos.o)
                              c:/sysgcc/arm-eabi/bin/../lib/gcc/arm-none-eabi/12.2.1/thumb/v7e-m+fp/hard\libm.a(libm_a-w_acos.o) (__ieee754_acos)
c:/sysgcc/arm-eabi/bin/../lib/gcc/arm-none-eabi/12.2.1/thumb/v7e-m+fp/hard\libm.a(libm_a-e_rem_pio2.o)
[...]
Memory Configuration

Name             Origin             Length             Attributes
rom              0x08000000         0x00100000         xr
ram              0x20000000         0x00020000         xrw
*default*        0x00000000         0xffffffff

Linker script and memory map

LOAD c:/sysgcc/arm-eabi/bin/../lib/gcc/arm-none-eabi/12.2.1/thumb/v7e-m+fp/hard/crti.o
LOAD c:/sysgcc/arm-eabi/bin/../lib/gcc/arm-none-eabi/12.2.1/thumb/v7e-m+fp/hard/crtbegin.o
LOAD c:/sysgcc/arm-eabi/bin/../lib/gcc/arm-none-eabi/12.2.1/thumb/v7e-m+fp/hard/crt0.o
START GROUP
LOAD VisualGDB/X10_Release/cmsis_boot/startup/startup_stm32f4xx.o
LOAD VisualGDB/X10_Release/cmsis_boot/system_stm32f4xx.o
LOAD VisualGDB/X10_Release/cmsis_lib/src/stm32f4xx_adc.o
LOAD VisualGDB/X10_Release/cmsis_lib/src/stm32f4xx_can.o
LOAD VisualGDB/X10_Release/cmsis_lib/src/stm32f4xx_dac.o
LOAD VisualGDB/X10_Release/cmsis_lib/src/stm32f4xx_dma.o
LOAD VisualGDB/X10_Release/cmsis_lib/src/stm32f4xx_exti.o
LOAD VisualGDB/X10_Release/cmsis_lib/src/stm32f4xx_flash.o
LOAD VisualGDB/X10_Release/cmsis_lib/src/stm32f4xx_fsmc.o
LOAD VisualGDB/X10_Release/cmsis_lib/src/stm32f4xx_gpio.o
LOAD VisualGDB/X10_Release/cmsis_lib/src/stm32f4xx_i2c.o
LOAD VisualGDB/X10_Release/cmsis_lib/src/stm32f4xx_it.o
LOAD VisualGDB/X10_Release/cmsis_lib/src/stm32f4xx_iwdg.o
LOAD VisualGDB/X10_Release/cmsis_lib/src/stm32f4xx_misc.o
LOAD VisualGDB/X10_Release/cmsis_lib/src/stm32f4xx_pwr.o
LOAD VisualGDB/X10_Release/cmsis_lib/src/stm32f4xx_rcc.o
LOAD VisualGDB/X10_Release/cmsis_lib/src/stm32f4xx_rtc.o
LOAD VisualGDB/X10_Release/cmsis_lib/src/stm32f4xx_sdio.o
LOAD VisualGDB/X10_Release/cmsis_lib/src/stm32f4xx_spi.o
LOAD VisualGDB/X10_Release/cmsis_lib/src/stm32f4xx_syscfg.o
LOAD VisualGDB/X10_Release/cmsis_lib/src/stm32f4xx_tim.o
LOAD VisualGDB/X10_Release/cmsis_lib/src/stm32f4xx_usart.o
LOAD VisualGDB/X10_Release/common/lcd/controllers/ili9341.o
LOAD VisualGDB/X10_Release/common/lcd/controllers/ssd1306.o
LOAD VisualGDB/X10_Release/common/lcd/controllers/st7735.o
LOAD VisualGDB/X10_Release/common/lcd/fonts/font12.o
LOAD VisualGDB/X10_Release/common/lcd/fonts/font16.o
LOAD VisualGDB/X10_Release/common/lcd/fonts/font20.o
LOAD VisualGDB/X10_Release/common/lcd/fonts/font20_14.o
LOAD VisualGDB/X10_Release/common/lcd/fonts/font22.o
LOAD VisualGDB/X10_Release/common/lcd/fonts/font24.o
LOAD VisualGDB/X10_Release/common/lcd/fonts/font8.o
LOAD VisualGDB/X10_Release/common/lcd/lcd.o
LOAD VisualGDB/X10_Release/common/src/gui.o
LOAD VisualGDB/X10_Release/common/src/hyrel_can.o
LOAD VisualGDB/X10_Release/common/src/pins.o
LOAD VisualGDB/X10_Release/common/src/util.o
LOAD VisualGDB/X10_Release/display/colortables.o
LOAD VisualGDB/X10_Release/display/display.o
LOAD VisualGDB/X10_Release/display/DisplayList.o
LOAD VisualGDB/X10_Release/display/gui.o
LOAD VisualGDB/X10_Release/display/lcdspi_4xx.o
LOAD VisualGDB/X10_Release/display/st7789.o
LOAD VisualGDB/X10_Release/main.o
LOAD VisualGDB/X10_Release/src/adc.o
LOAD VisualGDB/X10_Release/src/adc_table.o
LOAD VisualGDB/X10_Release/src/bootloader.o
LOAD VisualGDB/X10_Release/src/cruftyCode.o
LOAD VisualGDB/X10_Release/src/diags.o
LOAD VisualGDB/X10_Release/src/display.o
LOAD VisualGDB/X10_Release/src/GCode.o
LOAD VisualGDB/X10_Release/src/HardwareInit.o
LOAD VisualGDB/X10_Release/src/headSetup.o
LOAD VisualGDB/X10_Release/src/Hydra_can.o
LOAD VisualGDB/X10_Release/src/mailbox.o
LOAD VisualGDB/X10_Release/src/MCode.o
LOAD VisualGDB/X10_Release/src/MotorDrivers.o
LOAD VisualGDB/X10_Release/src/pinInit.o
LOAD VisualGDB/X10_Release/src/pnp.o
LOAD VisualGDB/X10_Release/src/Serial.o
LOAD VisualGDB/X10_Release/sysmem.o
LOAD VisualGDB/X10_Release/usb_lib/src/usbd_cdc_core.o
LOAD VisualGDB/X10_Release/usb_lib/src/usbd_cdc_vcp.o
LOAD VisualGDB/X10_Release/usb_lib/src/usbd_core.o
LOAD VisualGDB/X10_Release/usb_lib/src/usbd_desc.o
LOAD VisualGDB/X10_Release/usb_lib/src/usbd_ioreq.o
LOAD VisualGDB/X10_Release/usb_lib/src/usbd_req.o
LOAD VisualGDB/X10_Release/usb_lib/src/usbd_usr.o
LOAD VisualGDB/X10_Release/usb_lib/src/usb_bsp.o
LOAD VisualGDB/X10_Release/usb_lib/src/usb_core.o
LOAD VisualGDB/X10_Release/usb_lib/src/usb_dcd.o
LOAD VisualGDB/X10_Release/usb_lib/src/usb_dcd_int.o
END GROUP
LOAD c:/sysgcc/arm-eabi/bin/../lib/gcc/arm-none-eabi/12.2.1/thumb/v7e-m+fp/hard\libstdc++_nano.a
LOAD c:/sysgcc/arm-eabi/bin/../lib/gcc/arm-none-eabi/12.2.1/thumb/v7e-m+fp/hard\libm.a
START GROUP
LOAD c:/sysgcc/arm-eabi/bin/../lib/gcc/arm-none-eabi/12.2.1/thumb/v7e-m+fp/hard\libgcc.a
LOAD c:/sysgcc/arm-eabi/bin/../lib/gcc/arm-none-eabi/12.2.1/thumb/v7e-m+fp/hard\libc_nano.a
END GROUP
START GROUP
LOAD c:/sysgcc/arm-eabi/bin/../lib/gcc/arm-none-eabi/12.2.1/thumb/v7e-m+fp/hard\libgcc.a
LOAD c:/sysgcc/arm-eabi/bin/../lib/gcc/arm-none-eabi/12.2.1/thumb/v7e-m+fp/hard\libc_nano.a
LOAD c:/sysgcc/arm-eabi/bin/../lib/gcc/arm-none-eabi/12.2.1/thumb/v7e-m+fp/hard\libnosys.a
END GROUP
START GROUP
LOAD c:/sysgcc/arm-eabi/bin/../lib/gcc/arm-none-eabi/12.2.1/thumb/v7e-m+fp/hard\libgcc.a
LOAD c:/sysgcc/arm-eabi/bin/../lib/gcc/arm-none-eabi/12.2.1/thumb/v7e-m+fp/hard\libc_nano.a
LOAD c:/sysgcc/arm-eabi/bin/../lib/gcc/arm-none-eabi/12.2.1/thumb/v7e-m+fp/hard\libnosys.a
END GROUP
LOAD c:/sysgcc/arm-eabi/bin/../lib/gcc/arm-none-eabi/12.2.1/thumb/v7e-m+fp/hard/crtend.o
LOAD c:/sysgcc/arm-eabi/bin/../lib/gcc/arm-none-eabi/12.2.1/thumb/v7e-m+fp/hard/crtn.o
                0x20020000                        _eram = 0x20020000

.text           0x08000000    0x4d840
 *(.isr_vector .isr_vector.*)
 .isr_vector    0x08000000      0x188 VisualGDB/X10_Release/cmsis_boot/startup/startup_stm32f4xx.o
                0x08000000                g_pfnVectors
 *(.text .text.* .gnu.linkonce.t.*)
 .text.Default_Handler
                0x08000188       0x14 VisualGDB/X10_Release/cmsis_boot/startup/startup_stm32f4xx.o
                0x08000188                RTC_Alarm_IRQHandler
                0x08000188                HASH_RNG_IRQHandler
                0x08000188                TIM8_CC_IRQHandler
                0x08000188                TIM1_CC_IRQHandler
                0x08000188                DMA2_Stream5_IRQHandler
                0x08000188                DMA1_Stream5_IRQHandler
                0x08000188                PVD_IRQHandler
                0x08000188                SDIO_IRQHandler
                0x08000188                TAMP_STAMP_IRQHandler
                0x08000188                CAN2_RX1_IRQHandler
                0x08000188                I2C3_ER_IRQHandler
                0x08000188                I2C2_EV_IRQHandler
                0x08000188                DMA1_Stream2_IRQHandler
                0x08000188                CAN1_RX0_IRQHandler
                0x08000188                FPU_IRQHandler
                0x08000188                OTG_HS_WKUP_IRQHandler
                0x08000188                CAN2_SCE_IRQHandler
                0x08000188                DMA2_Stream2_IRQHandler
                0x08000188                SPI1_IRQHandler
                0x08000188                DCMI_IRQHandler
                0x08000188                CAN2_RX0_IRQHandler
                0x08000188                DMA2_Stream3_IRQHandler
                0x08000188                CRYP_IRQHandler
                0x08000188                CAN1_RX1_IRQHandler
                0x08000188                UART5_IRQHandler
                0x08000188                DMA2_Stream0_IRQHandler
                0x08000188                I2C1_EV_IRQHandler
                0x08000188                DMA1_Stream6_IRQHandler
                0x08000188                DMA1_Stream1_IRQHandler
                0x08000188                RCC_IRQHandler
                0x08000188                ADC_IRQHandler
                0x08000188                DMA1_Stream7_IRQHandler
                0x08000188                CAN2_TX_IRQHandler
                0x08000188                DMA2_Stream7_IRQHandler
                0x08000188                I2C3_EV_IRQHandler
                0x08000188                RTC_WKUP_IRQHandler
                0x08000188                ETH_WKUP_IRQHandler
                0x08000188                SPI2_IRQHandler
                0x08000188                OTG_HS_EP1_IN_IRQHandler
                0x08000188                DMA1_Stream0_IRQHandler
                0x08000188                CAN1_TX_IRQHandler
                0x08000188                FSMC_IRQHandler
                0x08000188                ETH_IRQHandler
                0x08000188                OTG_HS_EP1_OUT_IRQHandler
                0x08000188                WWDG_IRQHandler
                0x08000188                OTG_HS_IRQHandler
                0x08000188                USART2_IRQHandler
                0x08000188                I2C2_ER_IRQHandler
                0x08000188                DMA2_Stream1_IRQHandler
                0x08000188                CAN1_SCE_IRQHandler
                0x08000188                FLASH_IRQHandler
                0x08000188                DMA2_Stream4_IRQHandler
                0x08000188                USART1_IRQHandler
                0x08000188                SPI3_IRQHandler
                0x08000188                DMA1_Stream4_IRQHandler
                0x08000188                I2C1_ER_IRQHandler
                0x08000188                DMA2_Stream6_IRQHandler
                0x08000188                DMA1_Stream3_IRQHandler
 .text.SystemInit
                0x0800019c       0x6c VisualGDB/X10_Release/cmsis_boot/system_stm32f4xx.o
                0x0800019c                SystemInit
 .text.SetSysClock
                0x08000208      0x104 VisualGDB/X10_Release/cmsis_boot/system_stm32f4xx.o
 .text.ADC_DeInit
                0x0800030c       0x1c VisualGDB/X10_Release/cmsis_lib/src/stm32f4xx_adc.o
                0x0800030c                ADC_DeInit
 .text.ADC_Init
                0x08000328       0xac VisualGDB/X10_Release/cmsis_lib/src/stm32f4xx_adc.o
                0x08000328                ADC_Init
 .text.ADC_CommonInit
                0x080003d4       0x50 VisualGDB/X10_Release/cmsis_lib/src/stm32f4xx_adc.o
                0x080003d4                ADC_CommonInit
 .text.ADC_Cmd  0x08000424       0x38 VisualGDB/X10_Release/cmsis_lib/src/stm32f4xx_adc.o
                0x08000424                ADC_Cmd
 .text.ADC_RegularChannelConfig
                0x0800045c      0x194 VisualGDB/X10_Release/cmsis_lib/src/stm32f4xx_adc.o
                0x0800045c                ADC_RegularChannelConfig
 .text.ADC_SoftwareStartConv
                0x080005f0       0x20 VisualGDB/X10_Release/cmsis_lib/src/stm32f4xx_adc.o
                0x080005f0                ADC_SoftwareStartConv
 .text.ADC_DMACmd
                0x08000610       0x38 VisualGDB/X10_Release/cmsis_lib/src/stm32f4xx_adc.o
                0x08000610                ADC_DMACmd
 .text.ADC_DMARequestAfterLastTransferCmd
                0x08000648       0x38 VisualGDB/X10_Release/cmsis_lib/src/stm32f4xx_adc.o
                0x08000648                ADC_DMARequestAfterLastTransferCmd
 .text.CAN_Init
                0x08000680      0x1a2 VisualGDB/X10_Release/cmsis_lib/src/stm32f4xx_can.o
                0x08000680                CAN_Init
 *fill*         0x08000822        0x2 
 .text.CAN_FilterInit
                0x08000824      0x184 VisualGDB/X10_Release/cmsis_lib/src/stm32f4xx_can.o
                0x08000824                CAN_FilterInit
 .text.CAN_StructInit
                0x080009a8       0x56 VisualGDB/X10_Release/cmsis_lib/src/stm32f4xx_can.o
                0x080009a8                CAN_StructInit
 *fill*         0x080009fe        0x2 
 .text.DMA_Init
                0x08000a00       0xb0 VisualGDB/X10_Release/cmsis_lib/src/stm32f4xx_dma.o
                0x08000a00                DMA_Init
 .text.DMA_Cmd  0x08000ab0       0x38 VisualGDB/X10_Release/cmsis_lib/src/stm32f4xx_dma.o
                0x08000ab0                DMA_Cmd
 .text.EXTI_DeInit
                0x08000ae8       0x34 VisualGDB/X10_Release/cmsis_lib/src/stm32f4xx_exti.o
                0x08000ae8                EXTI_DeInit
 .text.EXTI_Init
                0x08000b1c       0xe4 VisualGDB/X10_Release/cmsis_lib/src/stm32f4xx_exti.o
                0x08000b1c                EXTI_Init
 .text.EXTI_GetITStatus
                0x08000c00       0x48 VisualGDB/X10_Release/cmsis_lib/src/stm32f4xx_exti.o
                0x08000c00                EXTI_GetITStatus
 .text.EXTI_ClearITPendingBit
                0x08000c48       0x20 VisualGDB/X10_Release/cmsis_lib/src/stm32f4xx_exti.o
                0x08000c48                EXTI_ClearITPendingBit
 .text.FLASH_Unlock
                0x08000c68       0x30 VisualGDB/X10_Release/cmsis_lib/src/stm32f4xx_flash.o
                0x08000c68                FLASH_Unlock
 .text.FLASH_Lock
                0x08000c98       0x20 VisualGDB/X10_Release/cmsis_lib/src/stm32f4xx_flash.o
                0x08000c98                FLASH_Lock
 .text.FLASH_EraseSector
                0x08000cb8       0xc0 VisualGDB/X10_Release/cmsis_lib/src/stm32f4xx_flash.o
                0x08000cb8                FLASH_EraseSector
 .text.FLASH_ProgramWord
                0x08000d78       0x68 VisualGDB/X10_Release/cmsis_lib/src/stm32f4xx_flash.o
                0x08000d78                FLASH_ProgramWord
 .text.FLASH_ProgramByte
                0x08000de0       0x68 VisualGDB/X10_Release/cmsis_lib/src/stm32f4xx_flash.o
                0x08000de0                FLASH_ProgramByte
 .text.FLASH_GetStatus
                0x08000e48       0x6c VisualGDB/X10_Release/cmsis_lib/src/stm32f4xx_flash.o
                0x08000e48                FLASH_GetStatus
 .text.FLASH_WaitForLastOperation
                0x08000eb4       0x30 VisualGDB/X10_Release/cmsis_lib/src/stm32f4xx_flash.o
                0x08000eb4                FLASH_WaitForLastOperation
 .text.GPIO_Init
                0x08000ee4      0x11e VisualGDB/X10_Release/cmsis_lib/src/stm32f4xx_gpio.o
                0x08000ee4                GPIO_Init
 .text.GPIO_ReadInputDataBit
                0x08001002       0x34 VisualGDB/X10_Release/cmsis_lib/src/stm32f4xx_gpio.o
                0x08001002                GPIO_ReadInputDataBit
 .text.GPIO_PinAFConfig
                0x08001036       0x92 VisualGDB/X10_Release/cmsis_lib/src/stm32f4xx_gpio.o
                0x08001036                GPIO_PinAFConfig
 .text.NMI_Handler
                0x080010c8       0x14 VisualGDB/X10_Release/cmsis_lib/src/stm32f4xx_it.o
                0x080010c8                NMI_Handler
 .text.HardFault_Handler
                0x080010dc       0x14 VisualGDB/X10_Release/cmsis_lib/src/stm32f4xx_it.o
                0x080010dc                HardFault_Handler
 .text.MemManage_Handler
                0x080010f0       0x14 VisualGDB/X10_Release/cmsis_lib/src/stm32f4xx_it.o
                0x080010f0                MemManage_Handler
 .text.BusFault_Handler
                0x08001104       0x14 VisualGDB/X10_Release/cmsis_lib/src/stm32f4xx_it.o
                0x08001104                BusFault_Handler
 .text.UsageFault_Handler
                0x08001118       0x14 VisualGDB/X10_Release/cmsis_lib/src/stm32f4xx_it.o
                0x08001118                UsageFault_Handler
 .text.SVC_Handler
                0x0800112c       0x14 VisualGDB/X10_Release/cmsis_lib/src/stm32f4xx_it.o
                0x0800112c                SVC_Handler
 .text.DebugMon_Handler
                0x08001140        0xe VisualGDB/X10_Release/cmsis_lib/src/stm32f4xx_it.o
                0x08001140                DebugMon_Handler
 .text.PendSV_Handler
                0x0800114e        0xe VisualGDB/X10_Release/cmsis_lib/src/stm32f4xx_it.o
                0x0800114e                PendSV_Handler
 .text.IWDG_ReloadCounter
                0x0800115c       0x1c VisualGDB/X10_Release/cmsis_lib/src/stm32f4xx_iwdg.o
                0x0800115c                IWDG_ReloadCounter
 .text.NVIC_PriorityGroupConfig
                0x08001178       0x28 VisualGDB/X10_Release/cmsis_lib/src/stm32f4xx_misc.o
                0x08001178                NVIC_PriorityGroupConfig
 .text.NVIC_Init
                0x080011a0       0xd0 VisualGDB/X10_Release/cmsis_lib/src/stm32f4xx_misc.o
                0x080011a0                NVIC_Init
 .text.NVIC_SetVectorTable
                0x08001270       0x2c VisualGDB/X10_Release/cmsis_lib/src/stm32f4xx_misc.o
                0x08001270                NVIC_SetVectorTable
 .text.RCC_GetClocksFreq
                0x0800129c      0x15c VisualGDB/X10_Release/cmsis_lib/src/stm32f4xx_rcc.o
                0x0800129c                RCC_GetClocksFreq
 .text.RCC_AHB1PeriphClockCmd
                0x080013f8       0x40 VisualGDB/X10_Release/cmsis_lib/src/stm32f4xx_rcc.o
                0x080013f8                RCC_AHB1PeriphClockCmd
 .text.RCC_APB1PeriphClockCmd
                0x08001438       0x40 VisualGDB/X10_Release/cmsis_lib/src/stm32f4xx_rcc.o
                0x08001438                RCC_APB1PeriphClockCmd
 .text.RCC_APB1PeriphResetCmd
                0x08001478       0x40 VisualGDB/X10_Release/cmsis_lib/src/stm32f4xx_rcc.o
                0x08001478                RCC_APB1PeriphResetCmd
 .text.RCC_APB2PeriphResetCmd
                0x080014b8       0x40 VisualGDB/X10_Release/cmsis_lib/src/stm32f4xx_rcc.o
                0x080014b8                RCC_APB2PeriphResetCmd
 .text.RCC_GetFlagStatus
                0x080014f8       0x74 VisualGDB/X10_Release/cmsis_lib/src/stm32f4xx_rcc.o
                0x080014f8                RCC_GetFlagStatus
 .text.RCC_ClearFlag
                0x0800156c       0x20 VisualGDB/X10_Release/cmsis_lib/src/stm32f4xx_rcc.o
                0x0800156c                RCC_ClearFlag
 .text.SPI_Init
                0x0800158c       0x88 VisualGDB/X10_Release/cmsis_lib/src/stm32f4xx_spi.o
                0x0800158c                SPI_Init
 .text.SPI_StructInit
                0x08001614       0x4a VisualGDB/X10_Release/cmsis_lib/src/stm32f4xx_spi.o
                0x08001614                SPI_StructInit
 .text.SPI_Cmd  0x0800165e       0x40 VisualGDB/X10_Release/cmsis_lib/src/stm32f4xx_spi.o
                0x0800165e                SPI_Cmd
 *fill*         0x0800169e        0x2 
 .text.SYSCFG_EXTILineConfig
                0x080016a0       0x84 VisualGDB/X10_Release/cmsis_lib/src/stm32f4xx_syscfg.o
                0x080016a0                SYSCFG_EXTILineConfig
 .text.TIM_TimeBaseInit
                0x08001724       0xd8 VisualGDB/X10_Release/cmsis_lib/src/stm32f4xx_tim.o
                0x08001724                TIM_TimeBaseInit
 .text.TIM_TimeBaseStructInit
                0x080017fc       0x34 VisualGDB/X10_Release/cmsis_lib/src/stm32f4xx_tim.o
                0x080017fc                TIM_TimeBaseStructInit
 .text.TIM_UpdateRequestConfig
                0x08001830       0x40 VisualGDB/X10_Release/cmsis_lib/src/stm32f4xx_tim.o
                0x08001830                TIM_UpdateRequestConfig
 .text.TIM_ARRPreloadConfig
                0x08001870       0x40 VisualGDB/X10_Release/cmsis_lib/src/stm32f4xx_tim.o
                0x08001870                TIM_ARRPreloadConfig
 .text.TIM_Cmd  0x080018b0       0x40 VisualGDB/X10_Release/cmsis_lib/src/stm32f4xx_tim.o
                0x080018b0                TIM_Cmd
 .text.TIM_OC2Init
                0x080018f0      0x110 VisualGDB/X10_Release/cmsis_lib/src/stm32f4xx_tim.o
                0x080018f0                TIM_OC2Init
 .text.TIM_OC3Init
                0x08001a00      0x10c VisualGDB/X10_Release/cmsis_lib/src/stm32f4xx_tim.o
                0x08001a00                TIM_OC3Init
 .text.TIM_OC4Init
                0x08001b0c       0xd0 VisualGDB/X10_Release/cmsis_lib/src/stm32f4xx_tim.o
                0x08001b0c                TIM_OC4Init
 .text.TIM_OCStructInit
                0x08001bdc       0x44 VisualGDB/X10_Release/cmsis_lib/src/stm32f4xx_tim.o
                0x08001bdc                TIM_OCStructInit
 .text.TIM_OC2PreloadConfig
                0x08001c20       0x3c VisualGDB/X10_Release/cmsis_lib/src/stm32f4xx_tim.o
                0x08001c20                TIM_OC2PreloadConfig
 .text.TIM_OC3PreloadConfig
                0x08001c5c       0x38 VisualGDB/X10_Release/cmsis_lib/src/stm32f4xx_tim.o
                0x08001c5c                TIM_OC3PreloadConfig
 .text.TIM_OC4PreloadConfig
                0x08001c94       0x3c VisualGDB/X10_Release/cmsis_lib/src/stm32f4xx_tim.o
                0x08001c94                TIM_OC4PreloadConfig
 .text.TIM_GetCapture4
                0x08001cd0       0x18 VisualGDB/X10_Release/cmsis_lib/src/stm32f4xx_tim.o
                0x08001cd0                TIM_GetCapture4
 .text.TIM_CtrlPWMOutputs
                0x08001ce8       0x4c VisualGDB/X10_Release/cmsis_lib/src/stm32f4xx_tim.o
                0x08001ce8                TIM_CtrlPWMOutputs
 .text.TIM_ITConfig
                0x08001d34       0x48 VisualGDB/X10_Release/cmsis_lib/src/stm32f4xx_tim.o
                0x08001d34                TIM_ITConfig
 .text.TIM_GetITStatus
                0x08001d7c       0x54 VisualGDB/X10_Release/cmsis_lib/src/stm32f4xx_tim.o
                0x08001d7c                TIM_GetITStatus
 .text.TIM_ClearITPendingBit
                0x08001dd0       0x22 VisualGDB/X10_Release/cmsis_lib/src/stm32f4xx_tim.o
                0x08001dd0                TIM_ClearITPendingBit
 .text.TIM_ETRClockMode1Config
                0x08001df2       0x5e VisualGDB/X10_Release/cmsis_lib/src/stm32f4xx_tim.o
                0x08001df2                TIM_ETRClockMode1Config
 .text.TIM_ETRConfig
                0x08001e50       0x54 VisualGDB/X10_Release/cmsis_lib/src/stm32f4xx_tim.o
                0x08001e50                TIM_ETRConfig
 .text.TIM_EncoderInterfaceConfig
                0x08001ea4       0x98 VisualGDB/X10_Release/cmsis_lib/src/stm32f4xx_tim.o
                0x08001ea4                TIM_EncoderInterfaceConfig
 .text.USART_Init
                0x08001f3c      0x174 VisualGDB/X10_Release/cmsis_lib/src/stm32f4xx_usart.o
                0x08001f3c                USART_Init
 .text.USART_Cmd
                0x080020b0       0x40 VisualGDB/X10_Release/cmsis_lib/src/stm32f4xx_usart.o
                0x080020b0                USART_Cmd
 .text.USART_ITConfig
                0x080020f0       0x90 VisualGDB/X10_Release/cmsis_lib/src/stm32f4xx_usart.o
                0x080020f0                USART_ITConfig
 .text.USART_GetFlagStatus
                0x08002180       0x38 VisualGDB/X10_Release/cmsis_lib/src/stm32f4xx_usart.o
                0x08002180                USART_GetFlagStatus
 .text.calculateChecksum32
                0x080021b8       0x50 VisualGDB/X10_Release/common/src/hyrel_can.o
                0x080021b8                calculateChecksum32
 .text.canIsValidAlias
                0x08002208       0x70 VisualGDB/X10_Release/common/src/hyrel_can.o
                0x08002208                canIsValidAlias
 .text.canMsgIdToNumBytes
                0x08002278      0x114 VisualGDB/X10_Release/common/src/hyrel_can.o
                0x08002278                canMsgIdToNumBytes
 .text.canCheckCanStruct
                0x0800238c       0xb8 VisualGDB/X10_Release/common/src/hyrel_can.o
                0x0800238c                canCheckCanStruct
 .text.canTransmitOpenMailbox
                0x08002444       0x44 VisualGDB/X10_Release/common/src/hyrel_can.o
                0x08002444                canTransmitOpenMailbox
 .text.canTransmit
                0x08002488      0x1d8 VisualGDB/X10_Release/common/src/hyrel_can.o
                0x08002488                canTransmit
 .text.canTransmitSwPacket
                0x08002660       0xb0 VisualGDB/X10_Release/common/src/hyrel_can.o
                0x08002660                canTransmitSwPacket
 .text.updateTxQueueIndices
                0x08002710       0x60 VisualGDB/X10_Release/common/src/hyrel_can.o
                0x08002710                updateTxQueueIndices
 .text.checkForCanTransmitErrors
                0x08002770      0x11c VisualGDB/X10_Release/common/src/hyrel_can.o
                0x08002770                checkForCanTransmitErrors
 .text.canProcessTxQueue
                0x0800288c       0xd4 VisualGDB/X10_Release/common/src/hyrel_can.o
                0x0800288c                canProcessTxQueue
 .text.canGetTxQueueNextInPtr
                0x08002960       0x5c VisualGDB/X10_Release/common/src/hyrel_can.o
                0x08002960                canGetTxQueueNextInPtr
 .text.canFillOutCanStruct
                0x080029bc       0x98 VisualGDB/X10_Release/common/src/hyrel_can.o
                0x080029bc                canFillOutCanStruct
 .text.canAddToTxQueue
                0x08002a54      0x19c VisualGDB/X10_Release/common/src/hyrel_can.o
                0x08002a54                canAddToTxQueue
 .text.WriteExtrusionCommandtoTxQue
                0x08002bf0       0x48 VisualGDB/X10_Release/common/src/hyrel_can.o
                0x08002bf0                WriteExtrusionCommandtoTxQue
 .text.canPackIntoTxQueue1x32
                0x08002c38       0x9a VisualGDB/X10_Release/common/src/hyrel_can.o
                0x08002c38                canPackIntoTxQueue1x32
 .text.canPackIntoTxQueue2x32
                0x08002cd2       0x9a VisualGDB/X10_Release/common/src/hyrel_can.o
                0x08002cd2                canPackIntoTxQueue2x32
 .text.canPackIntoTxQueue1x32_2x16
                0x08002d6c       0xa0 VisualGDB/X10_Release/common/src/hyrel_can.o
                0x08002d6c                canPackIntoTxQueue1x32_2x16
 .text.canPackIntoTxQueue1x16
                0x08002e0c       0xa6 VisualGDB/X10_Release/common/src/hyrel_can.o
                0x08002e0c                canPackIntoTxQueue1x16
 .text.canPackIntoTxQueue2x16
                0x08002eb2       0xa6 VisualGDB/X10_Release/common/src/hyrel_can.o
                0x08002eb2                canPackIntoTxQueue2x16
 .text.canPackIntoTxQueue3x16
                0x08002f58       0xa6 VisualGDB/X10_Release/common/src/hyrel_can.o
                0x08002f58                canPackIntoTxQueue3x16
 .text.canPackIntoTxQueue4x16
                0x08002ffe       0xa6 VisualGDB/X10_Release/common/src/hyrel_can.o
                0x08002ffe                canPackIntoTxQueue4x16
 .text.canPackIntoTxQueue1x8
                0x080030a4       0x96 VisualGDB/X10_Release/common/src/hyrel_can.o
                0x080030a4                canPackIntoTxQueue1x8
 .text.canPackIntoTxQueue8x8
                0x0800313a       0x9a VisualGDB/X10_Release/common/src/hyrel_can.o
                0x0800313a                canPackIntoTxQueue8x8
 .text.canPackIntoTxQueueNoData
                0x080031d4       0x8e VisualGDB/X10_Release/common/src/hyrel_can.o
                0x080031d4                canPackIntoTxQueueNoData
 .text.canGetMailboxData
                0x08003262       0x36 VisualGDB/X10_Release/common/src/hyrel_can.o
                0x08003262                canGetMailboxData
 .text.canMsgWaitingFifo0
                0x08003298       0x28 VisualGDB/X10_Release/common/src/hyrel_can.o
                0x08003298                canMsgWaitingFifo0
 .text.canMsgWaitingFifo1
                0x080032c0       0x28 VisualGDB/X10_Release/common/src/hyrel_can.o
                0x080032c0                canMsgWaitingFifo1
 .text.canReceiveFifo0
                0x080032e8       0x40 VisualGDB/X10_Release/common/src/hyrel_can.o
                0x080032e8                canReceiveFifo0
 .text.canReceiveFifo1
                0x08003328       0x40 VisualGDB/X10_Release/common/src/hyrel_can.o
                0x08003328                canReceiveFifo1
 .text.canAddToImmediateRxQueue
                0x08003368       0xe0 VisualGDB/X10_Release/common/src/hyrel_can.o
                0x08003368                canAddToImmediateRxQueue
 .text.canAddToRxQueue
                0x08003448      0x3e4 VisualGDB/X10_Release/common/src/hyrel_can.o
                0x08003448                canAddToRxQueue
 .text.canPrepNextRx
                0x0800382c       0xd8 VisualGDB/X10_Release/common/src/hyrel_can.o
                0x0800382c                canPrepNextRx
 .text.canReceiveString
                0x08003904       0x96 VisualGDB/X10_Release/common/src/hyrel_can.o
                0x08003904                canReceiveString
 .text.canProcessTxQueueNoReturn
                0x0800399a        0xc VisualGDB/X10_Release/common/src/hyrel_can.o
                0x0800399a                canProcessTxQueueNoReturn
 *fill*         0x080039a6        0x2 
 .text.pinExtractPortPtr
                0x080039a8       0xa8 VisualGDB/X10_Release/common/src/pins.o
                0x080039a8                pinExtractPortPtr
 .text.pinInit  0x08003a50       0xce VisualGDB/X10_Release/common/src/pins.o
                0x08003a50                pinInit
 .text.pinClear
                0x08003b1e       0x34 VisualGDB/X10_Release/common/src/pins.o
                0x08003b1e                pinClear
 .text.pinSet   0x08003b52       0x34 VisualGDB/X10_Release/common/src/pins.o
                0x08003b52                pinSet
 .text.pinWrite
                0x08003b86       0x30 VisualGDB/X10_Release/common/src/pins.o
                0x08003b86                pinWrite
 .text.pinRead  0x08003bb6       0x36 VisualGDB/X10_Release/common/src/pins.o
                0x08003bb6                pinRead
 .text.initClkAndResetAPB1
                0x08003bec       0x4c VisualGDB/X10_Release/common/src/util.o
                0x08003bec                initClkAndResetAPB1
 .text.initClkAndResetAPB2
                0x08003c38       0x4c VisualGDB/X10_Release/common/src/util.o
                0x08003c38                initClkAndResetAPB2
 .text.interruptSetupAndDisable
                0x08003c84       0x32 VisualGDB/X10_Release/common/src/util.o
                0x08003c84                interruptSetupAndDisable
 .text.interruptSetupAndEnable
                0x08003cb6       0x32 VisualGDB/X10_Release/common/src/util.o
                0x08003cb6                interruptSetupAndEnable
 .text.imin     0x08003ce8       0x24 VisualGDB/X10_Release/common/src/util.o
                0x08003ce8                imin
 .text.imax     0x08003d0c       0x24 VisualGDB/X10_Release/common/src/util.o
                0x08003d0c                imax
 .text.iFitWithinRange
                0x08003d30       0x32 VisualGDB/X10_Release/common/src/util.o
                0x08003d30                iFitWithinRange
 .text.fFitWithinRange
                0x08003d62       0x52 VisualGDB/X10_Release/common/src/util.o
                0x08003d62                fFitWithinRange
 .text.delayUsec
                0x08003db4       0x2a VisualGDB/X10_Release/common/src/util.o
                0x08003db4                delayUsec
 .text.delayMsec
                0x08003dde       0x2e VisualGDB/X10_Release/common/src/util.o
                0x08003dde                delayMsec
 .text.interruptsOff
                0x08003e0c       0x28 VisualGDB/X10_Release/common/src/util.o
                0x08003e0c                interruptsOff
 .text.interruptsOn
                0x08003e34       0x1e VisualGDB/X10_Release/common/src/util.o
                0x08003e34                interruptsOn
 .text.fpu_sqrtf
                0x08003e52       0x1e VisualGDB/X10_Release/common/src/util.o
                0x08003e52                fpu_sqrtf
 .text.getPidMethodStr
                0x08003e70       0xc4 VisualGDB/X10_Release/common/src/util.o
                0x08003e70                getPidMethodStr
 .text.WriteGuiBuffer
                0x08003f34       0x20 VisualGDB/X10_Release/display/display.o
                0x08003f34                WriteGuiBuffer
 .text.Format_Int32
                0x08003f54       0x70 VisualGDB/X10_Release/display/display.o
                0x08003f54                Format_Int32
 .text.Format_Int16
                0x08003fc4       0x70 VisualGDB/X10_Release/display/display.o
                0x08003fc4                Format_Int16
 .text.Format_Hex8
                0x08004034       0x70 VisualGDB/X10_Release/display/display.o
                0x08004034                Format_Hex8
 .text.Format_Hex16
                0x080040a4       0x70 VisualGDB/X10_Release/display/display.o
                0x080040a4                Format_Hex16
 .text.Format_Hex32
                0x08004114       0x70 VisualGDB/X10_Release/display/display.o
                0x08004114                Format_Hex32
 .text.Format_Title
                0x08004184       0x7c VisualGDB/X10_Release/display/display.o
                0x08004184                Format_Title
 .text.Format_Ascii
                0x08004200       0x70 VisualGDB/X10_Release/display/display.o
                0x08004200                Format_Ascii
 .text.Format_Float3_3
                0x08004270       0x78 VisualGDB/X10_Release/display/display.o
                0x08004270                Format_Float3_3
 .text.Format_Float_QueVar
                0x080042e8       0x1a VisualGDB/X10_Release/display/display.o
                0x080042e8                Format_Float_QueVar
 *fill*         0x08004302        0x2 
 .text.Format_MemoryDumpAscii
                0x08004304       0xdc VisualGDB/X10_Release/display/display.o
                0x08004304                Format_MemoryDumpAscii
 .text.Format_MemoryDisplayAscii
                0x080043e0       0xc0 VisualGDB/X10_Release/display/display.o
                0x080043e0                Format_MemoryDisplayAscii
 .text.Format_MemoryDisplayAsciiHex
                0x080044a0       0xe8 VisualGDB/X10_Release/display/display.o
                0x080044a0                Format_MemoryDisplayAsciiHex
 .text.Format_MemoryDumpHex
                0x08004588       0x9c VisualGDB/X10_Release/display/display.o
                0x08004588                Format_MemoryDumpHex
 .text.Format_Boolean
                0x08004624       0x84 VisualGDB/X10_Release/display/display.o
                0x08004624                Format_Boolean
 .text.Format_Bar_Dutty
                0x080046a8      0x140 VisualGDB/X10_Release/display/display.o
                0x080046a8                Format_Bar_Dutty
 .text.Format_Bar_Status
                0x080047e8       0xc0 VisualGDB/X10_Release/display/display.o
                0x080047e8                Format_Bar_Status
 .text.Format_Bar_Float
                0x080048a8      0x130 VisualGDB/X10_Release/display/display.o
                0x080048a8                Format_Bar_Float
 .text.Format_SoapStringWithIndex
                0x080049d8      0x104 VisualGDB/X10_Release/display/display.o
                0x080049d8                Format_SoapStringWithIndex
 .text.Format_MotorStatus
                0x08004adc       0xb4 VisualGDB/X10_Release/display/display.o
                0x08004adc                Format_MotorStatus
 .text.UpdateScreen
                0x08004b90      0x348 VisualGDB/X10_Release/display/display.o
                0x08004b90                UpdateScreen
 .text.ResetGuiBuffer
                0x08004ed8       0x58 VisualGDB/X10_Release/display/gui.o
                0x08004ed8                ResetGuiBuffer
 .text.DrawVLine
                0x08004f30       0x68 VisualGDB/X10_Release/display/gui.o
                0x08004f30                DrawVLine
 .text.DrawLine
                0x08004f98      0x190 VisualGDB/X10_Release/display/gui.o
                0x08004f98                DrawLine
 .text.FillRect
                0x08005128       0x6c VisualGDB/X10_Release/display/gui.o
                0x08005128                FillRect
 .text.DrawChar
                0x08005194       0xfc VisualGDB/X10_Release/display/gui.o
                0x08005194                DrawChar
 .text.DrawString
                0x08005290       0x68 VisualGDB/X10_Release/display/gui.o
                0x08005290                DrawString
 .text.SetupMyLCD
                0x080052f8      0x218 VisualGDB/X10_Release/display/lcdspi_4xx.o
                0x080052f8                SetupMyLCD
 .text.LCD_SPI_Senddata
                0x08005510       0xf0 VisualGDB/X10_Release/display/lcdspi_4xx.o
                0x08005510                LCD_SPI_Senddata
 .text.ST7789_WriteCommand
                0x08005600       0x58 VisualGDB/X10_Release/display/st7789.o
                0x08005600                ST7789_WriteCommand
 .text.ST7789_WriteData_8bit
                0x08005658       0x54 VisualGDB/X10_Release/display/st7789.o
                0x08005658                ST7789_WriteData_8bit
 .text.ST7789_WriteData_16bit
                0x080056ac       0x64 VisualGDB/X10_Release/display/st7789.o
                0x080056ac                ST7789_WriteData_16bit
 .text.ST7789_WriteBuff
                0x08005710       0x58 VisualGDB/X10_Release/display/st7789.o
                0x08005710                ST7789_WriteBuff
 .text.ST7789_WriteReg
                0x08005768       0x44 VisualGDB/X10_Release/display/st7789.o
                0x08005768                ST7789_WriteReg
 .text.ST7789_DisplayOn
                0x080057ac       0x1c VisualGDB/X10_Release/display/st7789.o
                0x080057ac                ST7789_DisplayOn
 .text.ST7789_Init
                0x080057c8      0x208 VisualGDB/X10_Release/display/st7789.o
                0x080057c8                ST7789_Init
 .text.ST7789_SetAddress
                0x080059d0       0x84 VisualGDB/X10_Release/display/st7789.o
                0x080059d0                ST7789_SetAddress
 .text.Init_Display
                0x08005a54       0x68 VisualGDB/X10_Release/display/st7789.o
                0x08005a54                Init_Display
 .text.FillRGBRect
                0x08005abc       0x6e VisualGDB/X10_Release/display/st7789.o
                0x08005abc                FillRGBRect
 *fill*         0x08005b2a        0x2 
 .text.NVIC_SetPriority
                0x08005b2c       0x54 VisualGDB/X10_Release/main.o
 .text.NVIC_SystemReset
                0x08005b80       0x2c VisualGDB/X10_Release/main.o
 .text.SysTick_Config
                0x08005bac       0x44 VisualGDB/X10_Release/main.o
 .text.initKey  0x08005bf0       0x1a VisualGDB/X10_Release/main.o
                0x08005bf0                initKey
 *fill*         0x08005c0a        0x2 
 .text.TIM1_UP_TIM10_IRQHandler
                0x08005c0c      0x374 VisualGDB/X10_Release/main.o
                0x08005c0c                TIM1_UP_TIM10_IRQHandler
 .text.TIM1_BRK_TIM9_IRQHandler
                0x08005f80       0x3c VisualGDB/X10_Release/main.o
                0x08005f80                TIM1_BRK_TIM9_IRQHandler
 .text.TIM1_TRG_COM_TIM11_IRQHandler
                0x08005fbc       0x3c VisualGDB/X10_Release/main.o
                0x08005fbc                TIM1_TRG_COM_TIM11_IRQHandler
 .text.TIM2_IRQHandler
                0x08005ff8       0x18 VisualGDB/X10_Release/main.o
                0x08005ff8                TIM2_IRQHandler
 .text.TIM3_IRQHandler
                0x08006010       0x24 VisualGDB/X10_Release/main.o
                0x08006010                TIM3_IRQHandler
 .text.TIM4_IRQHandler
                0x08006034       0x24 VisualGDB/X10_Release/main.o
                0x08006034                TIM4_IRQHandler
 .text.TIM5_IRQHandler
                0x08006058       0x44 VisualGDB/X10_Release/main.o
                0x08006058                TIM5_IRQHandler
 .text.TIM6_DAC_IRQHandler
                0x0800609c       0xc4 VisualGDB/X10_Release/main.o
                0x0800609c                TIM6_DAC_IRQHandler
 .text.TIM7_IRQHandler
                0x08006160       0x94 VisualGDB/X10_Release/main.o
                0x08006160                TIM7_IRQHandler
 .text.TIM8_BRK_TIM12_IRQHandler
                0x080061f4       0x3c VisualGDB/X10_Release/main.o
                0x080061f4                TIM8_BRK_TIM12_IRQHandler
 .text.TIM8_UP_TIM13_IRQHandler
                0x08006230       0x3c VisualGDB/X10_Release/main.o
                0x08006230                TIM8_UP_TIM13_IRQHandler
 .text.TIM8_TRG_COM_TIM14_IRQHandler
                0x0800626c       0x3c VisualGDB/X10_Release/main.o
                0x0800626c                TIM8_TRG_COM_TIM14_IRQHandler
 .text.USARTx_IRQHandler
                0x080062a8       0xb0 VisualGDB/X10_Release/main.o
                0x080062a8                USARTx_IRQHandler
 .text.UART4_IRQHandler
                0x08006358       0x14 VisualGDB/X10_Release/main.o
                0x08006358                UART4_IRQHandler
 .text.USART6_IRQHandler
                0x0800636c       0x14 VisualGDB/X10_Release/main.o
                0x0800636c                USART6_IRQHandler
 .text.DisableEXTI
                0x08006380       0x48 VisualGDB/X10_Release/main.o
                0x08006380                DisableEXTI
 .text.SetupEXTI
                0x080063c8      0x364 VisualGDB/X10_Release/main.o
                0x080063c8                SetupEXTI
 .text.setTouchPositionToCurrentPosition
                0x0800672c       0x44 VisualGDB/X10_Release/main.o
                0x0800672c                setTouchPositionToCurrentPosition
 .text.TouchProbeSendResults
                0x08006770      0x444 VisualGDB/X10_Release/main.o
                0x08006770                TouchProbeSendResults
 .text.TouchProbeFinished
                0x08006bb4       0xb4 VisualGDB/X10_Release/main.o
                0x08006bb4                TouchProbeFinished
 .text.TouchProbeProcessContact
                0x08006c68       0x1e VisualGDB/X10_Release/main.o
                0x08006c68                TouchProbeProcessContact
 *fill*         0x08006c86        0x2 
 .text.EdgeTriggerDetected
                0x08006c88       0x2c VisualGDB/X10_Release/main.o
                0x08006c88                EdgeTriggerDetected
 .text.EdgeTriggerSendResults
                0x08006cb4       0x98 VisualGDB/X10_Release/main.o
                0x08006cb4                EdgeTriggerSendResults
 .text.Generic_EXTI_IRQHandler
                0x08006d4c       0x5c VisualGDB/X10_Release/main.o
                0x08006d4c                Generic_EXTI_IRQHandler
 .text.EXTI0_IRQHandler
                0x08006da8        0xc VisualGDB/X10_Release/main.o
                0x08006da8                EXTI0_IRQHandler
 .text.EXTI1_IRQHandler
                0x08006db4        0xc VisualGDB/X10_Release/main.o
                0x08006db4                EXTI1_IRQHandler
 .text.EXTI2_IRQHandler
                0x08006dc0        0xc VisualGDB/X10_Release/main.o
                0x08006dc0                EXTI2_IRQHandler
 .text.EXTI3_IRQHandler
                0x08006dcc        0xc VisualGDB/X10_Release/main.o
                0x08006dcc                EXTI3_IRQHandler
 .text.EXTI4_IRQHandler
                0x08006dd8        0xc VisualGDB/X10_Release/main.o
                0x08006dd8                EXTI4_IRQHandler
 .text.EXTI9_5_IRQHandler
                0x08006de4        0xc VisualGDB/X10_Release/main.o
                0x08006de4                EXTI9_5_IRQHandler
 .text.EXTI15_10_IRQHandler
                0x08006df0        0xc VisualGDB/X10_Release/main.o
                0x08006df0                EXTI15_10_IRQHandler
 .text.processEverySlice
                0x08006dfc       0xac VisualGDB/X10_Release/main.o
                0x08006dfc                processEverySlice
 .text.SysTick_Handler
                0x08006ea8      0x138 VisualGDB/X10_Release/main.o
                0x08006ea8                SysTick_Handler
 .text.Crash_Handler
                0x08006fe0       0x24 VisualGDB/X10_Release/main.o
                0x08006fe0                Crash_Handler
 .text.checkAndClearFlashStatus
                0x08007004       0x84 VisualGDB/X10_Release/main.o
                0x08007004                checkAndClearFlashStatus
 .text.protectedIncrement
                0x08007088       0x2e VisualGDB/X10_Release/main.o
                0x08007088                protectedIncrement
 .text.protectedDecrement
                0x080070b6       0x2e VisualGDB/X10_Release/main.o
                0x080070b6                protectedDecrement
 .text.catastrophicError
                0x080070e4       0x28 VisualGDB/X10_Release/main.o
                0x080070e4                catastrophicError
 .text.catastrophicErrorWithDebugInfo
                0x0800710c      0x1a4 VisualGDB/X10_Release/main.o
                0x0800710c                catastrophicErrorWithDebugInfo
 .text.wait100ns
                0x080072b0       0x26 VisualGDB/X10_Release/main.o
                0x080072b0                wait100ns
 *fill*         0x080072d6        0x2 
 .text.updateHssPwm
                0x080072d8       0x6c VisualGDB/X10_Release/main.o
                0x080072d8                updateHssPwm
 .text.changeHssDuty
                0x08007344       0x3c VisualGDB/X10_Release/main.o
                0x08007344                changeHssDuty
 .text.initHss  0x08007380       0x84 VisualGDB/X10_Release/main.o
                0x08007380                initHss
 .text.initAllHss
                0x08007404       0x84 VisualGDB/X10_Release/main.o
                0x08007404                initAllHss
 .text.HssControl
                0x08007488       0x8c VisualGDB/X10_Release/main.o
                0x08007488                HssControl
 .text.DDLightSelection
                0x08007514      0x1c0 VisualGDB/X10_Release/main.o
                0x08007514                DDLightSelection
 .text.convertToolNumberToDevice
                0x080076d4       0x3c VisualGDB/X10_Release/main.o
                0x080076d4                convertToolNumberToDevice
 .text.CopyToEndOfLine
                0x08007710       0xac VisualGDB/X10_Release/main.o
                0x08007710                CopyToEndOfLine
 .text.processEndofCommandChar
                0x080077bc       0x68 VisualGDB/X10_Release/main.o
                0x080077bc                processEndofCommandChar
 .text.SplitCurrentGcodeLine2Arguments
                0x08007824      0x568 VisualGDB/X10_Release/main.o
                0x08007824                SplitCurrentGcodeLine2Arguments
 .text.CleanUpPointers
                0x08007d8c       0x44 VisualGDB/X10_Release/main.o
                0x08007d8c                CleanUpPointers
 .text.FillArgumentBuffer
                0x08007dd0       0x40 VisualGDB/X10_Release/main.o
                0x08007dd0                FillArgumentBuffer
 .text.processArgs
                0x08007e10       0x74 VisualGDB/X10_Release/main.o
                0x08007e10                processArgs
 .text.ResetGcodeParseBuffer
                0x08007e84      0x12c VisualGDB/X10_Release/main.o
                0x08007e84                ResetGcodeParseBuffer
 .text.cmdQueIsEmpty
                0x08007fb0       0x20 VisualGDB/X10_Release/main.o
                0x08007fb0                cmdQueIsEmpty
 .text.cmdQueIsFull
                0x08007fd0       0x20 VisualGDB/X10_Release/main.o
                0x08007fd0                cmdQueIsFull
 .text.printSerialInputStreamError
                0x08007ff0       0x54 VisualGDB/X10_Release/main.o
                0x08007ff0                printSerialInputStreamError
 .text.serialProcessor
                0x08008044      0x160 VisualGDB/X10_Release/main.o
                0x08008044                serialProcessor
 .text.InvalidateAllCmdArgs
                0x080081a4       0xbc VisualGDB/X10_Release/main.o
                0x080081a4                InvalidateAllCmdArgs
 .text.CommandProcessor
                0x08008260     0x2138 VisualGDB/X10_Release/main.o
                0x08008260                CommandProcessor
 .text.EchoBackCommentString
                0x0800a398       0x3c VisualGDB/X10_Release/main.o
                0x0800a398                EchoBackCommentString
 .text.getNextCommandIndex
                0x0800a3d4       0x26 VisualGDB/X10_Release/main.o
                0x0800a3d4                getNextCommandIndex
 .text.getNextDeferredCommandIndex
                0x0800a3fa       0x26 VisualGDB/X10_Release/main.o
                0x0800a3fa                getNextDeferredCommandIndex
 .text.ContinueToNextStep
                0x0800a420       0x24 VisualGDB/X10_Release/main.o
                0x0800a420                ContinueToNextStep
 .text.AddCommandToQue
                0x0800a444       0xc0 VisualGDB/X10_Release/main.o
                0x0800a444                AddCommandToQue
 .text.resetVariableOnJobEnd
                0x0800a504       0xd8 VisualGDB/X10_Release/main.o
                0x0800a504                resetVariableOnJobEnd
 .text.initGCodeSequenceEngine
                0x0800a5dc      0x4e8 VisualGDB/X10_Release/main.o
                0x0800a5dc                initGCodeSequenceEngine
 .text.setDrillTapMotorArgs
                0x0800aac4       0xc0 VisualGDB/X10_Release/main.o
                0x0800aac4                setDrillTapMotorArgs
 .text.puff     0x0800ab84       0x18 VisualGDB/X10_Release/main.o
                0x0800ab84                puff
 .text.processCannedCycle
                0x0800ab9c      0x490 VisualGDB/X10_Release/main.o
                0x0800ab9c                processCannedCycle
 .text.deferredCmdQueueFull
                0x0800b02c       0x20 VisualGDB/X10_Release/main.o
                0x0800b02c                deferredCmdQueueFull
 .text.copyCmdQueEntryToDeferredCmdQue
                0x0800b04c       0x94 VisualGDB/X10_Release/main.o
                0x0800b04c                copyCmdQueEntryToDeferredCmdQue
 .text.processNextDeferredCommand
                0x0800b0e0       0xe4 VisualGDB/X10_Release/main.o
                0x0800b0e0                processNextDeferredCommand
 .text.checkForCompletedAbort
                0x0800b1c4      0x1a4 VisualGDB/X10_Release/main.o
                0x0800b1c4                checkForCompletedAbort
 .text.setPauseGcodeFlag
                0x0800b368       0x4c VisualGDB/X10_Release/main.o
                0x0800b368                setPauseGcodeFlag
 .text.ResetProcess
                0x0800b3b4      0x140 VisualGDB/X10_Release/main.o
                0x0800b3b4                ResetProcess
 .text.DwellTimer
                0x0800b4f4       0x24 VisualGDB/X10_Release/main.o
                0x0800b4f4                DwellTimer
 .text.updateHostConnectionWatchDog
                0x0800b518       0x30 VisualGDB/X10_Release/main.o
                0x0800b518                updateHostConnectionWatchDog
 .text.SequenceEngine
                0x0800b548      0x3a4 VisualGDB/X10_Release/main.o
                0x0800b548                SequenceEngine
 .text.processCommand
                0x0800b8ec     0x1a7c VisualGDB/X10_Release/main.o
                0x0800b8ec                processCommand
 .text.pingReply
                0x0800d368       0x2c VisualGDB/X10_Release/main.o
                0x0800d368                pingReply
 .text.getCurrentExecutingLineNumber
                0x0800d394       0x44 VisualGDB/X10_Release/main.o
                0x0800d394                getCurrentExecutingLineNumber
 .text.PWMCntrl
                0x0800d3d8       0xa4 VisualGDB/X10_Release/main.o
                0x0800d3d8                PWMCntrl
 .text.ReportXYZLocation
                0x0800d47c      0x2a4 VisualGDB/X10_Release/main.o
                0x0800d47c                ReportXYZLocation
 .text.ReportOsseoVariables
                0x0800d720      0x224 VisualGDB/X10_Release/main.o
                0x0800d720                ReportOsseoVariables
 .text.spare    0x0800d944        0xe VisualGDB/X10_Release/main.o
                0x0800d944                spare
 .text.ohNoMrBill
                0x0800d952        0xe VisualGDB/X10_Release/main.o
                0x0800d952                ohNoMrBill
 .text.heartbeat
                0x0800d960       0x4c VisualGDB/X10_Release/main.o
                0x0800d960                heartbeat
 .text.checkInWithHeads
                0x0800d9ac        0xe VisualGDB/X10_Release/main.o
                0x0800d9ac                checkInWithHeads
 *fill*         0x0800d9ba        0x2 
 .text.checkBlockingWaits
                0x0800d9bc      0x29c VisualGDB/X10_Release/main.o
                0x0800d9bc                checkBlockingWaits
 .text.loop_1000Hz_simple_work
                0x0800dc58      0x15c VisualGDB/X10_Release/main.o
                0x0800dc58                loop_1000Hz_simple_work
 .text.loop_100Hz_simple_work
                0x0800ddb4      0x22c VisualGDB/X10_Release/main.o
                0x0800ddb4                loop_100Hz_simple_work
 .text.loop_10Hz_simple_work
                0x0800dfe0       0x48 VisualGDB/X10_Release/main.o
                0x0800dfe0                loop_10Hz_simple_work
 .text.loop_1Hz_simple_work
                0x0800e028      0x12c VisualGDB/X10_Release/main.o
                0x0800e028                loop_1Hz_simple_work
 .text.almostTheSameByPct
                0x0800e154       0x4a VisualGDB/X10_Release/main.o
                0x0800e154                almostTheSameByPct
 .text.almostTheSameByDelta
                0x0800e19e       0x42 VisualGDB/X10_Release/main.o
                0x0800e19e                almostTheSameByDelta
 .text.notAlmostTheSameByDelta
                0x0800e1e0       0x4a VisualGDB/X10_Release/main.o
                0x0800e1e0                notAlmostTheSameByDelta
 *fill*         0x0800e22a        0x2 
 .text.requireAllAxesToHome
                0x0800e22c       0x64 VisualGDB/X10_Release/main.o
                0x0800e22c                requireAllAxesToHome
 .text.assertControlBit
                0x0800e290       0x44 VisualGDB/X10_Release/main.o
                0x0800e290                assertControlBit
 .text.deassertControlBit
                0x0800e2d4       0x44 VisualGDB/X10_Release/main.o
                0x0800e2d4                deassertControlBit
 .text.readControlBitValue
                0x0800e318       0x2a VisualGDB/X10_Release/main.o
                0x0800e318                readControlBitValue
 .text.readControlBitState
                0x0800e342       0x56 VisualGDB/X10_Release/main.o
                0x0800e342                readControlBitState
 .text.outputDirectionBit
                0x0800e398       0x7e VisualGDB/X10_Release/main.o
                0x0800e398                outputDirectionBit
 .text.readDirectionBitValue
                0x0800e416       0x2a VisualGDB/X10_Release/main.o
                0x0800e416                readDirectionBitValue
 .text.readDirectionBitState
                0x0800e440       0x4a VisualGDB/X10_Release/main.o
                0x0800e440                readDirectionBitState
 .text.readSensorBitValue
                0x0800e48a       0x2a VisualGDB/X10_Release/main.o
                0x0800e48a                readSensorBitValue
 .text.readSensorBitState
                0x0800e4b4       0x56 VisualGDB/X10_Release/main.o
                0x0800e4b4                readSensorBitState
 .text.initSensor
                0x0800e50a       0xc6 VisualGDB/X10_Release/main.o
                0x0800e50a                initSensor
 .text.setSensorStateToUnknown
                0x0800e5d0       0x3a VisualGDB/X10_Release/main.o
                0x0800e5d0                setSensorStateToUnknown
 .text.updateSensorHistoryIfEnabledWithoutIrq
                0x0800e60a       0x4a VisualGDB/X10_Release/main.o
                0x0800e60a                updateSensorHistoryIfEnabledWithoutIrq
 .text.readDebouncedSensorState
                0x0800e654       0xd4 VisualGDB/X10_Release/main.o
                0x0800e654                readDebouncedSensorState
 .text.fastReadDebouncedSensorState
                0x0800e728       0x72 VisualGDB/X10_Release/main.o
                0x0800e728                fastReadDebouncedSensorState
 .text.setSensorEnable
                0x0800e79a       0x2e VisualGDB/X10_Release/main.o
                0x0800e79a                setSensorEnable
 .text.setSensorPolarityAndEnable
                0x0800e7c8       0x78 VisualGDB/X10_Release/main.o
                0x0800e7c8                setSensorPolarityAndEnable
 .text.checkStartButton
                0x0800e840       0x6c VisualGDB/X10_Release/main.o
                0x0800e840                checkStartButton
 .text.sendEmoMessage
                0x0800e8ac       0xa0 VisualGDB/X10_Release/main.o
                0x0800e8ac                sendEmoMessage
 .text.checkEMO
                0x0800e94c       0xc4 VisualGDB/X10_Release/main.o
                0x0800e94c                checkEMO
 .text.checkMotorFaultSensor
                0x0800ea10       0x18 VisualGDB/X10_Release/main.o
                0x0800ea10                checkMotorFaultSensor
 .text.checkMotorLimit1Sensor
                0x0800ea28       0x1c VisualGDB/X10_Release/main.o
                0x0800ea28                checkMotorLimit1Sensor
 .text.checkMotorLimit2Sensor
                0x0800ea44       0x18 VisualGDB/X10_Release/main.o
                0x0800ea44                checkMotorLimit2Sensor
 .text.readInputs
                0x0800ea5c       0x5c VisualGDB/X10_Release/main.o
                0x0800ea5c                readInputs
 .text.InitializeFixtureOffsets
                0x0800eab8       0x50 VisualGDB/X10_Release/main.o
                0x0800eab8                InitializeFixtureOffsets
 .text.SetAxisHomePosition
                0x0800eb08       0x58 VisualGDB/X10_Release/main.o
                0x0800eb08                SetAxisHomePosition
 .text.SetAllAxisHomePosition
                0x0800eb60       0x54 VisualGDB/X10_Release/main.o
                0x0800eb60                SetAllAxisHomePosition
 .text.ProcessG28MultipassHoming
                0x0800ebb4      0x3b8 VisualGDB/X10_Release/main.o
                0x0800ebb4                ProcessG28MultipassHoming
 .text.sendAxisHomedStatus
                0x0800ef6c       0x60 VisualGDB/X10_Release/main.o
                0x0800ef6c                sendAxisHomedStatus
 .text.sendAllAxisHomedStatus
                0x0800efcc        0xe VisualGDB/X10_Release/main.o
                0x0800efcc                sendAllAxisHomedStatus
 *fill*         0x0800efda        0x2 
 .text.getUIDString
                0x0800efdc       0x84 VisualGDB/X10_Release/main.o
                0x0800efdc                getUIDString
 .text.validFirmwareKey
                0x0800f060       0x18 VisualGDB/X10_Release/main.o
                0x0800f060                validFirmwareKey
 .text.sendFakeM687CompleteCode
                0x0800f078       0x44 VisualGDB/X10_Release/main.o
                0x0800f078                sendFakeM687CompleteCode
 .text.sendRevisionString
                0x0800f0bc      0x17c VisualGDB/X10_Release/main.o
                0x0800f0bc                sendRevisionString
 .text.rebootingFromCrash
                0x0800f238       0x28 VisualGDB/X10_Release/main.o
                0x0800f238                rebootingFromCrash
 .text.setResetSouceStr
                0x0800f260      0x260 VisualGDB/X10_Release/main.o
                0x0800f260                setResetSouceStr
 .text.Reset_Handler
                0x0800f4c0       0x80 VisualGDB/X10_Release/main.o
                0x0800f4c0                Reset_Handler
 .text.wiggleDebugIO
                0x0800f540       0x14 VisualGDB/X10_Release/main.o
                0x0800f540                wiggleDebugIO
 .text.executeAnySpecialDebugStartCode
                0x0800f554        0xe VisualGDB/X10_Release/main.o
                0x0800f554                executeAnySpecialDebugStartCode
 *fill*         0x0800f562        0x2 
 .text.main     0x0800f564      0x1ac VisualGDB/X10_Release/main.o
                0x0800f564                main
 .text.Init_ADC
                0x0800f710      0x158 VisualGDB/X10_Release/src/adc.o
                0x0800f710                Init_ADC
 .text.Start_ADC
                0x0800f868       0x14 VisualGDB/X10_Release/src/adc.o
                0x0800f868                Start_ADC
 .text.SmoothDataUsingOlympicVotingAverage
                0x0800f87c      0x158 VisualGDB/X10_Release/src/adc.o
                0x0800f87c                SmoothDataUsingOlympicVotingAverage
 .text.ProcessRawADC_Data
                0x0800f9d4        0xc VisualGDB/X10_Release/src/adc.o
                0x0800f9d4                ProcessRawADC_Data
 .text.convertRtdDataFromRawADCValue
                0x0800f9e0      0x168 VisualGDB/X10_Release/src/adc_table.o
                0x0800f9e0                convertRtdDataFromRawADCValue
 .text.sendHexLineError
                0x0800fb48       0x40 VisualGDB/X10_Release/src/bootloader.o
                0x0800fb48                sendHexLineError
 .text.intelHexDecomposeLine
                0x0800fb88      0x440 VisualGDB/X10_Release/src/bootloader.o
                0x0800fb88                intelHexDecomposeLine
 .text.clearWorkingBufferForBootloader
                0x0800ffc8       0x4c VisualGDB/X10_Release/src/bootloader.o
                0x0800ffc8                clearWorkingBufferForBootloader
 .text.clearDeviceCodePages
                0x08010014      0x130 VisualGDB/X10_Release/src/bootloader.o
                0x08010014                clearDeviceCodePages
 .text.verifyDeviceCodeChecksum
                0x08010144      0x10c VisualGDB/X10_Release/src/bootloader.o
                0x08010144                verifyDeviceCodeChecksum
 .text.setDeviceCodeChecksum
                0x08010250      0x2cc VisualGDB/X10_Release/src/bootloader.o
                0x08010250                setDeviceCodeChecksum
 .text.transferBootloaderDataFromWorkingBufferToDevice
                0x0801051c      0x23c VisualGDB/X10_Release/src/bootloader.o
                0x0801051c                transferBootloaderDataFromWorkingBufferToDevice
 .text.sendDeviceBootloaderPage
                0x08010758       0xd0 VisualGDB/X10_Release/src/bootloader.o
                0x08010758                sendDeviceBootloaderPage
 .text.prepareDeviceForBootloaderDownload
                0x08010828      0x150 VisualGDB/X10_Release/src/bootloader.o
                0x08010828                prepareDeviceForBootloaderDownload
 .text.endDeviceBootloader
                0x08010978       0x68 VisualGDB/X10_Release/src/bootloader.o
                0x08010978                endDeviceBootloader
 .text.processDeviceBootloaderLine
                0x080109e0      0x3d0 VisualGDB/X10_Release/src/bootloader.o
                0x080109e0                processDeviceBootloaderLine
 .text.getArgFraction
                0x08010db0       0x42 VisualGDB/X10_Release/src/GCode.o
                0x08010db0                getArgFraction
 *fill*         0x08010df2        0x2 
 .text.ReportUnknownFractionalGcode
                0x08010df4       0x50 VisualGDB/X10_Release/src/GCode.o
                0x08010df4                ReportUnknownFractionalGcode
 .text.ReportGcodeError
                0x08010e44       0x50 VisualGDB/X10_Release/src/GCode.o
                0x08010e44                ReportGcodeError
 .text.ReportInvalidGcodeArg
                0x08010e94       0x7c VisualGDB/X10_Release/src/GCode.o
                0x08010e94                ReportInvalidGcodeArg
 .text.ReportMissingGcodeArg
                0x08010f10       0x50 VisualGDB/X10_Release/src/GCode.o
                0x08010f10                ReportMissingGcodeArg
 .text.ReportMissingGcodeDArg
                0x08010f60       0x14 VisualGDB/X10_Release/src/GCode.o
                0x08010f60                ReportMissingGcodeDArg
 .text.ReportMissingGcodeLArg
                0x08010f74       0x14 VisualGDB/X10_Release/src/GCode.o
                0x08010f74                ReportMissingGcodeLArg
 .text.ReportMissingGcodePArg
                0x08010f88       0x14 VisualGDB/X10_Release/src/GCode.o
                0x08010f88                ReportMissingGcodePArg
 .text.ReportMissingGcodeRArg
                0x08010f9c       0x14 VisualGDB/X10_Release/src/GCode.o
                0x08010f9c                ReportMissingGcodeRArg
 .text.ReportMissingGcodeTArg
                0x08010fb0       0x14 VisualGDB/X10_Release/src/GCode.o
                0x08010fb0                ReportMissingGcodeTArg
 .text.ReportMissingGcodePLArg
                0x08010fc4       0x14 VisualGDB/X10_Release/src/GCode.o
                0x08010fc4                ReportMissingGcodePLArg
 .text.ReportInvalidGcodeEArg
                0x08010fd8       0x24 VisualGDB/X10_Release/src/GCode.o
                0x08010fd8                ReportInvalidGcodeEArg
 .text.ReportInvalidGcodeHArg
                0x08010ffc       0x24 VisualGDB/X10_Release/src/GCode.o
                0x08010ffc                ReportInvalidGcodeHArg
 .text.ReportInvalidGcodePArg
                0x08011020       0x24 VisualGDB/X10_Release/src/GCode.o
                0x08011020                ReportInvalidGcodePArg
 .text.ReportInvalidGcodeSArg
                0x08011044       0x24 VisualGDB/X10_Release/src/GCode.o
                0x08011044                ReportInvalidGcodeSArg
 .text.getMotorArg
                0x08011068       0x2c VisualGDB/X10_Release/src/GCode.o
                0x08011068                getMotorArg
 .text.getMotorArgInMM
                0x08011094       0x38 VisualGDB/X10_Release/src/GCode.o
                0x08011094                getMotorArgInMM
 .text.getMotorArgInDeg
                0x080110cc       0x38 VisualGDB/X10_Release/src/GCode.o
                0x080110cc                getMotorArgInDeg
 .text.getMotorArgInNativeUnits
                0x08011104       0x30 VisualGDB/X10_Release/src/GCode.o
                0x08011104                getMotorArgInNativeUnits
 .text.setMotorArg
                0x08011134       0x2c VisualGDB/X10_Release/src/GCode.o
                0x08011134                setMotorArg
 .text.setMotorArgInMM
                0x08011160       0x3c VisualGDB/X10_Release/src/GCode.o
                0x08011160                setMotorArgInMM
 .text.setMotorArgInDeg
                0x0801119c       0x3c VisualGDB/X10_Release/src/GCode.o
                0x0801119c                setMotorArgInDeg
 .text.setMotorArgInNativeUnits
                0x080111d8       0x32 VisualGDB/X10_Release/src/GCode.o
                0x080111d8                setMotorArgInNativeUnits
 *fill*         0x0801120a        0x2 
 .text.setAllMotorArg
                0x0801120c       0x40 VisualGDB/X10_Release/src/GCode.o
                0x0801120c                setAllMotorArg
 .text.convertArgFromMM
                0x0801124c       0x2c VisualGDB/X10_Release/src/GCode.o
                0x0801124c                convertArgFromMM
 .text.convertArgToMM
                0x08011278       0x2c VisualGDB/X10_Release/src/GCode.o
                0x08011278                convertArgToMM
 .text.motorArgPresent
                0x080112a4       0x34 VisualGDB/X10_Release/src/GCode.o
                0x080112a4                motorArgPresent
 .text.motorArgNegativeOrZero
                0x080112d8       0x2a VisualGDB/X10_Release/src/GCode.o
                0x080112d8                motorArgNegativeOrZero
 *fill*         0x08011302        0x2 
 .text.getDeltaAxisValueInInputUnits
                0x08011304       0xa8 VisualGDB/X10_Release/src/GCode.o
                0x08011304                getDeltaAxisValueInInputUnits
 .text.getDeltaEValueInInputUnits
                0x080113ac       0x6c VisualGDB/X10_Release/src/GCode.o
                0x080113ac                getDeltaEValueInInputUnits
 .text.assignPoint
                0x08011418       0x32 VisualGDB/X10_Release/src/GCode.o
                0x08011418                assignPoint
 .text.copyPoint
                0x0801144a       0x2e VisualGDB/X10_Release/src/GCode.o
                0x0801144a                copyPoint
 .text.addPoints
                0x08011478       0x5a VisualGDB/X10_Release/src/GCode.o
                0x08011478                addPoints
 .text.pointsAreTheSame
                0x080114d2       0x84 VisualGDB/X10_Release/src/GCode.o
                0x080114d2                pointsAreTheSame
 .text.vectorsAreTheSame
                0x08011556       0xa6 VisualGDB/X10_Release/src/GCode.o
                0x08011556                vectorsAreTheSame
 .text.getVectorMagnitude
                0x080115fc       0x56 VisualGDB/X10_Release/src/GCode.o
                0x080115fc                getVectorMagnitude
 .text.normalizeVector
                0x08011652       0x94 VisualGDB/X10_Release/src/GCode.o
                0x08011652                normalizeVector
 .text.assignVector
                0x080116e6       0x50 VisualGDB/X10_Release/src/GCode.o
                0x080116e6                assignVector
 .text.assignVector2Pts
                0x08011736       0x76 VisualGDB/X10_Release/src/GCode.o
                0x08011736                assignVector2Pts
 .text.scaleVector
                0x080117ac       0x64 VisualGDB/X10_Release/src/GCode.o
                0x080117ac                scaleVector
 .text.dotProduct
                0x08011810       0x50 VisualGDB/X10_Release/src/GCode.o
                0x08011810                dotProduct
 .text.crossProduct
                0x08011860       0xa4 VisualGDB/X10_Release/src/GCode.o
                0x08011860                crossProduct
 .text.initArcStruct
                0x08011904       0x34 VisualGDB/X10_Release/src/GCode.o
                0x08011904                initArcStruct
 .text.sprintfPoint
                0x08011938       0x5c VisualGDB/X10_Release/src/GCode.o
                0x08011938                sprintfPoint
 .text.sprintfVector
                0x08011994       0x70 VisualGDB/X10_Release/src/GCode.o
                0x08011994                sprintfVector
 .text.printVector
                0x08011a04       0x78 VisualGDB/X10_Release/src/GCode.o
                0x08011a04                printVector
 .text.printExecutionPtrXYZ
                0x08011a7c       0xb0 VisualGDB/X10_Release/src/GCode.o
                0x08011a7c                printExecutionPtrXYZ
 .text.G_Code_G0_0
                0x08011b2c       0x40 VisualGDB/X10_Release/src/GCode.o
                0x08011b2c                G_Code_G0_0
 .text.checkG0JogArgumentsOkay
                0x08011b6c      0x438 VisualGDB/X10_Release/src/GCode.o
                0x08011b6c                checkG0JogArgumentsOkay
 .text.G_Code_G0_1
                0x08011fa4       0x34 VisualGDB/X10_Release/src/GCode.o
                0x08011fa4                G_Code_G0_1
 .text.G_Code_G0_2
                0x08011fd8       0x3e VisualGDB/X10_Release/src/GCode.o
                0x08011fd8                G_Code_G0_2
 .text.G_Code_G0_3
                0x08012016       0x3e VisualGDB/X10_Release/src/GCode.o
                0x08012016                G_Code_G0_3
 .text.G_Code_G0
                0x08012054       0x58 VisualGDB/X10_Release/src/GCode.o
                0x08012054                G_Code_G0
 .text.G_Code_G1_0
                0x080120ac       0x18 VisualGDB/X10_Release/src/GCode.o
                0x080120ac                G_Code_G1_0
 .text.G_Code_G1_1
                0x080120c4      0x42c VisualGDB/X10_Release/src/GCode.o
                0x080120c4                G_Code_G1_1
 .text.G_Code_G1
                0x080124f0       0x3c VisualGDB/X10_Release/src/GCode.o
                0x080124f0                G_Code_G1
 .text.ExecuteArcPointMove
                0x0801252c      0x384 VisualGDB/X10_Release/src/GCode.o
                0x0801252c                ExecuteArcPointMove
 .text.ExecuteG2G3PointMove
                0x080128b0      0x3f4 VisualGDB/X10_Release/src/GCode.o
                0x080128b0                ExecuteG2G3PointMove
 .text.sendZBackToSpiralStartPosition
                0x08012ca4       0x58 VisualGDB/X10_Release/src/GCode.o
                0x08012ca4                sendZBackToSpiralStartPosition
 .text.checkG2G3Errors
                0x08012cfc      0x4a8 VisualGDB/X10_Release/src/GCode.o
                0x08012cfc                checkG2G3Errors
 *fill*         0x080131a4        0x4 
 .text.ProcessG2_3G3_3Command
                0x080131a8      0xfb4 VisualGDB/X10_Release/src/GCode.o
                0x080131a8                ProcessG2_3G3_3Command
 .text.ProcessG2_2G3_2Command
                0x0801415c      0x7bc VisualGDB/X10_Release/src/GCode.o
                0x0801415c                ProcessG2_2G3_2Command
 .text.ProcessG2_1G3_1Command
                0x08014918      0x92c VisualGDB/X10_Release/src/GCode.o
                0x08014918                ProcessG2_1G3_1Command
 .text.frogToeCircle
                0x08015244      0x1f4 VisualGDB/X10_Release/src/GCode.o
                0x08015244                frogToeCircle
 .text.ProcessG2G3Command
                0x08015438      0x76c VisualGDB/X10_Release/src/GCode.o
                0x08015438                ProcessG2G3Command
 .text.G_Code_G2
                0x08015ba4       0x78 VisualGDB/X10_Release/src/GCode.o
                0x08015ba4                G_Code_G2
 .text.G_Code_G3
                0x08015c1c       0x78 VisualGDB/X10_Release/src/GCode.o
                0x08015c1c                G_Code_G3
 .text.G_Code_G4
                0x08015c94       0x9c VisualGDB/X10_Release/src/GCode.o
                0x08015c94                G_Code_G4
 .text.setUpBoringCycle
                0x08015d30      0x14c VisualGDB/X10_Release/src/GCode.o
                0x08015d30                setUpBoringCycle
 .text.G_Code_G12
                0x08015e7c      0x464 VisualGDB/X10_Release/src/GCode.o
                0x08015e7c                G_Code_G12
 .text.G_Code_G13
                0x080162e0      0x464 VisualGDB/X10_Release/src/GCode.o
                0x080162e0                G_Code_G13
 *fill*         0x08016744        0x4 
 .text.setupArcMove
                0x08016748      0x2b4 VisualGDB/X10_Release/src/GCode.o
                0x08016748                setupArcMove
 .text.StartFinalReturnToCenterArc
                0x080169fc       0xcc VisualGDB/X10_Release/src/GCode.o
                0x080169fc                StartFinalReturnToCenterArc
 .text.StartMainFinishCircle
                0x08016ac8       0xbc VisualGDB/X10_Release/src/GCode.o
                0x08016ac8                StartMainFinishCircle
 .text.StartMainFinishCircleSpiral
                0x08016b84        0xe VisualGDB/X10_Release/src/GCode.o
                0x08016b84                StartMainFinishCircleSpiral
 *fill*         0x08016b92        0x2 
 .text.startMainRoughCircle
                0x08016b94      0x190 VisualGDB/X10_Release/src/GCode.o
                0x08016b94                startMainRoughCircle
 .text.StartNextArcForPocketMill
                0x08016d24        0xe VisualGDB/X10_Release/src/GCode.o
                0x08016d24                StartNextArcForPocketMill
 *fill*         0x08016d32        0x2 
 .text.G_Code_G16
                0x08016d34       0x20 VisualGDB/X10_Release/src/GCode.o
                0x08016d34                G_Code_G16
 .text.G_Code_G17
                0x08016d54       0x20 VisualGDB/X10_Release/src/GCode.o
                0x08016d54                G_Code_G17
 .text.G_Code_G18
                0x08016d74       0x20 VisualGDB/X10_Release/src/GCode.o
                0x08016d74                G_Code_G18
 .text.G_Code_G19
                0x08016d94       0x20 VisualGDB/X10_Release/src/GCode.o
                0x08016d94                G_Code_G19
 .text.G_Code_G20
                0x08016db4       0x30 VisualGDB/X10_Release/src/GCode.o
                0x08016db4                G_Code_G20
 .text.G_Code_G21
                0x08016de4       0x28 VisualGDB/X10_Release/src/GCode.o
                0x08016de4                G_Code_G21
 .text.G_Code_G28_0
                0x08016e0c       0x30 VisualGDB/X10_Release/src/GCode.o
                0x08016e0c                G_Code_G28_0
 .text.G_Code_G28_1
                0x08016e3c      0x264 VisualGDB/X10_Release/src/GCode.o
                0x08016e3c                G_Code_G28_1
 .text.G_Code_G28
                0x080170a0       0x3c VisualGDB/X10_Release/src/GCode.o
                0x080170a0                G_Code_G28
 .text.G_Code_G928
                0x080170dc       0xe4 VisualGDB/X10_Release/src/GCode.o
                0x080170dc                G_Code_G928
 .text.G_Code_G29
                0x080171c0        0xe VisualGDB/X10_Release/src/GCode.o
                0x080171c0                G_Code_G29
 *fill*         0x080171ce        0x2 
 .text.startProbingMove
                0x080171d0       0x54 VisualGDB/X10_Release/src/GCode.o
                0x080171d0                startProbingMove
 .text.G_Code_G38
                0x08017224      0x1f8 VisualGDB/X10_Release/src/GCode.o
                0x08017224                G_Code_G38
 .text.G_Code_G53
                0x0801741c       0x18 VisualGDB/X10_Release/src/GCode.o
                0x0801741c                G_Code_G53
 .text.G_Code_G54
                0x08017434       0x1c VisualGDB/X10_Release/src/GCode.o
                0x08017434                G_Code_G54
 .text.G_Code_G55
                0x08017450       0x1c VisualGDB/X10_Release/src/GCode.o
                0x08017450                G_Code_G55
 .text.G_Code_G56
                0x0801746c       0x1c VisualGDB/X10_Release/src/GCode.o
                0x0801746c                G_Code_G56
 .text.G_Code_G57
                0x08017488       0x1c VisualGDB/X10_Release/src/GCode.o
                0x08017488                G_Code_G57
 .text.G_Code_G58
                0x080174a4       0x1c VisualGDB/X10_Release/src/GCode.o
                0x080174a4                G_Code_G58
 .text.G_Code_G59
                0x080174c0       0x1c VisualGDB/X10_Release/src/GCode.o
                0x080174c0                G_Code_G59
 .text.SetFixtureOffset
                0x080174dc       0x64 VisualGDB/X10_Release/src/GCode.o
                0x080174dc                SetFixtureOffset
 .text.G_Code_G70
                0x08017540       0x18 VisualGDB/X10_Release/src/GCode.o
                0x08017540                G_Code_G70
 .text.G_Code_G71
                0x08017558       0x18 VisualGDB/X10_Release/src/GCode.o
                0x08017558                G_Code_G71
 .text.G_Code_G73
                0x08017570       0x1c VisualGDB/X10_Release/src/GCode.o
                0x08017570                G_Code_G73
 .text.G_Code_G74
                0x0801758c       0x18 VisualGDB/X10_Release/src/GCode.o
                0x0801758c                G_Code_G74
 .text.G_Code_G76
                0x080175a4       0x18 VisualGDB/X10_Release/src/GCode.o
                0x080175a4                G_Code_G76
 .text.G_Code_G77
                0x080175bc       0x18 VisualGDB/X10_Release/src/GCode.o
                0x080175bc                G_Code_G77
 .text.KillCannedCycle
                0x080175d4       0x9c VisualGDB/X10_Release/src/GCode.o
                0x080175d4                KillCannedCycle
 .text.G_Code_G80
                0x08017670        0xc VisualGDB/X10_Release/src/GCode.o
                0x08017670                G_Code_G80
 .text.setupDrillCycleParameters
                0x0801767c      0x2a4 VisualGDB/X10_Release/src/GCode.o
                0x0801767c                setupDrillCycleParameters
 .text.validateThreadPitch
                0x08017920       0x58 VisualGDB/X10_Release/src/GCode.o
                0x08017920                validateThreadPitch
 .text.setupDrillTapCannedCycleVersion1
                0x08017978      0x254 VisualGDB/X10_Release/src/GCode.o
                0x08017978                setupDrillTapCannedCycleVersion1
 .text.setupDrillTapCannedCycleVersion0
                0x08017bcc      0x29c VisualGDB/X10_Release/src/GCode.o
                0x08017bcc                setupDrillTapCannedCycleVersion0
 .text.setupDrillTapCannedCycle
                0x08017e68      0x170 VisualGDB/X10_Release/src/GCode.o
                0x08017e68                setupDrillTapCannedCycle
 .text.G_Code_G81
                0x08017fd8       0x1c VisualGDB/X10_Release/src/GCode.o
                0x08017fd8                G_Code_G81
 .text.G_Code_G82
                0x08017ff4       0x1c VisualGDB/X10_Release/src/GCode.o
                0x08017ff4                G_Code_G82
 .text.G_Code_G83
                0x08018010       0x1c VisualGDB/X10_Release/src/GCode.o
                0x08018010                G_Code_G83
 .text.G_Code_G84
                0x0801802c       0x1c VisualGDB/X10_Release/src/GCode.o
                0x0801802c                G_Code_G84
 .text.G_Code_G85
                0x08018048       0x18 VisualGDB/X10_Release/src/GCode.o
                0x08018048                G_Code_G85
 .text.G_Code_G90
                0x08018060       0x18 VisualGDB/X10_Release/src/GCode.o
                0x08018060                G_Code_G90
 .text.G_Code_G91
                0x08018078       0x18 VisualGDB/X10_Release/src/GCode.o
                0x08018078                G_Code_G91
 .text.G_Code_G92
                0x08018090      0x134 VisualGDB/X10_Release/src/GCode.o
                0x08018090                G_Code_G92
 .text.G_Code_G93
                0x080181c4        0xc VisualGDB/X10_Release/src/GCode.o
                0x080181c4                G_Code_G93
 .text.G_Code_G214
                0x080181d0       0x14 VisualGDB/X10_Release/src/GCode.o
                0x080181d0                G_Code_G214
 .text.G_Code_G215
                0x080181e4       0x14 VisualGDB/X10_Release/src/GCode.o
                0x080181e4                G_Code_G215
 .text.initCylStruct
                0x080181f8       0x1e VisualGDB/X10_Release/src/GCode.o
                0x080181f8                initCylStruct
 *fill*         0x08018216        0x2 
 .text.G702_getMoveVector
                0x08018218      0x234 VisualGDB/X10_Release/src/GCode.o
                0x08018218                G702_getMoveVector
 .text.makeOdd  0x0801844c       0x3e VisualGDB/X10_Release/src/GCode.o
                0x0801844c                makeOdd
 *fill*         0x0801848a        0x2 
 .text.determineCircumferenceBasedOnZ
                0x0801848c       0x44 VisualGDB/X10_Release/src/GCode.o
                0x0801848c                determineCircumferenceBasedOnZ
 .text.loadExecutionPtrGXYZRotE
                0x080184d0      0x190 VisualGDB/X10_Release/src/GCode.o
                0x080184d0                loadExecutionPtrGXYZRotE
 .text.ProcessG702CylinderPrint
                0x08018660      0x348 VisualGDB/X10_Release/src/GCode.o
                0x08018660                ProcessG702CylinderPrint
 .text.G_Code_G702_1
                0x080189a8      0x170 VisualGDB/X10_Release/src/GCode.o
                0x080189a8                G_Code_G702_1
 .text.cylChangeDir
                0x08018b18       0x30 VisualGDB/X10_Release/src/GCode.o
                0x08018b18                cylChangeDir
 .text.G_Code_G702_0
                0x08018b48      0xdb4 VisualGDB/X10_Release/src/GCode.o
                0x08018b48                G_Code_G702_0
 .text.G_Code_G702
                0x080198fc       0x4c VisualGDB/X10_Release/src/GCode.o
                0x080198fc                G_Code_G702
 .text.NVIC_EnableIRQ
                0x08019948       0x34 VisualGDB/X10_Release/src/HardwareInit.o
 .text.InitGPIO
                0x0801997c       0x68 VisualGDB/X10_Release/src/HardwareInit.o
                0x0801997c                InitGPIO
 .text.InitUSART3
                0x080199e4       0x5c VisualGDB/X10_Release/src/HardwareInit.o
                0x080199e4                InitUSART3
 .text.InitUSART6
                0x08019a40       0x5c VisualGDB/X10_Release/src/HardwareInit.o
                0x08019a40                InitUSART6
 .text.InitAllUARTS
                0x08019a9c       0x1e VisualGDB/X10_Release/src/HardwareInit.o
                0x08019a9c                InitAllUARTS
 *fill*         0x08019aba        0x2 
 .text.CAN_Config
                0x08019abc      0x100 VisualGDB/X10_Release/src/HardwareInit.o
                0x08019abc                CAN_Config
 .text.InitMotorTimer
                0x08019bbc      0x228 VisualGDB/X10_Release/src/HardwareInit.o
                0x08019bbc                InitMotorTimer
 .text.InitTimer1
                0x08019de4       0x74 VisualGDB/X10_Release/src/HardwareInit.o
                0x08019de4                InitTimer1
 .text.InitTim3RpmInput
                0x08019e58       0x94 VisualGDB/X10_Release/src/HardwareInit.o
                0x08019e58                InitTim3RpmInput
 .text.ConfigureTimer4PwmOutputsFor0_10V
                0x08019eec       0xa4 VisualGDB/X10_Release/src/HardwareInit.o
                0x08019eec                ConfigureTimer4PwmOutputsFor0_10V
 .text.InitEncoderTimer5
                0x08019f90       0x94 VisualGDB/X10_Release/src/HardwareInit.o
                0x08019f90                InitEncoderTimer5
 .text.enableLatheMode
                0x0801a024       0xc4 VisualGDB/X10_Release/src/HardwareInit.o
                0x0801a024                enableLatheMode
 .text.disableLatheMode
                0x0801a0e8       0x48 VisualGDB/X10_Release/src/HardwareInit.o
                0x0801a0e8                disableLatheMode
 .text.InitTimer6
                0x0801a130       0x74 VisualGDB/X10_Release/src/HardwareInit.o
                0x0801a130                InitTimer6
 .text.InitTimer7
                0x0801a1a4       0x78 VisualGDB/X10_Release/src/HardwareInit.o
                0x0801a1a4                InitTimer7
 .text.SetCO2LaserPwmFrequency
                0x0801a21c       0x94 VisualGDB/X10_Release/src/HardwareInit.o
                0x0801a21c                SetCO2LaserPwmFrequency
 .text.InitTimer8
                0x0801a2b0       0xa0 VisualGDB/X10_Release/src/HardwareInit.o
                0x0801a2b0                InitTimer8
 .text.DeInitLaser
                0x0801a350       0x5c VisualGDB/X10_Release/src/HardwareInit.o
                0x0801a350                DeInitLaser
 .text.InitLaser
                0x0801a3ac      0x13c VisualGDB/X10_Release/src/HardwareInit.o
                0x0801a3ac                InitLaser
 .text.initializeSpindleStruct
                0x0801a4e8       0x34 VisualGDB/X10_Release/src/HardwareInit.o
                0x0801a4e8                initializeSpindleStruct
 .text.initializeInkjetStruct
                0x0801a51c       0x24 VisualGDB/X10_Release/src/HardwareInit.o
                0x0801a51c                initializeInkjetStruct
 .text.initializeLaserStruct
                0x0801a540      0x16c VisualGDB/X10_Release/src/HardwareInit.o
                0x0801a540                initializeLaserStruct
 .text.setFlasherVarPtr
                0x0801a6ac      0x398 VisualGDB/X10_Release/src/HardwareInit.o
                0x0801a6ac                setFlasherVarPtr
 .text.InitGlobals
                0x0801aa44      0x150 VisualGDB/X10_Release/src/HardwareInit.o
                0x0801aa44                InitGlobals
 .text.getDeviceInitPtr
                0x0801ab94       0x54 VisualGDB/X10_Release/src/headSetup.o
                0x0801ab94                getDeviceInitPtr
 .text.deviceTypeToString
                0x0801abe8       0x58 VisualGDB/X10_Release/src/headSetup.o
                0x0801abe8                deviceTypeToString
 .text.deviceTypeIsADiodeLaser
                0x0801ac40       0x30 VisualGDB/X10_Release/src/headSetup.o
                0x0801ac40                deviceTypeIsADiodeLaser
 .text.deviceTypeIsACO2Laser
                0x0801ac70       0x30 VisualGDB/X10_Release/src/headSetup.o
                0x0801ac70                deviceTypeIsACO2Laser
 .text.devType2DevFamily
                0x0801aca0       0x48 VisualGDB/X10_Release/src/headSetup.o
                0x0801aca0                devType2DevFamily
 .text.deviceSubtypeToString
                0x0801ace8      0x128 VisualGDB/X10_Release/src/headSetup.o
                0x0801ace8                deviceSubtypeToString
 .text.devicePcbToString
                0x0801ae10       0x60 VisualGDB/X10_Release/src/headSetup.o
                0x0801ae10                devicePcbToString
 .text.deviceRtdToString
                0x0801ae70       0x60 VisualGDB/X10_Release/src/headSetup.o
                0x0801ae70                deviceRtdToString
 .text.softwareCodebaseToString
                0x0801aed0       0x60 VisualGDB/X10_Release/src/headSetup.o
                0x0801aed0                softwareCodebaseToString
 .text.softwareCompileTargetToStringOLD
                0x0801af30       0x78 VisualGDB/X10_Release/src/headSetup.o
                0x0801af30                softwareCompileTargetToStringOLD
 .text.softwareCompileTargetToString
                0x0801afa8       0x74 VisualGDB/X10_Release/src/headSetup.o
                0x0801afa8                softwareCompileTargetToString
 .text.initSendSwitchFlagsAndMask
                0x0801b01c      0x320 VisualGDB/X10_Release/src/headSetup.o
                0x0801b01c                initSendSwitchFlagsAndMask
 .text.initSendDefaultSwitchParams
                0x0801b33c       0xe6 VisualGDB/X10_Release/src/headSetup.o
                0x0801b33c                initSendDefaultSwitchParams
 *fill*         0x0801b422        0x2 
 .text.initDeviceFromDeviceTypeInitTable
                0x0801b424      0x1b8 VisualGDB/X10_Release/src/headSetup.o
                0x0801b424                initDeviceFromDeviceTypeInitTable
 .text.sendControlRegisterBit
                0x0801b5dc       0x82 VisualGDB/X10_Release/src/Hydra_can.o
                0x0801b5dc                sendControlRegisterBit
 .text.sendSetRegisterBit
                0x0801b65e       0x1e VisualGDB/X10_Release/src/Hydra_can.o
                0x0801b65e                sendSetRegisterBit
 .text.sendSetSwResetBit
                0x0801b67c       0x1e VisualGDB/X10_Release/src/Hydra_can.o
                0x0801b67c                sendSetSwResetBit
 .text.sendSetGlobalSyncBit
                0x0801b69a       0x1e VisualGDB/X10_Release/src/Hydra_can.o
                0x0801b69a                sendSetGlobalSyncBit
 .text.sendSetStopExtruderBit
                0x0801b6b8       0x1e VisualGDB/X10_Release/src/Hydra_can.o
                0x0801b6b8                sendSetStopExtruderBit
 .text.sendSetPauseExtruderBit
                0x0801b6d6       0x1e VisualGDB/X10_Release/src/Hydra_can.o
                0x0801b6d6                sendSetPauseExtruderBit
 .text.sendSetClearErrorBit
                0x0801b6f4       0x1e VisualGDB/X10_Release/src/Hydra_can.o
                0x0801b6f4                sendSetClearErrorBit
 .text.sendSetInvertDirectionBit
                0x0801b712       0x20 VisualGDB/X10_Release/src/Hydra_can.o
                0x0801b712                sendSetInvertDirectionBit
 .text.sendSetEnableMotorBit
                0x0801b732       0x2e VisualGDB/X10_Release/src/Hydra_can.o
                0x0801b732                sendSetEnableMotorBit
 .text.sendSetDisableMotorBit
                0x0801b760       0x2e VisualGDB/X10_Release/src/Hydra_can.o
                0x0801b760                sendSetDisableMotorBit
 .text.sendSetDebugRtdBit
                0x0801b78e       0x20 VisualGDB/X10_Release/src/Hydra_can.o
                0x0801b78e                sendSetDebugRtdBit
 .text.sendSetCommPingBit
                0x0801b7ae       0x20 VisualGDB/X10_Release/src/Hydra_can.o
                0x0801b7ae                sendSetCommPingBit
 .text.sendSetStepFromCanbusModeBit
                0x0801b7ce       0x20 VisualGDB/X10_Release/src/Hydra_can.o
                0x0801b7ce                sendSetStepFromCanbusModeBit
 .text.sendSetIgnoreWatchdogBit
                0x0801b7ee       0x20 VisualGDB/X10_Release/src/Hydra_can.o
                0x0801b7ee                sendSetIgnoreWatchdogBit
 .text.sendSetSendDebugStringsBit
                0x0801b80e       0x20 VisualGDB/X10_Release/src/Hydra_can.o
                0x0801b80e                sendSetSendDebugStringsBit
 .text.sendInitializeBit
                0x0801b82e       0x20 VisualGDB/X10_Release/src/Hydra_can.o
                0x0801b82e                sendInitializeBit
 .text.sendClrStopExtruderBit
                0x0801b84e       0x1e VisualGDB/X10_Release/src/Hydra_can.o
                0x0801b84e                sendClrStopExtruderBit
 .text.sendClrPauseExtruderBit
                0x0801b86c       0x1e VisualGDB/X10_Release/src/Hydra_can.o
                0x0801b86c                sendClrPauseExtruderBit
 .text.sendClrInvertDirectionBit
                0x0801b88a       0x20 VisualGDB/X10_Release/src/Hydra_can.o
                0x0801b88a                sendClrInvertDirectionBit
 .text.sendClrDebugRtdBit
                0x0801b8aa       0x20 VisualGDB/X10_Release/src/Hydra_can.o
                0x0801b8aa                sendClrDebugRtdBit
 .text.sendClrStepFromCanbusModeBit
                0x0801b8ca       0x20 VisualGDB/X10_Release/src/Hydra_can.o
                0x0801b8ca                sendClrStepFromCanbusModeBit
 .text.sendClrIgnoreWatchdogBit
                0x0801b8ea       0x20 VisualGDB/X10_Release/src/Hydra_can.o
                0x0801b8ea                sendClrIgnoreWatchdogBit
 .text.sendClrSendDebugStringsBit
                0x0801b90a       0x20 VisualGDB/X10_Release/src/Hydra_can.o
                0x0801b90a                sendClrSendDebugStringsBit
 .text.canIssueReadRequest
                0x0801b92a       0x32 VisualGDB/X10_Release/src/Hydra_can.o
                0x0801b92a                canIssueReadRequest
 .text.readDeviceInfoFromDevice
                0x0801b95c       0x1e VisualGDB/X10_Release/src/Hydra_can.o
                0x0801b95c                readDeviceInfoFromDevice
 .text.readFlashConfigFromDevice
                0x0801b97a       0x1e VisualGDB/X10_Release/src/Hydra_can.o
                0x0801b97a                readFlashConfigFromDevice
 .text.readUniqueIdFromDevice
                0x0801b998       0x1e VisualGDB/X10_Release/src/Hydra_can.o
                0x0801b998                readUniqueIdFromDevice
 .text.readAliasListFromDevice
                0x0801b9b6       0x2a VisualGDB/X10_Release/src/Hydra_can.o
                0x0801b9b6                readAliasListFromDevice
 .text.readPageDefinitionFromDevice
                0x0801b9e0       0x1e VisualGDB/X10_Release/src/Hydra_can.o
                0x0801b9e0                readPageDefinitionFromDevice
 .text.readPageChecksumFromDevice
                0x0801b9fe       0x24 VisualGDB/X10_Release/src/Hydra_can.o
                0x0801b9fe                readPageChecksumFromDevice
 .text.readControlWordFromDevice
                0x0801ba22       0x1e VisualGDB/X10_Release/src/Hydra_can.o
                0x0801ba22                readControlWordFromDevice
 .text.scaleLaserVectorPowerPct
                0x0801ba40       0x34 VisualGDB/X10_Release/src/Hydra_can.o
                0x0801ba40                scaleLaserVectorPowerPct
 .text.sendExtrusionOverridePctToDevice
                0x0801ba74       0x94 VisualGDB/X10_Release/src/Hydra_can.o
                0x0801ba74                sendExtrusionOverridePctToDevice
 .text.convertFloatPowerPctToUnsignedint