Archive member included to satisfy reference by file (symbol)

c:/sysgcc/arm-eabi/bin/../lib/gcc/arm-none-eabi/12.2.1/thumb/v7e-m+fp/hard\libm.a(libm_a-w_acos.o)
                              VisualGDB/X10_Release/src/GCode.o (acos)
c:/sysgcc/arm-eabi/bin/../lib/gcc/arm-none-eabi/12.2.1/thumb/v7e-m+fp/hard\libm.a(libm_a-s_cos.o)
                              VisualGDB/X10_Release/src/GCode.o (cos)
c:/sysgcc/arm-eabi/bin/../lib/gcc/arm-none-eabi/12.2.1/thumb/v7e-m+fp/hard\libm.a(libm_a-s_fabs.o)
                              c:/sysgcc/arm-eabi/bin/../lib/gcc/arm-none-eabi/12.2.1/thumb/v7e-m+fp/hard\libm.a(libm_a-w_acos.o) (fabs)
c:/sysgcc/arm-eabi/bin/../lib/gcc/arm-none-eabi/12.2.1/thumb/v7e-m+fp/hard\libm.a(libm_a-s_sin.o)
                              VisualGDB/X10_Release/src/GCode.o (sin)
c:/sysgcc/arm-eabi/bin/../lib/gcc/arm-none-eabi/12.2.1/thumb/v7e-m+fp/hard\libm.a(libm_a-s_tan.o)
                              VisualGDB/X10_Release/src/GCode.o (tan)
c:/sysgcc/arm-eabi/bin/../lib/gcc/arm-none-eabi/12.2.1/thumb/v7e-m+fp/hard\libm.a(libm_a-wf_acos.o)
                              VisualGDB/X10_Release/src/GCode.o (acosf)
c:/sysgcc/arm-eabi/bin/../lib/gcc/arm-none-eabi/12.2.1/thumb/v7e-m+fp/hard\libm.a(libm_a-wf_atan2.o)
                              VisualGDB/X10_Release/src/GCode.o (atan2f)
c:/sysgcc/arm-eabi/bin/../lib/gcc/arm-none-eabi/12.2.1/thumb/v7e-m+fp/hard\libm.a(libm_a-wf_fmod.o)
                              VisualGDB/X10_Release/src/GCode.o (fmodf)
c:/sysgcc/arm-eabi/bin/../lib/gcc/arm-none-eabi/12.2.1/thumb/v7e-m+fp/hard\libm.a(libm_a-wf_pow.o)
                              VisualGDB/X10_Release/main.o (powf)
c:/sysgcc/arm-eabi/bin/../lib/gcc/arm-none-eabi/12.2.1/thumb/v7e-m+fp/hard\libm.a(libm_a-sf_cos.o)
                              VisualGDB/X10_Release/src/GCode.o (cosf)
c:/sysgcc/arm-eabi/bin/../lib/gcc/arm-none-eabi/12.2.1/thumb/v7e-m+fp/hard\libm.a(libm_a-sf_fabs.o)
                              c:/sysgcc/arm-eabi/bin/../lib/gcc/arm-none-eabi/12.2.1/thumb/v7e-m+fp/hard\libm.a(libm_a-wf_acos.o) (fabsf)
c:/sysgcc/arm-eabi/bin/../lib/gcc/arm-none-eabi/12.2.1/thumb/v7e-m+fp/hard\libm.a(libm_a-sf_sin.o)
                              VisualGDB/X10_Release/src/GCode.o (sinf)
c:/sysgcc/arm-eabi/bin/../lib/gcc/arm-none-eabi/12.2.1/thumb/v7e-m+fp/hard\libm.a(libm_a-s_nan.o)
                              c:/sysgcc/arm-eabi/bin/../lib/gcc/arm-none-eabi/12.2.1/thumb/v7e-m+fp/hard\libm.a(libm_a-w_acos.o) (nan)
c:/sysgcc/arm-eabi/bin/../lib/gcc/arm-none-eabi/12.2.1/thumb/v7e-m+fp/hard\libm.a(libm_a-sf_finite.o)
                              c:/sysgcc/arm-eabi/bin/../lib/gcc/arm-none-eabi/12.2.1/thumb/v7e-m+fp/hard\libm.a(libm_a-wf_pow.o) (finitef)
c:/sysgcc/arm-eabi/bin/../lib/gcc/arm-none-eabi/12.2.1/thumb/v7e-m+fp/hard\libm.a(libm_a-sf_nan.o)
                              c:/sysgcc/arm-eabi/bin/../lib/gcc/arm-none-eabi/12.2.1/thumb/v7e-m+fp/hard\libm.a(libm_a-wf_acos.o) (nanf)
c:/sysgcc/arm-eabi/bin/../lib/gcc/arm-none-eabi/12.2.1/thumb/v7e-m+fp/hard\libm.a(libm_a-sf_fmax.o)
                              VisualGDB/X10_Release/main.o (fmaxf)
c:/sysgcc/arm-eabi/bin/../lib/gcc/arm-none-eabi/12.2.1/thumb/v7e-m+fp/hard\libm.a(libm_a-sf_fmin.o)
                              VisualGDB/X10_Release/src/MCode.o (fminf)
c:/sysgcc/arm-eabi/bin/../lib/gcc/arm-none-eabi/12.2.1/thumb/v7e-m+fp/hard\libm.a(libm_a-sf_fpclassify.o)
                              c:/sysgcc/arm-eabi/bin/../lib/gcc/arm-none-eabi/12.2.1/thumb/v7e-m+fp/hard\libm.a(libm_a-sf_fmax.o) (__fpclassifyf)
c:/sysgcc/arm-eabi/bin/../lib/gcc/arm-none-eabi/12.2.1/thumb/v7e-m+fp/hard\libm.a(libm_a-s_round.o)
                              VisualGDB/X10_Release/src/MCode.o (round)
c:/sysgcc/arm-eabi/bin/../lib/gcc/arm-none-eabi/12.2.1/thumb/v7e-m+fp/hard\libm.a(libm_a-sf_round.o)
                              VisualGDB/X10_Release/src/GCode.o (roundf)
c:/sysgcc/arm-eabi/bin/../lib/gcc/arm-none-eabi/12.2.1/thumb/v7e-m+fp/hard\libm.a(libm_a-k_cos.o)
                              c:/sysgcc/arm-eabi/bin/../lib/gcc/arm-none-eabi/12.2.1/thumb/v7e-m+fp/hard\libm.a(libm_a-s_cos.o) (__kernel_cos)
c:/sysgcc/arm-eabi/bin/../lib/gcc/arm-none-eabi/12.2.1/thumb/v7e-m+fp/hard\libm.a(libm_a-k_sin.o)
                              c:/sysgcc/arm-eabi/bin/../lib/gcc/arm-none-eabi/12.2.1/thumb/v7e-m+fp/hard\libm.a(libm_a-s_cos.o) (__kernel_sin)
c:/sysgcc/arm-eabi/bin/../lib/gcc/arm-none-eabi/12.2.1/thumb/v7e-m+fp/hard\libm.a(libm_a-k_tan.o)
                              c:/sysgcc/arm-eabi/bin/../lib/gcc/arm-none-eabi/12.2.1/thumb/v7e-m+fp/hard\libm.a(libm_a-s_tan.o) (__kernel_tan)
c:/sysgcc/arm-eabi/bin/../lib/gcc/arm-none-eabi/12.2.1/thumb/v7e-m+fp/hard\libm.a(libm_a-e_acos.o)
                              c:/sysgcc/arm-eabi/bin/../lib/gcc/arm-none-eabi/12.2.1/thumb/v7e-m+fp/hard\libm.a(libm_a-w_acos.o) (__ieee754_acos)
c:/sysgcc/arm-eabi/bin/../lib/gcc/arm-none-eabi/12.2.1/thumb/v7e-m+fp/hard\libm.a(libm_a-e_rem_pio2.o)
[...]
Memory Configuration

Name             Origin             Length             Attributes
rom              0x08000000         0x00100000         xr
ram              0x20000000         0x00020000         xrw
*default*        0x00000000         0xffffffff

Linker script and memory map

LOAD c:/sysgcc/arm-eabi/bin/../lib/gcc/arm-none-eabi/12.2.1/thumb/v7e-m+fp/hard/crti.o
LOAD c:/sysgcc/arm-eabi/bin/../lib/gcc/arm-none-eabi/12.2.1/thumb/v7e-m+fp/hard/crtbegin.o
LOAD c:/sysgcc/arm-eabi/bin/../lib/gcc/arm-none-eabi/12.2.1/thumb/v7e-m+fp/hard/crt0.o
START GROUP
LOAD VisualGDB/X10_Release/cmsis_boot/startup/startup_stm32f4xx.o
LOAD VisualGDB/X10_Release/cmsis_boot/system_stm32f4xx.o
LOAD VisualGDB/X10_Release/cmsis_lib/src/stm32f4xx_adc.o
LOAD VisualGDB/X10_Release/cmsis_lib/src/stm32f4xx_can.o
LOAD VisualGDB/X10_Release/cmsis_lib/src/stm32f4xx_dac.o
LOAD VisualGDB/X10_Release/cmsis_lib/src/stm32f4xx_dma.o
LOAD VisualGDB/X10_Release/cmsis_lib/src/stm32f4xx_exti.o
LOAD VisualGDB/X10_Release/cmsis_lib/src/stm32f4xx_flash.o
LOAD VisualGDB/X10_Release/cmsis_lib/src/stm32f4xx_fsmc.o
LOAD VisualGDB/X10_Release/cmsis_lib/src/stm32f4xx_gpio.o
LOAD VisualGDB/X10_Release/cmsis_lib/src/stm32f4xx_i2c.o
LOAD VisualGDB/X10_Release/cmsis_lib/src/stm32f4xx_it.o
LOAD VisualGDB/X10_Release/cmsis_lib/src/stm32f4xx_iwdg.o
LOAD VisualGDB/X10_Release/cmsis_lib/src/stm32f4xx_misc.o
LOAD VisualGDB/X10_Release/cmsis_lib/src/stm32f4xx_pwr.o
LOAD VisualGDB/X10_Release/cmsis_lib/src/stm32f4xx_rcc.o
LOAD VisualGDB/X10_Release/cmsis_lib/src/stm32f4xx_rtc.o
LOAD VisualGDB/X10_Release/cmsis_lib/src/stm32f4xx_sdio.o
LOAD VisualGDB/X10_Release/cmsis_lib/src/stm32f4xx_spi.o
LOAD VisualGDB/X10_Release/cmsis_lib/src/stm32f4xx_syscfg.o
LOAD VisualGDB/X10_Release/cmsis_lib/src/stm32f4xx_tim.o
LOAD VisualGDB/X10_Release/cmsis_lib/src/stm32f4xx_usart.o
LOAD VisualGDB/X10_Release/common/lcd/controllers/ili9341.o
LOAD VisualGDB/X10_Release/common/lcd/controllers/ssd1306.o
LOAD VisualGDB/X10_Release/common/lcd/controllers/st7735.o
LOAD VisualGDB/X10_Release/common/lcd/fonts/font12.o
LOAD VisualGDB/X10_Release/common/lcd/fonts/font16.o
LOAD VisualGDB/X10_Release/common/lcd/fonts/font20.o
LOAD VisualGDB/X10_Release/common/lcd/fonts/font20_14.o
LOAD VisualGDB/X10_Release/common/lcd/fonts/font22.o
LOAD VisualGDB/X10_Release/common/lcd/fonts/font24.o
LOAD VisualGDB/X10_Release/common/lcd/fonts/font8.o
LOAD VisualGDB/X10_Release/common/lcd/lcd.o
LOAD VisualGDB/X10_Release/common/src/gui.o
LOAD VisualGDB/X10_Release/common/src/hyrel_can.o
LOAD VisualGDB/X10_Release/common/src/pins.o
LOAD VisualGDB/X10_Release/common/src/util.o
LOAD VisualGDB/X10_Release/display/colortables.o
LOAD VisualGDB/X10_Release/display/display.o
LOAD VisualGDB/X10_Release/display/DisplayList.o
LOAD VisualGDB/X10_Release/display/gui.o
LOAD VisualGDB/X10_Release/display/lcdspi_4xx.o
LOAD VisualGDB/X10_Release/display/st7789.o
LOAD VisualGDB/X10_Release/main.o
LOAD VisualGDB/X10_Release/src/adc.o
LOAD VisualGDB/X10_Release/src/adc_table.o
LOAD VisualGDB/X10_Release/src/bootloader.o
LOAD VisualGDB/X10_Release/src/cruftyCode.o
LOAD VisualGDB/X10_Release/src/diags.o
LOAD VisualGDB/X10_Release/src/display.o
LOAD VisualGDB/X10_Release/src/GCode.o
LOAD VisualGDB/X10_Release/src/HardwareInit.o
LOAD VisualGDB/X10_Release/src/headSetup.o
LOAD VisualGDB/X10_Release/src/Hydra_can.o
LOAD VisualGDB/X10_Release/src/mailbox.o
LOAD VisualGDB/X10_Release/src/MCode.o
LOAD VisualGDB/X10_Release/src/MotorDrivers.o
LOAD VisualGDB/X10_Release/src/pinInit.o
LOAD VisualGDB/X10_Release/src/pnp.o
LOAD VisualGDB/X10_Release/src/Serial.o
LOAD VisualGDB/X10_Release/sysmem.o
LOAD VisualGDB/X10_Release/usb_lib/src/usbd_cdc_core.o
LOAD VisualGDB/X10_Release/usb_lib/src/usbd_cdc_vcp.o
LOAD VisualGDB/X10_Release/usb_lib/src/usbd_core.o
LOAD VisualGDB/X10_Release/usb_lib/src/usbd_desc.o
LOAD VisualGDB/X10_Release/usb_lib/src/usbd_ioreq.o
LOAD VisualGDB/X10_Release/usb_lib/src/usbd_req.o
LOAD VisualGDB/X10_Release/usb_lib/src/usbd_usr.o
LOAD VisualGDB/X10_Release/usb_lib/src/usb_bsp.o
LOAD VisualGDB/X10_Release/usb_lib/src/usb_core.o
LOAD VisualGDB/X10_Release/usb_lib/src/usb_dcd.o
LOAD VisualGDB/X10_Release/usb_lib/src/usb_dcd_int.o
END GROUP
LOAD c:/sysgcc/arm-eabi/bin/../lib/gcc/arm-none-eabi/12.2.1/thumb/v7e-m+fp/hard\libstdc++_nano.a
LOAD c:/sysgcc/arm-eabi/bin/../lib/gcc/arm-none-eabi/12.2.1/thumb/v7e-m+fp/hard\libm.a
START GROUP
LOAD c:/sysgcc/arm-eabi/bin/../lib/gcc/arm-none-eabi/12.2.1/thumb/v7e-m+fp/hard\libgcc.a
LOAD c:/sysgcc/arm-eabi/bin/../lib/gcc/arm-none-eabi/12.2.1/thumb/v7e-m+fp/hard\libc_nano.a
END GROUP
START GROUP
LOAD c:/sysgcc/arm-eabi/bin/../lib/gcc/arm-none-eabi/12.2.1/thumb/v7e-m+fp/hard\libgcc.a
LOAD c:/sysgcc/arm-eabi/bin/../lib/gcc/arm-none-eabi/12.2.1/thumb/v7e-m+fp/hard\libc_nano.a
LOAD c:/sysgcc/arm-eabi/bin/../lib/gcc/arm-none-eabi/12.2.1/thumb/v7e-m+fp/hard\libnosys.a
END GROUP
START GROUP
LOAD c:/sysgcc/arm-eabi/bin/../lib/gcc/arm-none-eabi/12.2.1/thumb/v7e-m+fp/hard\libgcc.a
LOAD c:/sysgcc/arm-eabi/bin/../lib/gcc/arm-none-eabi/12.2.1/thumb/v7e-m+fp/hard\libc_nano.a
LOAD c:/sysgcc/arm-eabi/bin/../lib/gcc/arm-none-eabi/12.2.1/thumb/v7e-m+fp/hard\libnosys.a
END GROUP
LOAD c:/sysgcc/arm-eabi/bin/../lib/gcc/arm-none-eabi/12.2.1/thumb/v7e-m+fp/hard/crtend.o
LOAD c:/sysgcc/arm-eabi/bin/../lib/gcc/arm-none-eabi/12.2.1/thumb/v7e-m+fp/hard/crtn.o
                0x20020000                        _eram = 0x20020000

.text           0x08000000    0x4d8e0
 *(.isr_vector .isr_vector.*)
 .isr_vector    0x08000000      0x188 VisualGDB/X10_Release/cmsis_boot/startup/startup_stm32f4xx.o
                0x08000000                g_pfnVectors
 *(.text .text.* .gnu.linkonce.t.*)
 .text.Default_Handler
                0x08000188       0x14 VisualGDB/X10_Release/cmsis_boot/startup/startup_stm32f4xx.o
                0x08000188                RTC_Alarm_IRQHandler
                0x08000188                HASH_RNG_IRQHandler
                0x08000188                TIM8_CC_IRQHandler
                0x08000188                TIM1_CC_IRQHandler
                0x08000188                DMA2_Stream5_IRQHandler
                0x08000188                DMA1_Stream5_IRQHandler
                0x08000188                PVD_IRQHandler
                0x08000188                SDIO_IRQHandler
                0x08000188                TAMP_STAMP_IRQHandler
                0x08000188                CAN2_RX1_IRQHandler
                0x08000188                I2C3_ER_IRQHandler
                0x08000188                I2C2_EV_IRQHandler
                0x08000188                DMA1_Stream2_IRQHandler
                0x08000188                CAN1_RX0_IRQHandler
                0x08000188                FPU_IRQHandler
                0x08000188                OTG_HS_WKUP_IRQHandler
                0x08000188                CAN2_SCE_IRQHandler
                0x08000188                DMA2_Stream2_IRQHandler
                0x08000188                SPI1_IRQHandler
                0x08000188                DCMI_IRQHandler
                0x08000188                CAN2_RX0_IRQHandler
                0x08000188                DMA2_Stream3_IRQHandler
                0x08000188                CRYP_IRQHandler
                0x08000188                CAN1_RX1_IRQHandler
                0x08000188                UART5_IRQHandler
                0x08000188                DMA2_Stream0_IRQHandler
                0x08000188                I2C1_EV_IRQHandler
                0x08000188                DMA1_Stream6_IRQHandler
                0x08000188                DMA1_Stream1_IRQHandler
                0x08000188                RCC_IRQHandler
                0x08000188                ADC_IRQHandler
                0x08000188                DMA1_Stream7_IRQHandler
                0x08000188                CAN2_TX_IRQHandler
                0x08000188                DMA2_Stream7_IRQHandler
                0x08000188                I2C3_EV_IRQHandler
                0x08000188                RTC_WKUP_IRQHandler
                0x08000188                ETH_WKUP_IRQHandler
                0x08000188                SPI2_IRQHandler
                0x08000188                OTG_HS_EP1_IN_IRQHandler
                0x08000188                DMA1_Stream0_IRQHandler
                0x08000188                CAN1_TX_IRQHandler
                0x08000188                FSMC_IRQHandler
                0x08000188                ETH_IRQHandler
                0x08000188                OTG_HS_EP1_OUT_IRQHandler
                0x08000188                WWDG_IRQHandler
                0x08000188                OTG_HS_IRQHandler
                0x08000188                USART2_IRQHandler
                0x08000188                I2C2_ER_IRQHandler
                0x08000188                DMA2_Stream1_IRQHandler
                0x08000188                CAN1_SCE_IRQHandler
                0x08000188                FLASH_IRQHandler
                0x08000188                DMA2_Stream4_IRQHandler
                0x08000188                USART1_IRQHandler
                0x08000188                SPI3_IRQHandler
                0x08000188                DMA1_Stream4_IRQHandler
                0x08000188                I2C1_ER_IRQHandler
                0x08000188                DMA2_Stream6_IRQHandler
                0x08000188                DMA1_Stream3_IRQHandler
 .text.SystemInit
                0x0800019c       0x6c VisualGDB/X10_Release/cmsis_boot/system_stm32f4xx.o
                0x0800019c                SystemInit
 .text.SetSysClock
                0x08000208      0x104 VisualGDB/X10_Release/cmsis_boot/system_stm32f4xx.o
 .text.ADC_DeInit
                0x0800030c       0x1c VisualGDB/X10_Release/cmsis_lib/src/stm32f4xx_adc.o
                0x0800030c                ADC_DeInit
 .text.ADC_Init
                0x08000328       0xac VisualGDB/X10_Release/cmsis_lib/src/stm32f4xx_adc.o
                0x08000328                ADC_Init
 .text.ADC_CommonInit
                0x080003d4       0x50 VisualGDB/X10_Release/cmsis_lib/src/stm32f4xx_adc.o
                0x080003d4                ADC_CommonInit
 .text.ADC_Cmd  0x08000424       0x38 VisualGDB/X10_Release/cmsis_lib/src/stm32f4xx_adc.o
                0x08000424                ADC_Cmd
 .text.ADC_RegularChannelConfig
                0x0800045c      0x194 VisualGDB/X10_Release/cmsis_lib/src/stm32f4xx_adc.o
                0x0800045c                ADC_RegularChannelConfig
 .text.ADC_SoftwareStartConv
                0x080005f0       0x20 VisualGDB/X10_Release/cmsis_lib/src/stm32f4xx_adc.o
                0x080005f0                ADC_SoftwareStartConv
 .text.ADC_DMACmd
                0x08000610       0x38 VisualGDB/X10_Release/cmsis_lib/src/stm32f4xx_adc.o
                0x08000610                ADC_DMACmd
 .text.ADC_DMARequestAfterLastTransferCmd
                0x08000648       0x38 VisualGDB/X10_Release/cmsis_lib/src/stm32f4xx_adc.o
                0x08000648                ADC_DMARequestAfterLastTransferCmd
 .text.CAN_Init
                0x08000680      0x1a2 VisualGDB/X10_Release/cmsis_lib/src/stm32f4xx_can.o
                0x08000680                CAN_Init
 *fill*         0x08000822        0x2 
 .text.CAN_FilterInit
                0x08000824      0x184 VisualGDB/X10_Release/cmsis_lib/src/stm32f4xx_can.o
                0x08000824                CAN_FilterInit
 .text.CAN_StructInit
                0x080009a8       0x56 VisualGDB/X10_Release/cmsis_lib/src/stm32f4xx_can.o
                0x080009a8                CAN_StructInit
 *fill*         0x080009fe        0x2 
 .text.DMA_Init
                0x08000a00       0xb0 VisualGDB/X10_Release/cmsis_lib/src/stm32f4xx_dma.o
                0x08000a00                DMA_Init
 .text.DMA_Cmd  0x08000ab0       0x38 VisualGDB/X10_Release/cmsis_lib/src/stm32f4xx_dma.o
                0x08000ab0                DMA_Cmd
 .text.EXTI_DeInit
                0x08000ae8       0x34 VisualGDB/X10_Release/cmsis_lib/src/stm32f4xx_exti.o
                0x08000ae8                EXTI_DeInit
 .text.EXTI_Init
                0x08000b1c       0xe4 VisualGDB/X10_Release/cmsis_lib/src/stm32f4xx_exti.o
                0x08000b1c                EXTI_Init
 .text.EXTI_GetITStatus
                0x08000c00       0x48 VisualGDB/X10_Release/cmsis_lib/src/stm32f4xx_exti.o
                0x08000c00                EXTI_GetITStatus
 .text.EXTI_ClearITPendingBit
                0x08000c48       0x20 VisualGDB/X10_Release/cmsis_lib/src/stm32f4xx_exti.o
                0x08000c48                EXTI_ClearITPendingBit
 .text.FLASH_Unlock
                0x08000c68       0x30 VisualGDB/X10_Release/cmsis_lib/src/stm32f4xx_flash.o
                0x08000c68                FLASH_Unlock
 .text.FLASH_Lock
                0x08000c98       0x20 VisualGDB/X10_Release/cmsis_lib/src/stm32f4xx_flash.o
                0x08000c98                FLASH_Lock
 .text.FLASH_EraseSector
                0x08000cb8       0xc0 VisualGDB/X10_Release/cmsis_lib/src/stm32f4xx_flash.o
                0x08000cb8                FLASH_EraseSector
 .text.FLASH_ProgramWord
                0x08000d78       0x68 VisualGDB/X10_Release/cmsis_lib/src/stm32f4xx_flash.o
                0x08000d78                FLASH_ProgramWord
 .text.FLASH_ProgramByte
                0x08000de0       0x68 VisualGDB/X10_Release/cmsis_lib/src/stm32f4xx_flash.o
                0x08000de0                FLASH_ProgramByte
 .text.FLASH_GetStatus
                0x08000e48       0x6c VisualGDB/X10_Release/cmsis_lib/src/stm32f4xx_flash.o
                0x08000e48                FLASH_GetStatus
 .text.FLASH_WaitForLastOperation
                0x08000eb4       0x30 VisualGDB/X10_Release/cmsis_lib/src/stm32f4xx_flash.o
                0x08000eb4                FLASH_WaitForLastOperation
 .text.GPIO_Init
                0x08000ee4      0x11e VisualGDB/X10_Release/cmsis_lib/src/stm32f4xx_gpio.o
                0x08000ee4                GPIO_Init
 .text.GPIO_ReadInputDataBit
                0x08001002       0x34 VisualGDB/X10_Release/cmsis_lib/src/stm32f4xx_gpio.o
                0x08001002                GPIO_ReadInputDataBit
 .text.GPIO_PinAFConfig
                0x08001036       0x92 VisualGDB/X10_Release/cmsis_lib/src/stm32f4xx_gpio.o
                0x08001036                GPIO_PinAFConfig
 .text.NMI_Handler
                0x080010c8       0x14 VisualGDB/X10_Release/cmsis_lib/src/stm32f4xx_it.o
                0x080010c8                NMI_Handler
 .text.HardFault_Handler
                0x080010dc       0x14 VisualGDB/X10_Release/cmsis_lib/src/stm32f4xx_it.o
                0x080010dc                HardFault_Handler
 .text.MemManage_Handler
                0x080010f0       0x14 VisualGDB/X10_Release/cmsis_lib/src/stm32f4xx_it.o
                0x080010f0                MemManage_Handler
 .text.BusFault_Handler
                0x08001104       0x14 VisualGDB/X10_Release/cmsis_lib/src/stm32f4xx_it.o
                0x08001104                BusFault_Handler
 .text.UsageFault_Handler
                0x08001118       0x14 VisualGDB/X10_Release/cmsis_lib/src/stm32f4xx_it.o
                0x08001118                UsageFault_Handler
 .text.SVC_Handler
                0x0800112c       0x14 VisualGDB/X10_Release/cmsis_lib/src/stm32f4xx_it.o
                0x0800112c                SVC_Handler
 .text.DebugMon_Handler
                0x08001140        0xe VisualGDB/X10_Release/cmsis_lib/src/stm32f4xx_it.o
                0x08001140                DebugMon_Handler
 .text.PendSV_Handler
                0x0800114e        0xe VisualGDB/X10_Release/cmsis_lib/src/stm32f4xx_it.o
                0x0800114e                PendSV_Handler
 .text.IWDG_ReloadCounter
                0x0800115c       0x1c VisualGDB/X10_Release/cmsis_lib/src/stm32f4xx_iwdg.o
                0x0800115c                IWDG_ReloadCounter
 .text.NVIC_PriorityGroupConfig
                0x08001178       0x28 VisualGDB/X10_Release/cmsis_lib/src/stm32f4xx_misc.o
                0x08001178                NVIC_PriorityGroupConfig
 .text.NVIC_Init
                0x080011a0       0xd0 VisualGDB/X10_Release/cmsis_lib/src/stm32f4xx_misc.o
                0x080011a0                NVIC_Init
 .text.NVIC_SetVectorTable
                0x08001270       0x2c VisualGDB/X10_Release/cmsis_lib/src/stm32f4xx_misc.o
                0x08001270                NVIC_SetVectorTable
 .text.RCC_GetClocksFreq
                0x0800129c      0x15c VisualGDB/X10_Release/cmsis_lib/src/stm32f4xx_rcc.o
                0x0800129c                RCC_GetClocksFreq
 .text.RCC_AHB1PeriphClockCmd
                0x080013f8       0x40 VisualGDB/X10_Release/cmsis_lib/src/stm32f4xx_rcc.o
                0x080013f8                RCC_AHB1PeriphClockCmd
 .text.RCC_APB1PeriphClockCmd
                0x08001438       0x40 VisualGDB/X10_Release/cmsis_lib/src/stm32f4xx_rcc.o
                0x08001438                RCC_APB1PeriphClockCmd
 .text.RCC_APB1PeriphResetCmd
                0x08001478       0x40 VisualGDB/X10_Release/cmsis_lib/src/stm32f4xx_rcc.o
                0x08001478                RCC_APB1PeriphResetCmd
 .text.RCC_APB2PeriphResetCmd
                0x080014b8       0x40 VisualGDB/X10_Release/cmsis_lib/src/stm32f4xx_rcc.o
                0x080014b8                RCC_APB2PeriphResetCmd
 .text.RCC_GetFlagStatus
                0x080014f8       0x74 VisualGDB/X10_Release/cmsis_lib/src/stm32f4xx_rcc.o
                0x080014f8                RCC_GetFlagStatus
 .text.RCC_ClearFlag
                0x0800156c       0x20 VisualGDB/X10_Release/cmsis_lib/src/stm32f4xx_rcc.o
                0x0800156c                RCC_ClearFlag
 .text.SPI_Init
                0x0800158c       0x88 VisualGDB/X10_Release/cmsis_lib/src/stm32f4xx_spi.o
                0x0800158c                SPI_Init
 .text.SPI_StructInit
                0x08001614       0x4a VisualGDB/X10_Release/cmsis_lib/src/stm32f4xx_spi.o
                0x08001614                SPI_StructInit
 .text.SPI_Cmd  0x0800165e       0x40 VisualGDB/X10_Release/cmsis_lib/src/stm32f4xx_spi.o
                0x0800165e                SPI_Cmd
 *fill*         0x0800169e        0x2 
 .text.SYSCFG_EXTILineConfig
                0x080016a0       0x84 VisualGDB/X10_Release/cmsis_lib/src/stm32f4xx_syscfg.o
                0x080016a0                SYSCFG_EXTILineConfig
 .text.TIM_TimeBaseInit
                0x08001724       0xd8 VisualGDB/X10_Release/cmsis_lib/src/stm32f4xx_tim.o
                0x08001724                TIM_TimeBaseInit
 .text.TIM_TimeBaseStructInit
                0x080017fc       0x34 VisualGDB/X10_Release/cmsis_lib/src/stm32f4xx_tim.o
                0x080017fc                TIM_TimeBaseStructInit
 .text.TIM_UpdateRequestConfig
                0x08001830       0x40 VisualGDB/X10_Release/cmsis_lib/src/stm32f4xx_tim.o
                0x08001830                TIM_UpdateRequestConfig
 .text.TIM_ARRPreloadConfig
                0x08001870       0x40 VisualGDB/X10_Release/cmsis_lib/src/stm32f4xx_tim.o
                0x08001870                TIM_ARRPreloadConfig
 .text.TIM_Cmd  0x080018b0       0x40 VisualGDB/X10_Release/cmsis_lib/src/stm32f4xx_tim.o
                0x080018b0                TIM_Cmd
 .text.TIM_OC2Init
                0x080018f0      0x110 VisualGDB/X10_Release/cmsis_lib/src/stm32f4xx_tim.o
                0x080018f0                TIM_OC2Init
 .text.TIM_OC3Init
                0x08001a00      0x10c VisualGDB/X10_Release/cmsis_lib/src/stm32f4xx_tim.o
                0x08001a00                TIM_OC3Init
 .text.TIM_OC4Init
                0x08001b0c       0xd0 VisualGDB/X10_Release/cmsis_lib/src/stm32f4xx_tim.o
                0x08001b0c                TIM_OC4Init
 .text.TIM_OCStructInit
                0x08001bdc       0x44 VisualGDB/X10_Release/cmsis_lib/src/stm32f4xx_tim.o
                0x08001bdc                TIM_OCStructInit
 .text.TIM_OC2PreloadConfig
                0x08001c20       0x3c VisualGDB/X10_Release/cmsis_lib/src/stm32f4xx_tim.o
                0x08001c20                TIM_OC2PreloadConfig
 .text.TIM_OC3PreloadConfig
                0x08001c5c       0x38 VisualGDB/X10_Release/cmsis_lib/src/stm32f4xx_tim.o
                0x08001c5c                TIM_OC3PreloadConfig
 .text.TIM_OC4PreloadConfig
                0x08001c94       0x3c VisualGDB/X10_Release/cmsis_lib/src/stm32f4xx_tim.o
                0x08001c94                TIM_OC4PreloadConfig
 .text.TIM_GetCapture4
                0x08001cd0       0x18 VisualGDB/X10_Release/cmsis_lib/src/stm32f4xx_tim.o
                0x08001cd0                TIM_GetCapture4
 .text.TIM_CtrlPWMOutputs
                0x08001ce8       0x4c VisualGDB/X10_Release/cmsis_lib/src/stm32f4xx_tim.o
                0x08001ce8                TIM_CtrlPWMOutputs
 .text.TIM_ITConfig
                0x08001d34       0x48 VisualGDB/X10_Release/cmsis_lib/src/stm32f4xx_tim.o
                0x08001d34                TIM_ITConfig
 .text.TIM_GetITStatus
                0x08001d7c       0x54 VisualGDB/X10_Release/cmsis_lib/src/stm32f4xx_tim.o
                0x08001d7c                TIM_GetITStatus
 .text.TIM_ClearITPendingBit
                0x08001dd0       0x22 VisualGDB/X10_Release/cmsis_lib/src/stm32f4xx_tim.o
                0x08001dd0                TIM_ClearITPendingBit
 .text.TIM_ETRClockMode1Config
                0x08001df2       0x5e VisualGDB/X10_Release/cmsis_lib/src/stm32f4xx_tim.o
                0x08001df2                TIM_ETRClockMode1Config
 .text.TIM_ETRConfig
                0x08001e50       0x54 VisualGDB/X10_Release/cmsis_lib/src/stm32f4xx_tim.o
                0x08001e50                TIM_ETRConfig
 .text.TIM_EncoderInterfaceConfig
                0x08001ea4       0x98 VisualGDB/X10_Release/cmsis_lib/src/stm32f4xx_tim.o
                0x08001ea4                TIM_EncoderInterfaceConfig
 .text.USART_Init
                0x08001f3c      0x174 VisualGDB/X10_Release/cmsis_lib/src/stm32f4xx_usart.o
                0x08001f3c                USART_Init
 .text.USART_Cmd
                0x080020b0       0x40 VisualGDB/X10_Release/cmsis_lib/src/stm32f4xx_usart.o
                0x080020b0                USART_Cmd
 .text.USART_ITConfig
                0x080020f0       0x90 VisualGDB/X10_Release/cmsis_lib/src/stm32f4xx_usart.o
                0x080020f0                USART_ITConfig
 .text.USART_GetFlagStatus
                0x08002180       0x38 VisualGDB/X10_Release/cmsis_lib/src/stm32f4xx_usart.o
                0x08002180                USART_GetFlagStatus
 .text.calculateChecksum32
                0x080021b8       0x50 VisualGDB/X10_Release/common/src/hyrel_can.o
                0x080021b8                calculateChecksum32
 .text.canIsValidAlias
                0x08002208       0x70 VisualGDB/X10_Release/common/src/hyrel_can.o
                0x08002208                canIsValidAlias
 .text.canMsgIdToNumBytes
                0x08002278      0x114 VisualGDB/X10_Release/common/src/hyrel_can.o
                0x08002278                canMsgIdToNumBytes
 .text.canCheckCanStruct
                0x0800238c       0xb8 VisualGDB/X10_Release/common/src/hyrel_can.o
                0x0800238c                canCheckCanStruct
 .text.canTransmitOpenMailbox
                0x08002444       0x44 VisualGDB/X10_Release/common/src/hyrel_can.o
                0x08002444                canTransmitOpenMailbox
 .text.canTransmit
                0x08002488      0x1d8 VisualGDB/X10_Release/common/src/hyrel_can.o
                0x08002488                canTransmit
 .text.canTransmitSwPacket
                0x08002660       0xb0 VisualGDB/X10_Release/common/src/hyrel_can.o
                0x08002660                canTransmitSwPacket
 .text.updateTxQueueIndices
                0x08002710       0x60 VisualGDB/X10_Release/common/src/hyrel_can.o
                0x08002710                updateTxQueueIndices
 .text.checkForCanTransmitErrors
                0x08002770      0x11c VisualGDB/X10_Release/common/src/hyrel_can.o
                0x08002770                checkForCanTransmitErrors
 .text.canProcessTxQueue
                0x0800288c       0xd4 VisualGDB/X10_Release/common/src/hyrel_can.o
                0x0800288c                canProcessTxQueue
 .text.canGetTxQueueNextInPtr
                0x08002960       0x5c VisualGDB/X10_Release/common/src/hyrel_can.o
                0x08002960                canGetTxQueueNextInPtr
 .text.canFillOutCanStruct
                0x080029bc       0x98 VisualGDB/X10_Release/common/src/hyrel_can.o
                0x080029bc                canFillOutCanStruct
 .text.canAddToTxQueue
                0x08002a54      0x19c VisualGDB/X10_Release/common/src/hyrel_can.o
                0x08002a54                canAddToTxQueue
 .text.WriteExtrusionCommandtoTxQue
                0x08002bf0       0x48 VisualGDB/X10_Release/common/src/hyrel_can.o
                0x08002bf0                WriteExtrusionCommandtoTxQue
 .text.canPackIntoTxQueue1x32
                0x08002c38       0x9a VisualGDB/X10_Release/common/src/hyrel_can.o
                0x08002c38                canPackIntoTxQueue1x32
 .text.canPackIntoTxQueue2x32
                0x08002cd2       0x9a VisualGDB/X10_Release/common/src/hyrel_can.o
                0x08002cd2                canPackIntoTxQueue2x32
 .text.canPackIntoTxQueue1x32_2x16
                0x08002d6c       0xa0 VisualGDB/X10_Release/common/src/hyrel_can.o
                0x08002d6c                canPackIntoTxQueue1x32_2x16
 .text.canPackIntoTxQueue1x16
                0x08002e0c       0xa6 VisualGDB/X10_Release/common/src/hyrel_can.o
                0x08002e0c                canPackIntoTxQueue1x16
 .text.canPackIntoTxQueue2x16
                0x08002eb2       0xa6 VisualGDB/X10_Release/common/src/hyrel_can.o
                0x08002eb2                canPackIntoTxQueue2x16
 .text.canPackIntoTxQueue3x16
                0x08002f58       0xa6 VisualGDB/X10_Release/common/src/hyrel_can.o
                0x08002f58                canPackIntoTxQueue3x16
 .text.canPackIntoTxQueue4x16
                0x08002ffe       0xa6 VisualGDB/X10_Release/common/src/hyrel_can.o
                0x08002ffe                canPackIntoTxQueue4x16
 .text.canPackIntoTxQueue1x8
                0x080030a4       0x96 VisualGDB/X10_Release/common/src/hyrel_can.o
                0x080030a4                canPackIntoTxQueue1x8
 .text.canPackIntoTxQueue8x8
                0x0800313a       0x9a VisualGDB/X10_Release/common/src/hyrel_can.o
                0x0800313a                canPackIntoTxQueue8x8
 .text.canPackIntoTxQueueNoData
                0x080031d4       0x8e VisualGDB/X10_Release/common/src/hyrel_can.o
                0x080031d4                canPackIntoTxQueueNoData
 .text.canGetMailboxData
                0x08003262       0x36 VisualGDB/X10_Release/common/src/hyrel_can.o
                0x08003262                canGetMailboxData
 .text.canMsgWaitingFifo0
                0x08003298       0x28 VisualGDB/X10_Release/common/src/hyrel_can.o
                0x08003298                canMsgWaitingFifo0
 .text.canMsgWaitingFifo1
                0x080032c0       0x28 VisualGDB/X10_Release/common/src/hyrel_can.o
                0x080032c0                canMsgWaitingFifo1
 .text.canReceiveFifo0
                0x080032e8       0x40 VisualGDB/X10_Release/common/src/hyrel_can.o
                0x080032e8                canReceiveFifo0
 .text.canReceiveFifo1
                0x08003328       0x40 VisualGDB/X10_Release/common/src/hyrel_can.o
                0x08003328                canReceiveFifo1
 .text.canAddToImmediateRxQueue
                0x08003368       0xe0 VisualGDB/X10_Release/common/src/hyrel_can.o
                0x08003368                canAddToImmediateRxQueue
 .text.canAddToRxQueue
                0x08003448      0x3e4 VisualGDB/X10_Release/common/src/hyrel_can.o
                0x08003448                canAddToRxQueue
 .text.canPrepNextRx
                0x0800382c       0xd8 VisualGDB/X10_Release/common/src/hyrel_can.o
                0x0800382c                canPrepNextRx
 .text.canReceiveString
                0x08003904       0x96 VisualGDB/X10_Release/common/src/hyrel_can.o
                0x08003904                canReceiveString
 .text.canProcessTxQueueNoReturn
                0x0800399a        0xc VisualGDB/X10_Release/common/src/hyrel_can.o
                0x0800399a                canProcessTxQueueNoReturn
 *fill*         0x080039a6        0x2 
 .text.pinExtractPortPtr
                0x080039a8       0xa8 VisualGDB/X10_Release/common/src/pins.o
                0x080039a8                pinExtractPortPtr
 .text.pinInit  0x08003a50       0xce VisualGDB/X10_Release/common/src/pins.o
                0x08003a50                pinInit
 .text.pinClear
                0x08003b1e       0x34 VisualGDB/X10_Release/common/src/pins.o
                0x08003b1e                pinClear
 .text.pinSet   0x08003b52       0x34 VisualGDB/X10_Release/common/src/pins.o
                0x08003b52                pinSet
 .text.pinWrite
                0x08003b86       0x30 VisualGDB/X10_Release/common/src/pins.o
                0x08003b86                pinWrite
 .text.pinRead  0x08003bb6       0x36 VisualGDB/X10_Release/common/src/pins.o
                0x08003bb6                pinRead
 .text.initClkAndResetAPB1
                0x08003bec       0x4c VisualGDB/X10_Release/common/src/util.o
                0x08003bec                initClkAndResetAPB1
 .text.initClkAndResetAPB2
                0x08003c38       0x4c VisualGDB/X10_Release/common/src/util.o
                0x08003c38                initClkAndResetAPB2
 .text.interruptSetupAndDisable
                0x08003c84       0x32 VisualGDB/X10_Release/common/src/util.o
                0x08003c84                interruptSetupAndDisable
 .text.interruptSetupAndEnable
                0x08003cb6       0x32 VisualGDB/X10_Release/common/src/util.o
                0x08003cb6                interruptSetupAndEnable
 .text.imin     0x08003ce8       0x24 VisualGDB/X10_Release/common/src/util.o
                0x08003ce8                imin
 .text.imax     0x08003d0c       0x24 VisualGDB/X10_Release/common/src/util.o
                0x08003d0c                imax
 .text.iFitWithinRange
                0x08003d30       0x32 VisualGDB/X10_Release/common/src/util.o
                0x08003d30                iFitWithinRange
 .text.fFitWithinRange
                0x08003d62       0x52 VisualGDB/X10_Release/common/src/util.o
                0x08003d62                fFitWithinRange
 .text.delayUsec
                0x08003db4       0x2a VisualGDB/X10_Release/common/src/util.o
                0x08003db4                delayUsec
 .text.delayMsec
                0x08003dde       0x2e VisualGDB/X10_Release/common/src/util.o
                0x08003dde                delayMsec
 .text.interruptsOff
                0x08003e0c       0x28 VisualGDB/X10_Release/common/src/util.o
                0x08003e0c                interruptsOff
 .text.interruptsOn
                0x08003e34       0x1e VisualGDB/X10_Release/common/src/util.o
                0x08003e34                interruptsOn
 .text.fpu_sqrtf
                0x08003e52       0x1e VisualGDB/X10_Release/common/src/util.o
                0x08003e52                fpu_sqrtf
 .text.getPidMethodStr
                0x08003e70       0xc4 VisualGDB/X10_Release/common/src/util.o
                0x08003e70                getPidMethodStr
 .text.WriteGuiBuffer
                0x08003f34       0x20 VisualGDB/X10_Release/display/display.o
                0x08003f34                WriteGuiBuffer
 .text.Format_Int32
                0x08003f54       0x70 VisualGDB/X10_Release/display/display.o
                0x08003f54                Format_Int32
 .text.Format_Int16
                0x08003fc4       0x70 VisualGDB/X10_Release/display/display.o
                0x08003fc4                Format_Int16
 .text.Format_Hex8
                0x08004034       0x70 VisualGDB/X10_Release/display/display.o
                0x08004034                Format_Hex8
 .text.Format_Hex16
                0x080040a4       0x70 VisualGDB/X10_Release/display/display.o
                0x080040a4                Format_Hex16
 .text.Format_Hex32
                0x08004114       0x70 VisualGDB/X10_Release/display/display.o
                0x08004114                Format_Hex32
 .text.Format_Title
                0x08004184       0x7c VisualGDB/X10_Release/display/display.o
                0x08004184                Format_Title
 .text.Format_Ascii
                0x08004200       0x70 VisualGDB/X10_Release/display/display.o
                0x08004200                Format_Ascii
 .text.Format_Float3_3
                0x08004270       0x78 VisualGDB/X10_Release/display/display.o
                0x08004270                Format_Float3_3
 .text.Format_Float_QueVar
                0x080042e8       0x1a VisualGDB/X10_Release/display/display.o
                0x080042e8                Format_Float_QueVar
 *fill*         0x08004302        0x2 
 .text.Format_MemoryDumpAscii
                0x08004304       0xdc VisualGDB/X10_Release/display/display.o
                0x08004304                Format_MemoryDumpAscii
 .text.Format_MemoryDisplayAscii
                0x080043e0       0xc0 VisualGDB/X10_Release/display/display.o
                0x080043e0                Format_MemoryDisplayAscii
 .text.Format_MemoryDisplayAsciiHex
                0x080044a0       0xe8 VisualGDB/X10_Release/display/display.o
                0x080044a0                Format_MemoryDisplayAsciiHex
 .text.Format_MemoryDumpHex
                0x08004588       0x9c VisualGDB/X10_Release/display/display.o
                0x08004588                Format_MemoryDumpHex
 .text.Format_Boolean
                0x08004624       0x84 VisualGDB/X10_Release/display/display.o
                0x08004624                Format_Boolean
 .text.Format_Bar_Dutty
                0x080046a8      0x140 VisualGDB/X10_Release/display/display.o
                0x080046a8                Format_Bar_Dutty
 .text.Format_Bar_Status
                0x080047e8       0xc0 VisualGDB/X10_Release/display/display.o
                0x080047e8                Format_Bar_Status
 .text.Format_Bar_Float
                0x080048a8      0x130 VisualGDB/X10_Release/display/display.o
                0x080048a8                Format_Bar_Float
 .text.Format_SoapStringWithIndex
                0x080049d8      0x104 VisualGDB/X10_Release/display/display.o
                0x080049d8                Format_SoapStringWithIndex
 .text.Format_MotorStatus
                0x08004adc       0xb4 VisualGDB/X10_Release/display/display.o
                0x08004adc                Format_MotorStatus
 .text.UpdateScreen
                0x08004b90      0x348 VisualGDB/X10_Release/display/display.o
                0x08004b90                UpdateScreen
 .text.ResetGuiBuffer
                0x08004ed8       0x58 VisualGDB/X10_Release/display/gui.o
                0x08004ed8                ResetGuiBuffer
 .text.DrawVLine
                0x08004f30       0x68 VisualGDB/X10_Release/display/gui.o
                0x08004f30                DrawVLine
 .text.DrawLine
                0x08004f98      0x190 VisualGDB/X10_Release/display/gui.o
                0x08004f98                DrawLine
 .text.FillRect
                0x08005128       0x6c VisualGDB/X10_Release/display/gui.o
                0x08005128                FillRect
 .text.DrawChar
                0x08005194       0xfc VisualGDB/X10_Release/display/gui.o
                0x08005194                DrawChar
 .text.DrawString
                0x08005290       0x68 VisualGDB/X10_Release/display/gui.o
                0x08005290                DrawString
 .text.SetupMyLCD
                0x080052f8      0x218 VisualGDB/X10_Release/display/lcdspi_4xx.o
                0x080052f8                SetupMyLCD
 .text.LCD_SPI_Senddata
                0x08005510       0xf0 VisualGDB/X10_Release/display/lcdspi_4xx.o
                0x08005510                LCD_SPI_Senddata
 .text.ST7789_WriteCommand
                0x08005600       0x58 VisualGDB/X10_Release/display/st7789.o
                0x08005600                ST7789_WriteCommand
 .text.ST7789_WriteData_8bit
                0x08005658       0x54 VisualGDB/X10_Release/display/st7789.o
                0x08005658                ST7789_WriteData_8bit
 .text.ST7789_WriteData_16bit
                0x080056ac       0x64 VisualGDB/X10_Release/display/st7789.o
                0x080056ac                ST7789_WriteData_16bit
 .text.ST7789_WriteBuff
                0x08005710       0x58 VisualGDB/X10_Release/display/st7789.o
                0x08005710                ST7789_WriteBuff
 .text.ST7789_WriteReg
                0x08005768       0x44 VisualGDB/X10_Release/display/st7789.o
                0x08005768                ST7789_WriteReg
 .text.ST7789_DisplayOn
                0x080057ac       0x1c VisualGDB/X10_Release/display/st7789.o
                0x080057ac                ST7789_DisplayOn
 .text.ST7789_Init
                0x080057c8      0x208 VisualGDB/X10_Release/display/st7789.o
                0x080057c8                ST7789_Init
 .text.ST7789_SetAddress
                0x080059d0       0x84 VisualGDB/X10_Release/display/st7789.o
                0x080059d0                ST7789_SetAddress
 .text.Init_Display
                0x08005a54       0x68 VisualGDB/X10_Release/display/st7789.o
                0x08005a54                Init_Display
 .text.FillRGBRect
                0x08005abc       0x6e VisualGDB/X10_Release/display/st7789.o
                0x08005abc                FillRGBRect
 *fill*         0x08005b2a        0x2 
 .text.NVIC_SetPriority
                0x08005b2c       0x54 VisualGDB/X10_Release/main.o
 .text.NVIC_SystemReset
                0x08005b80       0x2c VisualGDB/X10_Release/main.o
 .text.SysTick_Config
                0x08005bac       0x44 VisualGDB/X10_Release/main.o
 .text.initKey  0x08005bf0       0x1a VisualGDB/X10_Release/main.o
                0x08005bf0                initKey
 *fill*         0x08005c0a        0x2 
 .text.TIM1_UP_TIM10_IRQHandler
                0x08005c0c      0x374 VisualGDB/X10_Release/main.o
                0x08005c0c                TIM1_UP_TIM10_IRQHandler
 .text.TIM1_BRK_TIM9_IRQHandler
                0x08005f80       0x3c VisualGDB/X10_Release/main.o
                0x08005f80                TIM1_BRK_TIM9_IRQHandler
 .text.TIM1_TRG_COM_TIM11_IRQHandler
                0x08005fbc       0x3c VisualGDB/X10_Release/main.o
                0x08005fbc                TIM1_TRG_COM_TIM11_IRQHandler
 .text.TIM2_IRQHandler
                0x08005ff8       0x18 VisualGDB/X10_Release/main.o
                0x08005ff8                TIM2_IRQHandler
 .text.TIM3_IRQHandler
                0x08006010       0x24 VisualGDB/X10_Release/main.o
                0x08006010                TIM3_IRQHandler
 .text.TIM4_IRQHandler
                0x08006034       0x24 VisualGDB/X10_Release/main.o
                0x08006034                TIM4_IRQHandler
 .text.TIM5_IRQHandler
                0x08006058       0x44 VisualGDB/X10_Release/main.o
                0x08006058                TIM5_IRQHandler
 .text.TIM6_DAC_IRQHandler
                0x0800609c       0xc4 VisualGDB/X10_Release/main.o
                0x0800609c                TIM6_DAC_IRQHandler
 .text.TIM7_IRQHandler
                0x08006160       0x94 VisualGDB/X10_Release/main.o
                0x08006160                TIM7_IRQHandler
 .text.TIM8_BRK_TIM12_IRQHandler
                0x080061f4       0x3c VisualGDB/X10_Release/main.o
                0x080061f4                TIM8_BRK_TIM12_IRQHandler
 .text.TIM8_UP_TIM13_IRQHandler
                0x08006230       0x3c VisualGDB/X10_Release/main.o
                0x08006230                TIM8_UP_TIM13_IRQHandler
 .text.TIM8_TRG_COM_TIM14_IRQHandler
                0x0800626c       0x3c VisualGDB/X10_Release/main.o
                0x0800626c                TIM8_TRG_COM_TIM14_IRQHandler
 .text.USARTx_IRQHandler
                0x080062a8       0xb0 VisualGDB/X10_Release/main.o
                0x080062a8                USARTx_IRQHandler
 .text.UART4_IRQHandler
                0x08006358       0x14 VisualGDB/X10_Release/main.o
                0x08006358                UART4_IRQHandler
 .text.USART6_IRQHandler
                0x0800636c       0x14 VisualGDB/X10_Release/main.o
                0x0800636c                USART6_IRQHandler
 .text.DisableEXTI
                0x08006380       0x48 VisualGDB/X10_Release/main.o
                0x08006380                DisableEXTI
 .text.SetupEXTI
                0x080063c8      0x364 VisualGDB/X10_Release/main.o
                0x080063c8                SetupEXTI
 .text.setTouchPositionToCurrentPosition
                0x0800672c       0x44 VisualGDB/X10_Release/main.o
                0x0800672c                setTouchPositionToCurrentPosition
 .text.TouchProbeSendResults
                0x08006770      0x444 VisualGDB/X10_Release/main.o
                0x08006770                TouchProbeSendResults
 .text.TouchProbeFinished
                0x08006bb4       0xb4 VisualGDB/X10_Release/main.o
                0x08006bb4                TouchProbeFinished
 .text.TouchProbeProcessContact
                0x08006c68       0x1e VisualGDB/X10_Release/main.o
                0x08006c68                TouchProbeProcessContact
 *fill*         0x08006c86        0x2 
 .text.EdgeTriggerDetected
                0x08006c88       0x2c VisualGDB/X10_Release/main.o
                0x08006c88                EdgeTriggerDetected
 .text.EdgeTriggerSendResults
                0x08006cb4       0x98 VisualGDB/X10_Release/main.o
                0x08006cb4                EdgeTriggerSendResults
 .text.Generic_EXTI_IRQHandler
                0x08006d4c       0x5c VisualGDB/X10_Release/main.o
                0x08006d4c                Generic_EXTI_IRQHandler
 .text.EXTI0_IRQHandler
                0x08006da8        0xc VisualGDB/X10_Release/main.o
                0x08006da8                EXTI0_IRQHandler
 .text.EXTI1_IRQHandler
                0x08006db4        0xc VisualGDB/X10_Release/main.o
                0x08006db4                EXTI1_IRQHandler
 .text.EXTI2_IRQHandler
                0x08006dc0        0xc VisualGDB/X10_Release/main.o
                0x08006dc0                EXTI2_IRQHandler
 .text.EXTI3_IRQHandler
                0x08006dcc        0xc VisualGDB/X10_Release/main.o
                0x08006dcc                EXTI3_IRQHandler
 .text.EXTI4_IRQHandler
                0x08006dd8        0xc VisualGDB/X10_Release/main.o
                0x08006dd8                EXTI4_IRQHandler
 .text.EXTI9_5_IRQHandler
                0x08006de4        0xc VisualGDB/X10_Release/main.o
                0x08006de4                EXTI9_5_IRQHandler
 .text.EXTI15_10_IRQHandler
                0x08006df0        0xc VisualGDB/X10_Release/main.o
                0x08006df0                EXTI15_10_IRQHandler
 .text.processEverySlice
                0x08006dfc       0xac VisualGDB/X10_Release/main.o
                0x08006dfc                processEverySlice
 .text.SysTick_Handler
                0x08006ea8      0x138 VisualGDB/X10_Release/main.o
                0x08006ea8                SysTick_Handler
 .text.Crash_Handler
                0x08006fe0       0x24 VisualGDB/X10_Release/main.o
                0x08006fe0                Crash_Handler
 .text.checkAndClearFlashStatus
                0x08007004       0x84 VisualGDB/X10_Release/main.o
                0x08007004                checkAndClearFlashStatus
 .text.protectedIncrement
                0x08007088       0x2e VisualGDB/X10_Release/main.o
                0x08007088                protectedIncrement
 .text.protectedDecrement
                0x080070b6       0x2e VisualGDB/X10_Release/main.o
                0x080070b6                protectedDecrement
 .text.catastrophicError
                0x080070e4       0x28 VisualGDB/X10_Release/main.o
                0x080070e4                catastrophicError
 .text.catastrophicErrorWithDebugInfo
                0x0800710c      0x1a4 VisualGDB/X10_Release/main.o
                0x0800710c                catastrophicErrorWithDebugInfo
 .text.wait100ns
                0x080072b0       0x26 VisualGDB/X10_Release/main.o
                0x080072b0                wait100ns
 *fill*         0x080072d6        0x2 
 .text.updateHssPwm
                0x080072d8       0x6c VisualGDB/X10_Release/main.o
                0x080072d8                updateHssPwm
 .text.changeHssDuty
                0x08007344       0x3c VisualGDB/X10_Release/main.o
                0x08007344                changeHssDuty
 .text.initHss  0x08007380       0x84 VisualGDB/X10_Release/main.o
                0x08007380                initHss
 .text.initAllHss
                0x08007404       0xe0 VisualGDB/X10_Release/main.o
                0x08007404                initAllHss
 .text.HssControl
                0x080074e4       0x8c VisualGDB/X10_Release/main.o
                0x080074e4                HssControl
 .text.DDLightSelection
                0x08007570      0x1c0 VisualGDB/X10_Release/main.o
                0x08007570                DDLightSelection
 .text.convertToolNumberToDevice
                0x08007730       0x3c VisualGDB/X10_Release/main.o
                0x08007730                convertToolNumberToDevice
 .text.CopyToEndOfLine
                0x0800776c       0xac VisualGDB/X10_Release/main.o
                0x0800776c                CopyToEndOfLine
 .text.processEndofCommandChar
                0x08007818       0x68 VisualGDB/X10_Release/main.o
                0x08007818                processEndofCommandChar
 .text.SplitCurrentGcodeLine2Arguments
                0x08007880      0x568 VisualGDB/X10_Release/main.o
                0x08007880                SplitCurrentGcodeLine2Arguments
 .text.CleanUpPointers
                0x08007de8       0x44 VisualGDB/X10_Release/main.o
                0x08007de8                CleanUpPointers
 .text.FillArgumentBuffer
                0x08007e2c       0x40 VisualGDB/X10_Release/main.o
                0x08007e2c                FillArgumentBuffer
 .text.processArgs
                0x08007e6c       0x74 VisualGDB/X10_Release/main.o
                0x08007e6c                processArgs
 .text.ResetGcodeParseBuffer
                0x08007ee0      0x12c VisualGDB/X10_Release/main.o
                0x08007ee0                ResetGcodeParseBuffer
 .text.cmdQueIsEmpty
                0x0800800c       0x20 VisualGDB/X10_Release/main.o
                0x0800800c                cmdQueIsEmpty
 .text.cmdQueIsFull
                0x0800802c       0x20 VisualGDB/X10_Release/main.o
                0x0800802c                cmdQueIsFull
 .text.printSerialInputStreamError
                0x0800804c       0x54 VisualGDB/X10_Release/main.o
                0x0800804c                printSerialInputStreamError
 .text.serialProcessor
                0x080080a0      0x160 VisualGDB/X10_Release/main.o
                0x080080a0                serialProcessor
 .text.InvalidateAllCmdArgs
                0x08008200       0xbc VisualGDB/X10_Release/main.o
                0x08008200                InvalidateAllCmdArgs
 .text.CommandProcessor
                0x080082bc     0x2138 VisualGDB/X10_Release/main.o
                0x080082bc                CommandProcessor
 .text.EchoBackCommentString
                0x0800a3f4       0x3c VisualGDB/X10_Release/main.o
                0x0800a3f4                EchoBackCommentString
 .text.getNextCommandIndex
                0x0800a430       0x26 VisualGDB/X10_Release/main.o
                0x0800a430                getNextCommandIndex
 .text.getNextDeferredCommandIndex
                0x0800a456       0x26 VisualGDB/X10_Release/main.o
                0x0800a456                getNextDeferredCommandIndex
 .text.ContinueToNextStep
                0x0800a47c       0x24 VisualGDB/X10_Release/main.o
                0x0800a47c                ContinueToNextStep
 .text.AddCommandToQue
                0x0800a4a0       0xc0 VisualGDB/X10_Release/main.o
                0x0800a4a0                AddCommandToQue
 .text.resetVariableOnJobEnd
                0x0800a560       0xd8 VisualGDB/X10_Release/main.o
                0x0800a560                resetVariableOnJobEnd
 .text.initGCodeSequenceEngine
                0x0800a638      0x4e8 VisualGDB/X10_Release/main.o
                0x0800a638                initGCodeSequenceEngine
 .text.setDrillTapMotorArgs
                0x0800ab20       0xc0 VisualGDB/X10_Release/main.o
                0x0800ab20                setDrillTapMotorArgs
 .text.puff     0x0800abe0       0x18 VisualGDB/X10_Release/main.o
                0x0800abe0                puff
 .text.processCannedCycle
                0x0800abf8      0x490 VisualGDB/X10_Release/main.o
                0x0800abf8                processCannedCycle
 .text.deferredCmdQueueFull
                0x0800b088       0x20 VisualGDB/X10_Release/main.o
                0x0800b088                deferredCmdQueueFull
 .text.copyCmdQueEntryToDeferredCmdQue
                0x0800b0a8       0x94 VisualGDB/X10_Release/main.o
                0x0800b0a8                copyCmdQueEntryToDeferredCmdQue
 .text.processNextDeferredCommand
                0x0800b13c       0xe4 VisualGDB/X10_Release/main.o
                0x0800b13c                processNextDeferredCommand
 .text.checkForCompletedAbort
                0x0800b220      0x1a4 VisualGDB/X10_Release/main.o
                0x0800b220                checkForCompletedAbort
 .text.setPauseGcodeFlag
                0x0800b3c4       0x4c VisualGDB/X10_Release/main.o
                0x0800b3c4                setPauseGcodeFlag
 .text.ResetProcess
                0x0800b410      0x140 VisualGDB/X10_Release/main.o
                0x0800b410                ResetProcess
 .text.DwellTimer
                0x0800b550       0x24 VisualGDB/X10_Release/main.o
                0x0800b550                DwellTimer
 .text.updateHostConnectionWatchDog
                0x0800b574       0x30 VisualGDB/X10_Release/main.o
                0x0800b574                updateHostConnectionWatchDog
 .text.SequenceEngine
                0x0800b5a4      0x3a4 VisualGDB/X10_Release/main.o
                0x0800b5a4                SequenceEngine
 .text.processCommand
                0x0800b948     0x1a7c VisualGDB/X10_Release/main.o
                0x0800b948                processCommand
 .text.pingReply
                0x0800d3c4       0x2c VisualGDB/X10_Release/main.o
                0x0800d3c4                pingReply
 .text.getCurrentExecutingLineNumber
                0x0800d3f0       0x44 VisualGDB/X10_Release/main.o
                0x0800d3f0                getCurrentExecutingLineNumber
 .text.PWMCntrl
                0x0800d434       0xa4 VisualGDB/X10_Release/main.o
                0x0800d434                PWMCntrl
 .text.ReportXYZLocation
                0x0800d4d8      0x2a4 VisualGDB/X10_Release/main.o
                0x0800d4d8                ReportXYZLocation
 .text.ReportOsseoVariables
                0x0800d77c      0x224 VisualGDB/X10_Release/main.o
                0x0800d77c                ReportOsseoVariables
 .text.spare    0x0800d9a0        0xe VisualGDB/X10_Release/main.o
                0x0800d9a0                spare
 .text.ohNoMrBill
                0x0800d9ae        0xe VisualGDB/X10_Release/main.o
                0x0800d9ae                ohNoMrBill
 .text.heartbeat
                0x0800d9bc       0x4c VisualGDB/X10_Release/main.o
                0x0800d9bc                heartbeat
 .text.checkInWithHeads
                0x0800da08        0xe VisualGDB/X10_Release/main.o
                0x0800da08                checkInWithHeads
 *fill*         0x0800da16        0x2 
 .text.checkBlockingWaits
                0x0800da18      0x29c VisualGDB/X10_Release/main.o
                0x0800da18                checkBlockingWaits
 .text.loop_1000Hz_simple_work
                0x0800dcb4      0x15c VisualGDB/X10_Release/main.o
                0x0800dcb4                loop_1000Hz_simple_work
 .text.loop_100Hz_simple_work
                0x0800de10      0x22c VisualGDB/X10_Release/main.o
                0x0800de10                loop_100Hz_simple_work
 .text.loop_10Hz_simple_work
                0x0800e03c       0x48 VisualGDB/X10_Release/main.o
                0x0800e03c                loop_10Hz_simple_work
 .text.loop_1Hz_simple_work
                0x0800e084      0x12c VisualGDB/X10_Release/main.o
                0x0800e084                loop_1Hz_simple_work
 .text.almostTheSameByPct
                0x0800e1b0       0x4a VisualGDB/X10_Release/main.o
                0x0800e1b0                almostTheSameByPct
 .text.almostTheSameByDelta
                0x0800e1fa       0x42 VisualGDB/X10_Release/main.o
                0x0800e1fa                almostTheSameByDelta
 .text.notAlmostTheSameByDelta
                0x0800e23c       0x4a VisualGDB/X10_Release/main.o
                0x0800e23c                notAlmostTheSameByDelta
 *fill*         0x0800e286        0x2 
 .text.requireAllAxesToHome
                0x0800e288       0x64 VisualGDB/X10_Release/main.o
                0x0800e288                requireAllAxesToHome
 .text.assertControlBit
                0x0800e2ec       0x44 VisualGDB/X10_Release/main.o
                0x0800e2ec                assertControlBit
 .text.deassertControlBit
                0x0800e330       0x44 VisualGDB/X10_Release/main.o
                0x0800e330                deassertControlBit
 .text.readControlBitValue
                0x0800e374       0x2a VisualGDB/X10_Release/main.o
                0x0800e374                readControlBitValue
 .text.readControlBitState
                0x0800e39e       0x56 VisualGDB/X10_Release/main.o
                0x0800e39e                readControlBitState
 .text.outputDirectionBit
                0x0800e3f4       0x7e VisualGDB/X10_Release/main.o
                0x0800e3f4                outputDirectionBit
 .text.readDirectionBitValue
                0x0800e472       0x2a VisualGDB/X10_Release/main.o
                0x0800e472                readDirectionBitValue
 .text.readDirectionBitState
                0x0800e49c       0x4a VisualGDB/X10_Release/main.o
                0x0800e49c                readDirectionBitState
 .text.readSensorBitValue
                0x0800e4e6       0x2a VisualGDB/X10_Release/main.o
                0x0800e4e6                readSensorBitValue
 .text.readSensorBitState
                0x0800e510       0x56 VisualGDB/X10_Release/main.o
                0x0800e510                readSensorBitState
 .text.initSensor
                0x0800e566       0xc6 VisualGDB/X10_Release/main.o
                0x0800e566                initSensor
 .text.setSensorStateToUnknown
                0x0800e62c       0x3a VisualGDB/X10_Release/main.o
                0x0800e62c                setSensorStateToUnknown
 .text.updateSensorHistoryIfEnabledWithoutIrq
                0x0800e666       0x4a VisualGDB/X10_Release/main.o
                0x0800e666                updateSensorHistoryIfEnabledWithoutIrq
 .text.readDebouncedSensorState
                0x0800e6b0       0xd4 VisualGDB/X10_Release/main.o
                0x0800e6b0                readDebouncedSensorState
 .text.fastReadDebouncedSensorState
                0x0800e784       0x72 VisualGDB/X10_Release/main.o
                0x0800e784                fastReadDebouncedSensorState
 .text.setSensorEnable
                0x0800e7f6       0x2e VisualGDB/X10_Release/main.o
                0x0800e7f6                setSensorEnable
 .text.setSensorPolarityAndEnable
                0x0800e824       0x78 VisualGDB/X10_Release/main.o
                0x0800e824                setSensorPolarityAndEnable
 .text.checkStartButton
                0x0800e89c       0x6c VisualGDB/X10_Release/main.o
                0x0800e89c                checkStartButton
 .text.sendEmoMessage
                0x0800e908       0xa0 VisualGDB/X10_Release/main.o
                0x0800e908                sendEmoMessage
 .text.checkEMO
                0x0800e9a8       0xc4 VisualGDB/X10_Release/main.o
                0x0800e9a8                checkEMO
 .text.checkMotorFaultSensor
                0x0800ea6c       0x18 VisualGDB/X10_Release/main.o
                0x0800ea6c                checkMotorFaultSensor
 .text.checkMotorLimit1Sensor
                0x0800ea84       0x1c VisualGDB/X10_Release/main.o
                0x0800ea84                checkMotorLimit1Sensor
 .text.checkMotorLimit2Sensor
                0x0800eaa0       0x18 VisualGDB/X10_Release/main.o
                0x0800eaa0                checkMotorLimit2Sensor
 .text.readInputs
                0x0800eab8       0x5c VisualGDB/X10_Release/main.o
                0x0800eab8                readInputs
 .text.InitializeFixtureOffsets
                0x0800eb14       0x50 VisualGDB/X10_Release/main.o
                0x0800eb14                InitializeFixtureOffsets
 .text.SetAxisHomePosition
                0x0800eb64       0x58 VisualGDB/X10_Release/main.o
                0x0800eb64                SetAxisHomePosition
 .text.SetAllAxisHomePosition
                0x0800ebbc       0x54 VisualGDB/X10_Release/main.o
                0x0800ebbc                SetAllAxisHomePosition
 .text.ProcessG28MultipassHoming
                0x0800ec10      0x3b8 VisualGDB/X10_Release/main.o
                0x0800ec10                ProcessG28MultipassHoming
 .text.sendAxisHomedStatus
                0x0800efc8       0x60 VisualGDB/X10_Release/main.o
                0x0800efc8                sendAxisHomedStatus
 .text.sendAllAxisHomedStatus
                0x0800f028        0xe VisualGDB/X10_Release/main.o
                0x0800f028                sendAllAxisHomedStatus
 *fill*         0x0800f036        0x2 
 .text.getUIDString
                0x0800f038       0x84 VisualGDB/X10_Release/main.o
                0x0800f038                getUIDString
 .text.validFirmwareKey
                0x0800f0bc       0x18 VisualGDB/X10_Release/main.o
                0x0800f0bc                validFirmwareKey
 .text.sendFakeM687CompleteCode
                0x0800f0d4       0x44 VisualGDB/X10_Release/main.o
                0x0800f0d4                sendFakeM687CompleteCode
 .text.sendRevisionString
                0x0800f118      0x17c VisualGDB/X10_Release/main.o
                0x0800f118                sendRevisionString
 .text.rebootingFromCrash
                0x0800f294       0x28 VisualGDB/X10_Release/main.o
                0x0800f294                rebootingFromCrash
 .text.setResetSouceStr
                0x0800f2bc      0x260 VisualGDB/X10_Release/main.o
                0x0800f2bc                setResetSouceStr
 .text.Reset_Handler
                0x0800f51c       0x80 VisualGDB/X10_Release/main.o
                0x0800f51c                Reset_Handler
 .text.wiggleDebugIO
                0x0800f59c       0x14 VisualGDB/X10_Release/main.o
                0x0800f59c                wiggleDebugIO
 .text.executeAnySpecialDebugStartCode
                0x0800f5b0        0xe VisualGDB/X10_Release/main.o
                0x0800f5b0                executeAnySpecialDebugStartCode
 *fill*         0x0800f5be        0x2 
 .text.main     0x0800f5c0      0x1b8 VisualGDB/X10_Release/main.o
                0x0800f5c0                main
 .text.Init_ADC
                0x0800f778      0x158 VisualGDB/X10_Release/src/adc.o
                0x0800f778                Init_ADC
 .text.Start_ADC
                0x0800f8d0       0x14 VisualGDB/X10_Release/src/adc.o
                0x0800f8d0                Start_ADC
 .text.SmoothDataUsingOlympicVotingAverage
                0x0800f8e4      0x158 VisualGDB/X10_Release/src/adc.o
                0x0800f8e4                SmoothDataUsingOlympicVotingAverage
 .text.ProcessRawADC_Data
                0x0800fa3c        0xc VisualGDB/X10_Release/src/adc.o
                0x0800fa3c                ProcessRawADC_Data
 .text.convertRtdDataFromRawADCValue
                0x0800fa48      0x168 VisualGDB/X10_Release/src/adc_table.o
                0x0800fa48                convertRtdDataFromRawADCValue
 .text.sendHexLineError
                0x0800fbb0       0x40 VisualGDB/X10_Release/src/bootloader.o
                0x0800fbb0                sendHexLineError
 .text.intelHexDecomposeLine
                0x0800fbf0      0x440 VisualGDB/X10_Release/src/bootloader.o
                0x0800fbf0                intelHexDecomposeLine
 .text.clearWorkingBufferForBootloader
                0x08010030       0x4c VisualGDB/X10_Release/src/bootloader.o
                0x08010030                clearWorkingBufferForBootloader
 .text.clearDeviceCodePages
                0x0801007c      0x130 VisualGDB/X10_Release/src/bootloader.o
                0x0801007c                clearDeviceCodePages
 .text.verifyDeviceCodeChecksum
                0x080101ac      0x10c VisualGDB/X10_Release/src/bootloader.o
                0x080101ac                verifyDeviceCodeChecksum
 .text.setDeviceCodeChecksum
                0x080102b8      0x2cc VisualGDB/X10_Release/src/bootloader.o
                0x080102b8                setDeviceCodeChecksum
 .text.transferBootloaderDataFromWorkingBufferToDevice
                0x08010584      0x23c VisualGDB/X10_Release/src/bootloader.o
                0x08010584                transferBootloaderDataFromWorkingBufferToDevice
 .text.sendDeviceBootloaderPage
                0x080107c0       0xd0 VisualGDB/X10_Release/src/bootloader.o
                0x080107c0                sendDeviceBootloaderPage
 .text.prepareDeviceForBootloaderDownload
                0x08010890      0x150 VisualGDB/X10_Release/src/bootloader.o
                0x08010890                prepareDeviceForBootloaderDownload
 .text.endDeviceBootloader
                0x080109e0       0x68 VisualGDB/X10_Release/src/bootloader.o
                0x080109e0                endDeviceBootloader
 .text.processDeviceBootloaderLine
                0x08010a48      0x3d0 VisualGDB/X10_Release/src/bootloader.o
                0x08010a48                processDeviceBootloaderLine
 .text.getArgFraction
                0x08010e18       0x42 VisualGDB/X10_Release/src/GCode.o
                0x08010e18                getArgFraction
 *fill*         0x08010e5a        0x2 
 .text.ReportUnknownFractionalGcode
                0x08010e5c       0x50 VisualGDB/X10_Release/src/GCode.o
                0x08010e5c                ReportUnknownFractionalGcode
 .text.ReportGcodeError
                0x08010eac       0x50 VisualGDB/X10_Release/src/GCode.o
                0x08010eac                ReportGcodeError
 .text.ReportInvalidGcodeArg
                0x08010efc       0x7c VisualGDB/X10_Release/src/GCode.o
                0x08010efc                ReportInvalidGcodeArg
 .text.ReportMissingGcodeArg
                0x08010f78       0x50 VisualGDB/X10_Release/src/GCode.o
                0x08010f78                ReportMissingGcodeArg
 .text.ReportMissingGcodeDArg
                0x08010fc8       0x14 VisualGDB/X10_Release/src/GCode.o
                0x08010fc8                ReportMissingGcodeDArg
 .text.ReportMissingGcodeLArg
                0x08010fdc       0x14 VisualGDB/X10_Release/src/GCode.o
                0x08010fdc                ReportMissingGcodeLArg
 .text.ReportMissingGcodePArg
                0x08010ff0       0x14 VisualGDB/X10_Release/src/GCode.o
                0x08010ff0                ReportMissingGcodePArg
 .text.ReportMissingGcodeRArg
                0x08011004       0x14 VisualGDB/X10_Release/src/GCode.o
                0x08011004                ReportMissingGcodeRArg
 .text.ReportMissingGcodeTArg
                0x08011018       0x14 VisualGDB/X10_Release/src/GCode.o
                0x08011018                ReportMissingGcodeTArg
 .text.ReportMissingGcodePLArg
                0x0801102c       0x14 VisualGDB/X10_Release/src/GCode.o
                0x0801102c                ReportMissingGcodePLArg
 .text.ReportInvalidGcodeEArg
                0x08011040       0x24 VisualGDB/X10_Release/src/GCode.o
                0x08011040                ReportInvalidGcodeEArg
 .text.ReportInvalidGcodeHArg
                0x08011064       0x24 VisualGDB/X10_Release/src/GCode.o
                0x08011064                ReportInvalidGcodeHArg
 .text.ReportInvalidGcodePArg
                0x08011088       0x24 VisualGDB/X10_Release/src/GCode.o
                0x08011088                ReportInvalidGcodePArg
 .text.ReportInvalidGcodeSArg
                0x080110ac       0x24 VisualGDB/X10_Release/src/GCode.o
                0x080110ac                ReportInvalidGcodeSArg
 .text.getMotorArg
                0x080110d0       0x2c VisualGDB/X10_Release/src/GCode.o
                0x080110d0                getMotorArg
 .text.getMotorArgInMM
                0x080110fc       0x38 VisualGDB/X10_Release/src/GCode.o
                0x080110fc                getMotorArgInMM
 .text.getMotorArgInDeg
                0x08011134       0x38 VisualGDB/X10_Release/src/GCode.o
                0x08011134                getMotorArgInDeg
 .text.getMotorArgInNativeUnits
                0x0801116c       0x30 VisualGDB/X10_Release/src/GCode.o
                0x0801116c                getMotorArgInNativeUnits
 .text.setMotorArg
                0x0801119c       0x2c VisualGDB/X10_Release/src/GCode.o
                0x0801119c                setMotorArg
 .text.setMotorArgInMM
                0x080111c8       0x3c VisualGDB/X10_Release/src/GCode.o
                0x080111c8                setMotorArgInMM
 .text.setMotorArgInDeg
                0x08011204       0x3c VisualGDB/X10_Release/src/GCode.o
                0x08011204                setMotorArgInDeg
 .text.setMotorArgInNativeUnits
                0x08011240       0x32 VisualGDB/X10_Release/src/GCode.o
                0x08011240                setMotorArgInNativeUnits
 *fill*         0x08011272        0x2 
 .text.setAllMotorArg
                0x08011274       0x40 VisualGDB/X10_Release/src/GCode.o
                0x08011274                setAllMotorArg
 .text.convertArgFromMM
                0x080112b4       0x2c VisualGDB/X10_Release/src/GCode.o
                0x080112b4                convertArgFromMM
 .text.convertArgToMM
                0x080112e0       0x2c VisualGDB/X10_Release/src/GCode.o
                0x080112e0                convertArgToMM
 .text.motorArgPresent
                0x0801130c       0x34 VisualGDB/X10_Release/src/GCode.o
                0x0801130c                motorArgPresent
 .text.motorArgNegativeOrZero
                0x08011340       0x2a VisualGDB/X10_Release/src/GCode.o
                0x08011340                motorArgNegativeOrZero
 *fill*         0x0801136a        0x2 
 .text.getDeltaAxisValueInInputUnits
                0x0801136c       0xa8 VisualGDB/X10_Release/src/GCode.o
                0x0801136c                getDeltaAxisValueInInputUnits
 .text.getDeltaEValueInInputUnits
                0x08011414       0x6c VisualGDB/X10_Release/src/GCode.o
                0x08011414                getDeltaEValueInInputUnits
 .text.assignPoint
                0x08011480       0x32 VisualGDB/X10_Release/src/GCode.o
                0x08011480                assignPoint
 .text.copyPoint
                0x080114b2       0x2e VisualGDB/X10_Release/src/GCode.o
                0x080114b2                copyPoint
 .text.addPoints
                0x080114e0       0x5a VisualGDB/X10_Release/src/GCode.o
                0x080114e0                addPoints
 .text.pointsAreTheSame
                0x0801153a       0x84 VisualGDB/X10_Release/src/GCode.o
                0x0801153a                pointsAreTheSame
 .text.vectorsAreTheSame
                0x080115be       0xa6 VisualGDB/X10_Release/src/GCode.o
                0x080115be                vectorsAreTheSame
 .text.getVectorMagnitude
                0x08011664       0x56 VisualGDB/X10_Release/src/GCode.o
                0x08011664                getVectorMagnitude
 .text.normalizeVector
                0x080116ba       0x94 VisualGDB/X10_Release/src/GCode.o
                0x080116ba                normalizeVector
 .text.assignVector
                0x0801174e       0x50 VisualGDB/X10_Release/src/GCode.o
                0x0801174e                assignVector
 .text.assignVector2Pts
                0x0801179e       0x76 VisualGDB/X10_Release/src/GCode.o
                0x0801179e                assignVector2Pts
 .text.scaleVector
                0x08011814       0x64 VisualGDB/X10_Release/src/GCode.o
                0x08011814                scaleVector
 .text.dotProduct
                0x08011878       0x50 VisualGDB/X10_Release/src/GCode.o
                0x08011878                dotProduct
 .text.crossProduct
                0x080118c8       0xa4 VisualGDB/X10_Release/src/GCode.o
                0x080118c8                crossProduct
 .text.initArcStruct
                0x0801196c       0x34 VisualGDB/X10_Release/src/GCode.o
                0x0801196c                initArcStruct
 .text.sprintfPoint
                0x080119a0       0x5c VisualGDB/X10_Release/src/GCode.o
                0x080119a0                sprintfPoint
 .text.sprintfVector
                0x080119fc       0x70 VisualGDB/X10_Release/src/GCode.o
                0x080119fc                sprintfVector
 .text.printVector
                0x08011a6c       0x78 VisualGDB/X10_Release/src/GCode.o
                0x08011a6c                printVector
 .text.printExecutionPtrXYZ
                0x08011ae4       0xb0 VisualGDB/X10_Release/src/GCode.o
                0x08011ae4                printExecutionPtrXYZ
 .text.G_Code_G0_0
                0x08011b94       0x40 VisualGDB/X10_Release/src/GCode.o
                0x08011b94                G_Code_G0_0
 .text.checkG0JogArgumentsOkay
                0x08011bd4      0x438 VisualGDB/X10_Release/src/GCode.o
                0x08011bd4                checkG0JogArgumentsOkay
 .text.G_Code_G0_1
                0x0801200c       0x34 VisualGDB/X10_Release/src/GCode.o
                0x0801200c                G_Code_G0_1
 .text.G_Code_G0_2
                0x08012040       0x3e VisualGDB/X10_Release/src/GCode.o
                0x08012040                G_Code_G0_2
 .text.G_Code_G0_3
                0x0801207e       0x3e VisualGDB/X10_Release/src/GCode.o
                0x0801207e                G_Code_G0_3
 .text.G_Code_G0
                0x080120bc       0x58 VisualGDB/X10_Release/src/GCode.o
                0x080120bc                G_Code_G0
 .text.G_Code_G1_0
                0x08012114       0x18 VisualGDB/X10_Release/src/GCode.o
                0x08012114                G_Code_G1_0
 .text.G_Code_G1_1
                0x0801212c      0x42c VisualGDB/X10_Release/src/GCode.o
                0x0801212c                G_Code_G1_1
 .text.G_Code_G1
                0x08012558       0x3c VisualGDB/X10_Release/src/GCode.o
                0x08012558                G_Code_G1
 .text.ExecuteArcPointMove
                0x08012594      0x384 VisualGDB/X10_Release/src/GCode.o
                0x08012594                ExecuteArcPointMove
 .text.ExecuteG2G3PointMove
                0x08012918      0x3f4 VisualGDB/X10_Release/src/GCode.o
                0x08012918                ExecuteG2G3PointMove
 .text.sendZBackToSpiralStartPosition
                0x08012d0c       0x58 VisualGDB/X10_Release/src/GCode.o
                0x08012d0c                sendZBackToSpiralStartPosition
 .text.checkG2G3Errors
                0x08012d64      0x4a8 VisualGDB/X10_Release/src/GCode.o
                0x08012d64                checkG2G3Errors
 *fill*         0x0801320c        0x4 
 .text.ProcessG2_3G3_3Command
                0x08013210      0xfb4 VisualGDB/X10_Release/src/GCode.o
                0x08013210                ProcessG2_3G3_3Command
 .text.ProcessG2_2G3_2Command
                0x080141c4      0x7bc VisualGDB/X10_Release/src/GCode.o
                0x080141c4                ProcessG2_2G3_2Command
 .text.ProcessG2_1G3_1Command
                0x08014980      0x92c VisualGDB/X10_Release/src/GCode.o
                0x08014980                ProcessG2_1G3_1Command
 .text.frogToeCircle
                0x080152ac      0x1f4 VisualGDB/X10_Release/src/GCode.o
                0x080152ac                frogToeCircle
 .text.ProcessG2G3Command
                0x080154a0      0x76c VisualGDB/X10_Release/src/GCode.o
                0x080154a0                ProcessG2G3Command
 .text.G_Code_G2
                0x08015c0c       0x78 VisualGDB/X10_Release/src/GCode.o
                0x08015c0c                G_Code_G2
 .text.G_Code_G3
                0x08015c84       0x78 VisualGDB/X10_Release/src/GCode.o
                0x08015c84                G_Code_G3
 .text.G_Code_G4
                0x08015cfc       0x9c VisualGDB/X10_Release/src/GCode.o
                0x08015cfc                G_Code_G4
 .text.setUpBoringCycle
                0x08015d98      0x14c VisualGDB/X10_Release/src/GCode.o
                0x08015d98                setUpBoringCycle
 .text.G_Code_G12
                0x08015ee4      0x464 VisualGDB/X10_Release/src/GCode.o
                0x08015ee4                G_Code_G12
 .text.G_Code_G13
                0x08016348      0x464 VisualGDB/X10_Release/src/GCode.o
                0x08016348                G_Code_G13
 *fill*         0x080167ac        0x4 
 .text.setupArcMove
                0x080167b0      0x2b4 VisualGDB/X10_Release/src/GCode.o
                0x080167b0                setupArcMove
 .text.StartFinalReturnToCenterArc
                0x08016a64       0xcc VisualGDB/X10_Release/src/GCode.o
                0x08016a64                StartFinalReturnToCenterArc
 .text.StartMainFinishCircle
                0x08016b30       0xbc VisualGDB/X10_Release/src/GCode.o
                0x08016b30                StartMainFinishCircle
 .text.StartMainFinishCircleSpiral
                0x08016bec        0xe VisualGDB/X10_Release/src/GCode.o
                0x08016bec                StartMainFinishCircleSpiral
 *fill*         0x08016bfa        0x2 
 .text.startMainRoughCircle
                0x08016bfc      0x190 VisualGDB/X10_Release/src/GCode.o
                0x08016bfc                startMainRoughCircle
 .text.StartNextArcForPocketMill
                0x08016d8c        0xe VisualGDB/X10_Release/src/GCode.o
                0x08016d8c                StartNextArcForPocketMill
 *fill*         0x08016d9a        0x2 
 .text.G_Code_G16
                0x08016d9c       0x20 VisualGDB/X10_Release/src/GCode.o
                0x08016d9c                G_Code_G16
 .text.G_Code_G17
                0x08016dbc       0x20 VisualGDB/X10_Release/src/GCode.o
                0x08016dbc                G_Code_G17
 .text.G_Code_G18
                0x08016ddc       0x20 VisualGDB/X10_Release/src/GCode.o
                0x08016ddc                G_Code_G18
 .text.G_Code_G19
                0x08016dfc       0x20 VisualGDB/X10_Release/src/GCode.o
                0x08016dfc                G_Code_G19
 .text.G_Code_G20
                0x08016e1c       0x30 VisualGDB/X10_Release/src/GCode.o
                0x08016e1c                G_Code_G20
 .text.G_Code_G21
                0x08016e4c       0x28 VisualGDB/X10_Release/src/GCode.o
                0x08016e4c                G_Code_G21
 .text.G_Code_G28_0
                0x08016e74       0x30 VisualGDB/X10_Release/src/GCode.o
                0x08016e74                G_Code_G28_0
 .text.G_Code_G28_1
                0x08016ea4      0x264 VisualGDB/X10_Release/src/GCode.o
                0x08016ea4                G_Code_G28_1
 .text.G_Code_G28
                0x08017108       0x3c VisualGDB/X10_Release/src/GCode.o
                0x08017108                G_Code_G28
 .text.G_Code_G928
                0x08017144       0xe4 VisualGDB/X10_Release/src/GCode.o
                0x08017144                G_Code_G928
 .text.G_Code_G29
                0x08017228        0xe VisualGDB/X10_Release/src/GCode.o
                0x08017228                G_Code_G29
 *fill*         0x08017236        0x2 
 .text.startProbingMove
                0x08017238       0x54 VisualGDB/X10_Release/src/GCode.o
                0x08017238                startProbingMove
 .text.G_Code_G38
                0x0801728c      0x1f8 VisualGDB/X10_Release/src/GCode.o
                0x0801728c                G_Code_G38
 .text.G_Code_G53
                0x08017484       0x18 VisualGDB/X10_Release/src/GCode.o
                0x08017484                G_Code_G53
 .text.G_Code_G54
                0x0801749c       0x1c VisualGDB/X10_Release/src/GCode.o
                0x0801749c                G_Code_G54
 .text.G_Code_G55
                0x080174b8       0x1c VisualGDB/X10_Release/src/GCode.o
                0x080174b8                G_Code_G55
 .text.G_Code_G56
                0x080174d4       0x1c VisualGDB/X10_Release/src/GCode.o
                0x080174d4                G_Code_G56
 .text.G_Code_G57
                0x080174f0       0x1c VisualGDB/X10_Release/src/GCode.o
                0x080174f0                G_Code_G57
 .text.G_Code_G58
                0x0801750c       0x1c VisualGDB/X10_Release/src/GCode.o
                0x0801750c                G_Code_G58
 .text.G_Code_G59
                0x08017528       0x1c VisualGDB/X10_Release/src/GCode.o
                0x08017528                G_Code_G59
 .text.SetFixtureOffset
                0x08017544       0x64 VisualGDB/X10_Release/src/GCode.o
                0x08017544                SetFixtureOffset
 .text.G_Code_G70
                0x080175a8       0x18 VisualGDB/X10_Release/src/GCode.o
                0x080175a8                G_Code_G70
 .text.G_Code_G71
                0x080175c0       0x18 VisualGDB/X10_Release/src/GCode.o
                0x080175c0                G_Code_G71
 .text.G_Code_G73
                0x080175d8       0x1c VisualGDB/X10_Release/src/GCode.o
                0x080175d8                G_Code_G73
 .text.G_Code_G74
                0x080175f4       0x18 VisualGDB/X10_Release/src/GCode.o
                0x080175f4                G_Code_G74
 .text.G_Code_G76
                0x0801760c       0x18 VisualGDB/X10_Release/src/GCode.o
                0x0801760c                G_Code_G76
 .text.G_Code_G77
                0x08017624       0x18 VisualGDB/X10_Release/src/GCode.o
                0x08017624                G_Code_G77
 .text.KillCannedCycle
                0x0801763c       0x9c VisualGDB/X10_Release/src/GCode.o
                0x0801763c                KillCannedCycle
 .text.G_Code_G80
                0x080176d8        0xc VisualGDB/X10_Release/src/GCode.o
                0x080176d8                G_Code_G80
 .text.setupDrillCycleParameters
                0x080176e4      0x2a4 VisualGDB/X10_Release/src/GCode.o
                0x080176e4                setupDrillCycleParameters
 .text.validateThreadPitch
                0x08017988       0x58 VisualGDB/X10_Release/src/GCode.o
                0x08017988                validateThreadPitch
 .text.setupDrillTapCannedCycleVersion1
                0x080179e0      0x254 VisualGDB/X10_Release/src/GCode.o
                0x080179e0                setupDrillTapCannedCycleVersion1
 .text.setupDrillTapCannedCycleVersion0
                0x08017c34      0x29c VisualGDB/X10_Release/src/GCode.o
                0x08017c34                setupDrillTapCannedCycleVersion0
 .text.setupDrillTapCannedCycle
                0x08017ed0      0x170 VisualGDB/X10_Release/src/GCode.o
                0x08017ed0                setupDrillTapCannedCycle
 .text.G_Code_G81
                0x08018040       0x1c VisualGDB/X10_Release/src/GCode.o
                0x08018040                G_Code_G81
 .text.G_Code_G82
                0x0801805c       0x1c VisualGDB/X10_Release/src/GCode.o
                0x0801805c                G_Code_G82
 .text.G_Code_G83
                0x08018078       0x1c VisualGDB/X10_Release/src/GCode.o
                0x08018078                G_Code_G83
 .text.G_Code_G84
                0x08018094       0x1c VisualGDB/X10_Release/src/GCode.o
                0x08018094                G_Code_G84
 .text.G_Code_G85
                0x080180b0       0x18 VisualGDB/X10_Release/src/GCode.o
                0x080180b0                G_Code_G85
 .text.G_Code_G90
                0x080180c8       0x18 VisualGDB/X10_Release/src/GCode.o
                0x080180c8                G_Code_G90
 .text.G_Code_G91
                0x080180e0       0x18 VisualGDB/X10_Release/src/GCode.o
                0x080180e0                G_Code_G91
 .text.G_Code_G92
                0x080180f8      0x134 VisualGDB/X10_Release/src/GCode.o
                0x080180f8                G_Code_G92
 .text.G_Code_G93
                0x0801822c        0xc VisualGDB/X10_Release/src/GCode.o
                0x0801822c                G_Code_G93
 .text.G_Code_G214
                0x08018238       0x14 VisualGDB/X10_Release/src/GCode.o
                0x08018238                G_Code_G214
 .text.G_Code_G215
                0x0801824c       0x14 VisualGDB/X10_Release/src/GCode.o
                0x0801824c                G_Code_G215
 .text.initCylStruct
                0x08018260       0x1e VisualGDB/X10_Release/src/GCode.o
                0x08018260                initCylStruct
 *fill*         0x0801827e        0x2 
 .text.G702_getMoveVector
                0x08018280      0x234 VisualGDB/X10_Release/src/GCode.o
                0x08018280                G702_getMoveVector
 .text.makeOdd  0x080184b4       0x3e VisualGDB/X10_Release/src/GCode.o
                0x080184b4                makeOdd
 *fill*         0x080184f2        0x2 
 .text.determineCircumferenceBasedOnZ
                0x080184f4       0x44 VisualGDB/X10_Release/src/GCode.o
                0x080184f4                determineCircumferenceBasedOnZ
 .text.loadExecutionPtrGXYZRotE
                0x08018538      0x190 VisualGDB/X10_Release/src/GCode.o
                0x08018538                loadExecutionPtrGXYZRotE
 .text.ProcessG702CylinderPrint
                0x080186c8      0x348 VisualGDB/X10_Release/src/GCode.o
                0x080186c8                ProcessG702CylinderPrint
 .text.G_Code_G702_1
                0x08018a10      0x170 VisualGDB/X10_Release/src/GCode.o
                0x08018a10                G_Code_G702_1
 .text.cylChangeDir
                0x08018b80       0x30 VisualGDB/X10_Release/src/GCode.o
                0x08018b80                cylChangeDir
 .text.G_Code_G702_0
                0x08018bb0      0xdb4 VisualGDB/X10_Release/src/GCode.o
                0x08018bb0                G_Code_G702_0
 .text.G_Code_G702
                0x08019964       0x4c VisualGDB/X10_Release/src/GCode.o
                0x08019964                G_Code_G702
 .text.NVIC_EnableIRQ
                0x080199b0       0x34 VisualGDB/X10_Release/src/HardwareInit.o
 .text.InitGPIO
                0x080199e4       0x68 VisualGDB/X10_Release/src/HardwareInit.o
                0x080199e4                InitGPIO
 .text.InitUSART3
                0x08019a4c       0x5c VisualGDB/X10_Release/src/HardwareInit.o
                0x08019a4c                InitUSART3
 .text.InitUSART6
                0x08019aa8       0x5c VisualGDB/X10_Release/src/HardwareInit.o
                0x08019aa8                InitUSART6
 .text.InitAllUARTS
                0x08019b04       0x1e VisualGDB/X10_Release/src/HardwareInit.o
                0x08019b04                InitAllUARTS
 *fill*         0x08019b22        0x2 
 .text.CAN_Config
                0x08019b24      0x100 VisualGDB/X10_Release/src/HardwareInit.o
                0x08019b24                CAN_Config
 .text.InitMotorTimer
                0x08019c24      0x228 VisualGDB/X10_Release/src/HardwareInit.o
                0x08019c24                InitMotorTimer
 .text.InitTimer1
                0x08019e4c       0x74 VisualGDB/X10_Release/src/HardwareInit.o
                0x08019e4c                InitTimer1
 .text.InitTim3RpmInput
                0x08019ec0       0x94 VisualGDB/X10_Release/src/HardwareInit.o
                0x08019ec0                InitTim3RpmInput
 .text.ConfigureTimer4PwmOutputsFor0_10V
                0x08019f54       0xa4 VisualGDB/X10_Release/src/HardwareInit.o
                0x08019f54                ConfigureTimer4PwmOutputsFor0_10V
 .text.InitEncoderTimer5
                0x08019ff8       0x94 VisualGDB/X10_Release/src/HardwareInit.o
                0x08019ff8                InitEncoderTimer5
 .text.enableLatheMode
                0x0801a08c       0xc4 VisualGDB/X10_Release/src/HardwareInit.o
                0x0801a08c                enableLatheMode
 .text.disableLatheMode
                0x0801a150       0x48 VisualGDB/X10_Release/src/HardwareInit.o
                0x0801a150                disableLatheMode
 .text.InitTimer6
                0x0801a198       0x74 VisualGDB/X10_Release/src/HardwareInit.o
                0x0801a198                InitTimer6
 .text.InitTimer7
                0x0801a20c       0x78 VisualGDB/X10_Release/src/HardwareInit.o
                0x0801a20c                InitTimer7
 .text.SetCO2LaserPwmFrequency
                0x0801a284       0x94 VisualGDB/X10_Release/src/HardwareInit.o
                0x0801a284                SetCO2LaserPwmFrequency
 .text.InitTimer8
                0x0801a318       0xa0 VisualGDB/X10_Release/src/HardwareInit.o
                0x0801a318                InitTimer8
 .text.DeInitLaser
                0x0801a3b8       0x5c VisualGDB/X10_Release/src/HardwareInit.o
                0x0801a3b8                DeInitLaser
 .text.InitLaser
                0x0801a414      0x13c VisualGDB/X10_Release/src/HardwareInit.o
                0x0801a414                InitLaser
 .text.initializeSpindleStruct
                0x0801a550       0x34 VisualGDB/X10_Release/src/HardwareInit.o
                0x0801a550                initializeSpindleStruct
 .text.initializeInkjetStruct
                0x0801a584       0x24 VisualGDB/X10_Release/src/HardwareInit.o
                0x0801a584                initializeInkjetStruct
 .text.initializeLaserStruct
                0x0801a5a8      0x16c VisualGDB/X10_Release/src/HardwareInit.o
                0x0801a5a8                initializeLaserStruct
 .text.setFlasherVarPtr
                0x0801a714      0x398 VisualGDB/X10_Release/src/HardwareInit.o
                0x0801a714                setFlasherVarPtr
 .text.InitGlobals
                0x0801aaac      0x150 VisualGDB/X10_Release/src/HardwareInit.o
                0x0801aaac                InitGlobals
 .text.getDeviceInitPtr
                0x0801abfc       0x54 VisualGDB/X10_Release/src/headSetup.o
                0x0801abfc                getDeviceInitPtr
 .text.deviceTypeToString
                0x0801ac50       0x58 VisualGDB/X10_Release/src/headSetup.o
                0x0801ac50                deviceTypeToString
 .text.deviceTypeIsADiodeLaser
                0x0801aca8       0x30 VisualGDB/X10_Release/src/headSetup.o
                0x0801aca8                deviceTypeIsADiodeLaser
 .text.deviceTypeIsACO2Laser
                0x0801acd8       0x30 VisualGDB/X10_Release/src/headSetup.o
                0x0801acd8                deviceTypeIsACO2Laser
 .text.devType2DevFamily
                0x0801ad08       0x48 VisualGDB/X10_Release/src/headSetup.o
                0x0801ad08                devType2DevFamily
 .text.deviceSubtypeToString
                0x0801ad50      0x128 VisualGDB/X10_Release/src/headSetup.o
                0x0801ad50                deviceSubtypeToString
 .text.devicePcbToString
                0x0801ae78       0x60 VisualGDB/X10_Release/src/headSetup.o
                0x0801ae78                devicePcbToString
 .text.deviceRtdToString
                0x0801aed8       0x60 VisualGDB/X10_Release/src/headSetup.o
                0x0801aed8                deviceRtdToString
 .text.softwareCodebaseToString
                0x0801af38       0x60 VisualGDB/X10_Release/src/headSetup.o
                0x0801af38                softwareCodebaseToString
 .text.softwareCompileTargetToStringOLD
                0x0801af98       0x78 VisualGDB/X10_Release/src/headSetup.o
                0x0801af98                softwareCompileTargetToStringOLD
 .text.softwareCompileTargetToString
                0x0801b010       0x74 VisualGDB/X10_Release/src/headSetup.o
                0x0801b010                softwareCompileTargetToString
 .text.initSendSwitchFlagsAndMask
                0x0801b084      0x320 VisualGDB/X10_Release/src/headSetup.o
                0x0801b084                initSendSwitchFlagsAndMask
 .text.initSendDefaultSwitchParams
                0x0801b3a4       0xe6 VisualGDB/X10_Release/src/headSetup.o
                0x0801b3a4                initSendDefaultSwitchParams
 *fill*         0x0801b48a        0x2 
 .text.initDeviceFromDeviceTypeInitTable
                0x0801b48c      0x1b8 VisualGDB/X10_Release/src/headSetup.o
                0x0801b48c                initDeviceFromDeviceTypeInitTable
 .text.sendControlRegisterBit
                0x0801b644       0x82 VisualGDB/X10_Release/src/Hydra_can.o
                0x0801b644                sendControlRegisterBit
 .text.sendSetRegisterBit
                0x0801b6c6       0x1e VisualGDB/X10_Release/src/Hydra_can.o
                0x0801b6c6                sendSetRegisterBit
 .text.sendSetSwResetBit
                0x0801b6e4       0x1e VisualGDB/X10_Release/src/Hydra_can.o
                0x0801b6e4                sendSetSwResetBit
 .text.sendSetGlobalSyncBit
                0x0801b702       0x1e VisualGDB/X10_Release/src/Hydra_can.o
                0x0801b702                sendSetGlobalSyncBit
 .text.sendSetStopExtruderBit
                0x0801b720       0x1e VisualGDB/X10_Release/src/Hydra_can.o
                0x0801b720                sendSetStopExtruderBit
 .text.sendSetPauseExtruderBit
                0x0801b73e       0x1e VisualGDB/X10_Release/src/Hydra_can.o
                0x0801b73e                sendSetPauseExtruderBit
 .text.sendSetClearErrorBit
                0x0801b75c       0x1e VisualGDB/X10_Release/src/Hydra_can.o
                0x0801b75c                sendSetClearErrorBit
 .text.sendSetInvertDirectionBit
                0x0801b77a       0x20 VisualGDB/X10_Release/src/Hydra_can.o
                0x0801b77a                sendSetInvertDirectionBit
 .text.sendSetEnableMotorBit
                0x0801b79a       0x2e VisualGDB/X10_Release/src/Hydra_can.o
                0x0801b79a                sendSetEnableMotorBit
 .text.sendSetDisableMotorBit
                0x0801b7c8       0x2e VisualGDB/X10_Release/src/Hydra_can.o
                0x0801b7c8                sendSetDisableMotorBit
 .text.sendSetDebugRtdBit
                0x0801b7f6       0x20 VisualGDB/X10_Release/src/Hydra_can.o
                0x0801b7f6                sendSetDebugRtdBit
 .text.sendSetCommPingBit
                0x0801b816       0x20 VisualGDB/X10_Release/src/Hydra_can.o
                0x0801b816                sendSetCommPingBit
 .text.sendSetStepFromCanbusModeBit
                0x0801b836       0x20 VisualGDB/X10_Release/src/Hydra_can.o
                0x0801b836                sendSetStepFromCanbusModeBit
 .text.sendSetIgnoreWatchdogBit
                0x0801b856       0x20 VisualGDB/X10_Release/src/Hydra_can.o
                0x0801b856                sendSetIgnoreWatchdogBit
 .text.sendSetSendDebugStringsBit
                0x0801b876       0x20 VisualGDB/X10_Release/src/Hydra_can.o
                0x0801b876                sendSetSendDebugStringsBit
 .text.sendInitializeBit
                0x0801b896       0x20 VisualGDB/X10_Release/src/Hydra_can.o
                0x0801b896                sendInitializeBit
 .text.sendClrStopExtruderBit
                0x0801b8b6       0x1e VisualGDB/X10_Release/src/Hydra_can.o
                0x0801b8b6                sendClrStopExtruderBit
 .text.sendClrPauseExtruderBit
                0x0801b8d4       0x1e VisualGDB/X10_Release/src/Hydra_can.o
                0x0801b8d4                sendClrPauseExtruderBit
 .text.sendClrInvertDirectionBit
                0x0801b8f2       0x20 VisualGDB/X10_Release/src/Hydra_can.o
                0x0801b8f2                sendClrInvertDirectionBit
 .text.sendClrDebugRtdBit
                0x0801b912       0x20 VisualGDB/X10_Release/src/Hydra_can.o
                0x0801b912                sendClrDebugRtdBit
 .text.sendClrStepFromCanbusModeBit
                0x0801b932       0x20 VisualGDB/X10_Release/src/Hydra_can.o
                0x0801b932                sendClrStepFromCanbusModeBit
 .text.sendClrIgnoreWatchdogBit
                0x0801b952       0x20 VisualGDB/X10_Release/src/Hydra_can.o
                0x0801b952                sendClrIgnoreWatchdogBit
 .text.sendClrSendDebugStringsBit
                0x0801b972       0x20 VisualGDB/X10_Release/src/Hydra_can.o
                0x0801b972                sendClrSendDebugStringsBit
 .text.canIssueReadRequest
                0x0801b992       0x32 VisualGDB/X10_Release/src/Hydra_can.o
                0x0801b992                canIssueReadRequest
 .text.readDeviceInfoFromDevice
                0x0801b9c4       0x1e VisualGDB/X10_Release/src/Hydra_can.o
                0x0801b9c4                readDeviceInfoFromDevice
 .text.readFlashConfigFromDevice
                0x0801b9e2       0x1e VisualGDB/X10_Release/src/Hydra_can.o
                0x0801b9e2                readFlashConfigFromDevice
 .text.readUniqueIdFromDevice
                0x0801ba00       0x1e VisualGDB/X10_Release/src/Hydra_can.o
                0x0801ba00                readUniqueIdFromDevice
 .text.readAliasListFromDevice
                0x0801ba1e       0x2a VisualGDB/X10_Release/src/Hydra_can.o
                0x0801ba1e                readAliasListFromDevice
 .text.readPageDefinitionFromDevice
                0x0801ba48       0x1e VisualGDB/X10_Release/src/Hydra_can.o
                0x0801ba48                readPageDefinitionFromDevice
 .text.readPageChecksumFromDevice
                0x0801ba66       0x24 VisualGDB/X10_Release/src/Hydra_can.o
                0x0801ba66                readPageChecksumFromDevice
 .text.readControlWordFromDevice
                0x0801ba8a       0x1e VisualGDB/X10_Release/src/Hydra_can.o
                0x0801ba8a                readControlWordFromDevice
 .text.scaleLaserVectorPowerPct
                0x0801baa8       0x34 VisualGDB/X10_Release/src/Hydra_can.o
                0x0801baa8                scaleLaserVectorPowerPct
 .text.sendExtrusionOverridePctToDevice
                0x0801badc       0x94 VisualGDB/X10_Release/src/Hydra_can.o
                0x0801badc                sendExtrusionOverridePctToDevice
 .text.convertFloatPowerPctToUnsignedint